Component: Arm Compiler for Embedded 6.22 Tool: armlink [5ee90200]

==============================================================================

Section Cross References

    startup_stm32f427xx.o(STACK) refers (Special) to heapauxi.o(.text) for __use_two_region_memory
    startup_stm32f427xx.o(HEAP) refers (Special) to heapauxi.o(.text) for __use_two_region_memory
    startup_stm32f427xx.o(RESET) refers (Special) to heapauxi.o(.text) for __use_two_region_memory
    startup_stm32f427xx.o(RESET) refers to startup_stm32f427xx.o(STACK) for __initial_sp
    startup_stm32f427xx.o(RESET) refers to startup_stm32f427xx.o(.text) for Reset_Handler
    startup_stm32f427xx.o(RESET) refers to stm32f4xx_it.o(.text.NMI_Handler) for NMI_Handler
    startup_stm32f427xx.o(RESET) refers to stm32f4xx_it.o(.text.HardFault_Handler) for HardFault_Handler
    startup_stm32f427xx.o(RESET) refers to stm32f4xx_it.o(.text.MemManage_Handler) for MemManage_Handler
    startup_stm32f427xx.o(RESET) refers to stm32f4xx_it.o(.text.BusFault_Handler) for BusFault_Handler
    startup_stm32f427xx.o(RESET) refers to stm32f4xx_it.o(.text.UsageFault_Handler) for UsageFault_Handler
    startup_stm32f427xx.o(RESET) refers to port.o(.text.SVC_Handler) for SVC_Handler
    startup_stm32f427xx.o(RESET) refers to stm32f4xx_it.o(.text.DebugMon_Handler) for DebugMon_Handler
    startup_stm32f427xx.o(RESET) refers to port.o(.text.PendSV_Handler) for PendSV_Handler
    startup_stm32f427xx.o(RESET) refers to port.o(.text.SysTick_Handler) for SysTick_Handler
    startup_stm32f427xx.o(RESET) refers to stm32f4xx_it.o(.text.DMA1_Stream1_IRQHandler) for DMA1_Stream1_IRQHandler
    startup_stm32f427xx.o(RESET) refers to stm32f4xx_it.o(.text.DMA1_Stream3_IRQHandler) for DMA1_Stream3_IRQHandler
    startup_stm32f427xx.o(RESET) refers to stm32f4xx_it.o(.text.DMA1_Stream6_IRQHandler) for DMA1_Stream6_IRQHandler
    startup_stm32f427xx.o(RESET) refers to stm32f4xx_it.o(.text.CAN1_RX0_IRQHandler) for CAN1_RX0_IRQHandler
    startup_stm32f427xx.o(RESET) refers to stm32f4xx_it.o(.text.CAN1_RX1_IRQHandler) for CAN1_RX1_IRQHandler
    startup_stm32f427xx.o(RESET) refers to stm32f4xx_it.o(.text.TIM1_UP_TIM10_IRQHandler) for TIM1_UP_TIM10_IRQHandler
    startup_stm32f427xx.o(RESET) refers to stm32f4xx_it.o(.text.DMA2_Stream1_IRQHandler) for DMA2_Stream1_IRQHandler
    startup_stm32f427xx.o(RESET) refers to stm32f4xx_it.o(.text.CAN2_RX0_IRQHandler) for CAN2_RX0_IRQHandler
    startup_stm32f427xx.o(RESET) refers to stm32f4xx_it.o(.text.CAN2_RX1_IRQHandler) for CAN2_RX1_IRQHandler
    startup_stm32f427xx.o(RESET) refers to stm32f4xx_it.o(.text.DMA2_Stream6_IRQHandler) for DMA2_Stream6_IRQHandler
    startup_stm32f427xx.o(RESET) refers to stm32f4xx_it.o(.text.USART6_IRQHandler) for USART6_IRQHandler
    startup_stm32f427xx.o(RESET) refers to stm32f4xx_it.o(.text.UART7_IRQHandler) for UART7_IRQHandler
    startup_stm32f427xx.o(RESET) refers to stm32f4xx_it.o(.text.UART8_IRQHandler) for UART8_IRQHandler
    startup_stm32f427xx.o(.text) refers (Special) to heapauxi.o(.text) for __use_two_region_memory
    startup_stm32f427xx.o(.text) refers to system_stm32f4xx.o(.text.SystemInit) for SystemInit
    startup_stm32f427xx.o(.text) refers to __main.o(!!!main) for __main
    startup_stm32f427xx.o(.text) refers to startup_stm32f427xx.o(HEAP) for Heap_Mem
    startup_stm32f427xx.o(.text) refers to startup_stm32f427xx.o(STACK) for Stack_Mem
    main.o(.text.main) refers to stm32f4xx_hal.o(.text.HAL_Init) for HAL_Init
    main.o(.text.main) refers to main.o(.text.SystemClock_Config) for SystemClock_Config
    main.o(.text.main) refers to gpio.o(.text.MX_GPIO_Init) for MX_GPIO_Init
    main.o(.text.main) refers to dma.o(.text.MX_DMA_Init) for MX_DMA_Init
    main.o(.text.main) refers to can.o(.text.MX_CAN1_Init) for MX_CAN1_Init
    main.o(.text.main) refers to can.o(.text.MX_CAN2_Init) for MX_CAN2_Init
    main.o(.text.main) refers to usart.o(.text.MX_UART7_Init) for MX_UART7_Init
    main.o(.text.main) refers to usart.o(.text.MX_UART8_Init) for MX_UART8_Init
    main.o(.text.main) refers to usart.o(.text.MX_USART6_UART_Init) for MX_USART6_UART_Init
    main.o(.text.main) refers to tim.o(.text.MX_TIM12_Init) for MX_TIM12_Init
    main.o(.text.main) refers to freertos.o(.text.MX_FREERTOS_Init) for MX_FREERTOS_Init
    main.o(.text.main) refers to cmsis_os.o(.text.osKernelStart) for osKernelStart
    main.o(.ARM.exidx.text.main) refers to main.o(.text.main) for [Anonymous Symbol]
    main.o(.text.SystemClock_Config) refers to rt_memclr_w.o(.text) for __aeabi_memclr4
    main.o(.text.SystemClock_Config) refers to stm32f4xx_hal_rcc.o(.text.HAL_RCC_OscConfig) for HAL_RCC_OscConfig
    main.o(.text.SystemClock_Config) refers to main.o(.text.Error_Handler) for Error_Handler
    main.o(.text.SystemClock_Config) refers to stm32f4xx_hal_pwr_ex.o(.text.HAL_PWREx_EnableOverDrive) for HAL_PWREx_EnableOverDrive
[...]
    Removing event_groups.o(.text.xEventGroupGetBitsFromISR), (58 bytes).
    Removing event_groups.o(.ARM.exidx.text.xEventGroupGetBitsFromISR), (8 bytes).
    Removing event_groups.o(.text.vEventGroupDelete), (106 bytes).
    Removing event_groups.o(.ARM.exidx.text.vEventGroupDelete), (8 bytes).
    Removing event_groups.o(.text.vEventGroupSetBitsCallback), (20 bytes).
    Removing event_groups.o(.ARM.exidx.text.vEventGroupSetBitsCallback), (8 bytes).
    Removing event_groups.o(.text.vEventGroupClearBitsCallback), (20 bytes).
    Removing event_groups.o(.ARM.exidx.text.vEventGroupClearBitsCallback), (8 bytes).
    Removing list.o(.text), (0 bytes).
    Removing list.o(.ARM.exidx.text.vListInitialise), (8 bytes).
    Removing list.o(.ARM.exidx.text.vListInitialiseItem), (8 bytes).
    Removing list.o(.ARM.exidx.text.vListInsertEnd), (8 bytes).
    Removing list.o(.ARM.exidx.text.vListInsert), (8 bytes).
    Removing list.o(.ARM.exidx.text.uxListRemove), (8 bytes).
    Removing queue.o(.text), (0 bytes).
    Removing queue.o(.text.xQueueGenericReset), (186 bytes).
    Removing queue.o(.ARM.exidx.text.xQueueGenericReset), (8 bytes).
    Removing queue.o(.text.xQueueGenericCreateStatic), (270 bytes).
    Removing queue.o(.ARM.exidx.text.xQueueGenericCreateStatic), (8 bytes).
    Removing queue.o(.text.prvInitialiseNewQueue), (62 bytes).
    Removing queue.o(.ARM.exidx.text.prvInitialiseNewQueue), (8 bytes).
    Removing queue.o(.text.xQueueGenericCreate), (116 bytes).
    Removing queue.o(.ARM.exidx.text.xQueueGenericCreate), (8 bytes).
    Removing queue.o(.text.xQueueCreateMutex), (38 bytes).
    Removing queue.o(.ARM.exidx.text.xQueueCreateMutex), (8 bytes).
    Removing queue.o(.text.prvInitialiseMutex), (44 bytes).
    Removing queue.o(.ARM.exidx.text.prvInitialiseMutex), (8 bytes).
    Removing queue.o(.text.xQueueCreateMutexStatic), (50 bytes).
    Removing queue.o(.ARM.exidx.text.xQueueCreateMutexStatic), (8 bytes).
    Removing queue.o(.text.xQueueGenericSend), (556 bytes).
    Removing queue.o(.ARM.exidx.text.xQueueGenericSend), (8 bytes).
    Removing queue.o(.text.prvCopyDataToQueue), (204 bytes).
    Removing queue.o(.ARM.exidx.text.prvCopyDataToQueue), (8 bytes).
    Removing queue.o(.text.prvIsQueueFull), (46 bytes).
    Removing queue.o(.ARM.exidx.text.prvIsQueueFull), (8 bytes).
    Removing queue.o(.text.prvUnlockQueue), (174 bytes).
    Removing queue.o(.ARM.exidx.text.prvUnlockQueue), (8 bytes).
    Removing queue.o(.text.xQueueGenericSendFromISR), (332 bytes).
    Removing queue.o(.ARM.exidx.text.xQueueGenericSendFromISR), (8 bytes).
    Removing queue.o(.text.xQueueGiveFromISR), (292 bytes).
    Removing queue.o(.ARM.exidx.text.xQueueGiveFromISR), (8 bytes).
    Removing queue.o(.text.xQueueReceive), (476 bytes).
    Removing queue.o(.ARM.exidx.text.xQueueReceive), (8 bytes).
    Removing queue.o(.text.prvCopyDataFromQueue), (66 bytes).
    Removing queue.o(.ARM.exidx.text.prvCopyDataFromQueue), (8 bytes).
    Removing queue.o(.text.prvIsQueueEmpty), (40 bytes).
    Removing queue.o(.ARM.exidx.text.prvIsQueueEmpty), (8 bytes).
    Removing queue.o(.text.xQueueSemaphoreTake), (556 bytes).
    Removing queue.o(.ARM.exidx.text.xQueueSemaphoreTake), (8 bytes).
    Removing queue.o(.text.prvGetDisinheritPriorityAfterTimeout), (38 bytes).
    Removing queue.o(.ARM.exidx.text.prvGetDisinheritPriorityAfterTimeout), (8 bytes).
    Removing queue.o(.text.xQueuePeek), (480 bytes).
    Removing queue.o(.ARM.exidx.text.xQueuePeek), (8 bytes).
    Removing queue.o(.text.xQueueReceiveFromISR), (264 bytes).
    Removing queue.o(.ARM.exidx.text.xQueueReceiveFromISR), (8 bytes).
    Removing queue.o(.text.xQueuePeekFromISR), (212 bytes).
    Removing queue.o(.ARM.exidx.text.xQueuePeekFromISR), (8 bytes).
    Removing queue.o(.text.uxQueueMessagesWaiting), (54 bytes).
    Removing queue.o(.ARM.exidx.text.uxQueueMessagesWaiting), (8 bytes).
    Removing queue.o(.text.uxQueueSpacesAvailable), (62 bytes).
    Removing queue.o(.ARM.exidx.text.uxQueueSpacesAvailable), (8 bytes).
    Removing queue.o(.text.uxQueueMessagesWaitingFromISR), (48 bytes).
    Removing queue.o(.ARM.exidx.text.uxQueueMessagesWaitingFromISR), (8 bytes).
    Removing queue.o(.text.vQueueDelete), (68 bytes).
    Removing queue.o(.ARM.exidx.text.vQueueDelete), (8 bytes).
    Removing queue.o(.text.vQueueUnregisterQueue), (84 bytes).
    Removing queue.o(.ARM.exidx.text.vQueueUnregisterQueue), (8 bytes).
    Removing queue.o(.text.xQueueIsQueueEmptyFromISR), (62 bytes).
    Removing queue.o(.ARM.exidx.text.xQueueIsQueueEmptyFromISR), (8 bytes).
    Removing queue.o(.text.xQueueIsQueueFullFromISR), (68 bytes).
    Removing queue.o(.ARM.exidx.text.xQueueIsQueueFullFromISR), (8 bytes).
    Removing queue.o(.text.vQueueAddToRegistry), (82 bytes).
    Removing queue.o(.ARM.exidx.text.vQueueAddToRegistry), (8 bytes).
    Removing queue.o(.text.pcQueueGetName), (80 bytes).
    Removing queue.o(.ARM.exidx.text.pcQueueGetName), (8 bytes).
    Removing queue.o(.bss.xQueueRegistry), (64 bytes).
    Removing stream_buffer.o(.text), (0 bytes).
    Removing stream_buffer.o(.text.xStreamBufferGenericCreate), (192 bytes).
    Removing stream_buffer.o(.ARM.exidx.text.xStreamBufferGenericCreate), (8 bytes).
    Removing stream_buffer.o(.text.prvInitialiseNewStreamBuffer), (118 bytes).
    Removing stream_buffer.o(.ARM.exidx.text.prvInitialiseNewStreamBuffer), (8 bytes).
    Removing stream_buffer.o(.text.xStreamBufferGenericCreateStatic), (268 bytes).
    Removing stream_buffer.o(.ARM.exidx.text.xStreamBufferGenericCreateStatic), (8 bytes).
    Removing stream_buffer.o(.text.vStreamBufferDelete), (88 bytes).
    Removing stream_buffer.o(.ARM.exidx.text.vStreamBufferDelete), (8 bytes).
    Removing stream_buffer.o(.text.xStreamBufferReset), (102 bytes).
    Removing stream_buffer.o(.ARM.exidx.text.xStreamBufferReset), (8 bytes).
    Removing stream_buffer.o(.text.xStreamBufferSetTriggerLevel), (86 bytes).
    Removing stream_buffer.o(.ARM.exidx.text.xStreamBufferSetTriggerLevel), (8 bytes).
    Removing stream_buffer.o(.text.xStreamBufferSpacesAvailable), (94 bytes).
    Removing stream_buffer.o(.ARM.exidx.text.xStreamBufferSpacesAvailable), (8 bytes).
    Removing stream_buffer.o(.text.xStreamBufferBytesAvailable), (52 bytes).
    Removing stream_buffer.o(.ARM.exidx.text.xStreamBufferBytesAvailable), (8 bytes).
    Removing stream_buffer.o(.text.prvBytesInBuffer), (56 bytes).
    Removing stream_buffer.o(.ARM.exidx.text.prvBytesInBuffer), (8 bytes).
    Removing stream_buffer.o(.text.xStreamBufferSend), (384 bytes).
    Removing stream_buffer.o(.ARM.exidx.text.xStreamBufferSend), (8 bytes).
    Removing stream_buffer.o(.text.prvWriteMessageToBuffer), (138 bytes).
    Removing stream_buffer.o(.ARM.exidx.text.prvWriteMessageToBuffer), (8 bytes).
    Removing stream_buffer.o(.text.xStreamBufferSendFromISR), (240 bytes).
    Removing stream_buffer.o(.ARM.exidx.text.xStreamBufferSendFromISR), (8 bytes).
    Removing stream_buffer.o(.text.xStreamBufferReceive), (328 bytes).
    Removing stream_buffer.o(.ARM.exidx.text.xStreamBufferReceive), (8 bytes).
    Removing stream_buffer.o(.text.prvReadMessageFromBuffer), (104 bytes).
    Removing stream_buffer.o(.ARM.exidx.text.prvReadMessageFromBuffer), (8 bytes).
    Removing stream_buffer.o(.text.xStreamBufferNextMessageLengthBytes), (142 bytes).
    Removing stream_buffer.o(.ARM.exidx.text.xStreamBufferNextMessageLengthBytes), (8 bytes).
    Removing stream_buffer.o(.text.prvReadBytesFromBuffer), (290 bytes).
    Removing stream_buffer.o(.ARM.exidx.text.prvReadBytesFromBuffer), (8 bytes).
    Removing stream_buffer.o(.text.xStreamBufferReceiveFromISR), (236 bytes).
    Removing stream_buffer.o(.ARM.exidx.text.xStreamBufferReceiveFromISR), (8 bytes).
    Removing stream_buffer.o(.text.xStreamBufferIsEmpty), (72 bytes).
    Removing stream_buffer.o(.ARM.exidx.text.xStreamBufferIsEmpty), (8 bytes).
    Removing stream_buffer.o(.text.xStreamBufferIsFull), (92 bytes).
    Removing stream_buffer.o(.ARM.exidx.text.xStreamBufferIsFull), (8 bytes).
    Removing stream_buffer.o(.text.xStreamBufferSendCompletedFromISR), (132 bytes).
    Removing stream_buffer.o(.ARM.exidx.text.xStreamBufferSendCompletedFromISR), (8 bytes).
    Removing stream_buffer.o(.text.xStreamBufferReceiveCompletedFromISR), (132 bytes).
    Removing stream_buffer.o(.ARM.exidx.text.xStreamBufferReceiveCompletedFromISR), (8 bytes).
    Removing stream_buffer.o(.text.prvWriteBytesToBuffer), (252 bytes).
    Removing stream_buffer.o(.ARM.exidx.text.prvWriteBytesToBuffer), (8 bytes).
    Removing tasks.o(.text), (0 bytes).
    Removing tasks.o(.ARM.exidx.text.xTaskCreateStatic), (8 bytes).
    Removing tasks.o(.ARM.exidx.text.prvInitialiseNewTask), (8 bytes).
    Removing tasks.o(.ARM.exidx.text.prvAddNewTaskToReadyList), (8 bytes).
    Removing tasks.o(.ARM.exidx.text.xTaskCreate), (8 bytes).
    Removing tasks.o(.text.vTaskDelete), (320 bytes).
    Removing tasks.o(.ARM.exidx.text.vTaskDelete), (8 bytes).
    Removing tasks.o(.ARM.exidx.text.prvDeleteTCB), (8 bytes).
    Removing tasks.o(.ARM.exidx.text.prvResetNextTaskUnblockTime), (8 bytes).
    Removing tasks.o(.ARM.exidx.text.vTaskDelay), (8 bytes).
    Removing tasks.o(.ARM.exidx.text.vTaskSuspendAll), (8 bytes).
    Removing tasks.o(.ARM.exidx.text.prvAddCurrentTaskToDelayedList), (8 bytes).
    Removing tasks.o(.ARM.exidx.text.xTaskResumeAll), (8 bytes).
    Removing tasks.o(.text.uxTaskPriorityGet), (56 bytes).
    Removing tasks.o(.ARM.exidx.text.uxTaskPriorityGet), (8 bytes).
    Removing tasks.o(.text.uxTaskPriorityGetFromISR), (90 bytes).
    Removing tasks.o(.ARM.exidx.text.uxTaskPriorityGetFromISR), (8 bytes).
    Removing tasks.o(.text.vTaskPrioritySet), (422 bytes).
    Removing tasks.o(.ARM.exidx.text.vTaskPrioritySet), (8 bytes).
    Removing tasks.o(.text.vTaskSuspend), (346 bytes).
    Removing tasks.o(.ARM.exidx.text.vTaskSuspend), (8 bytes).
    Removing tasks.o(.ARM.exidx.text.vTaskSwitchContext), (8 bytes).
    Removing tasks.o(.text.vTaskResume), (200 bytes).
    Removing tasks.o(.ARM.exidx.text.vTaskResume), (8 bytes).
    Removing tasks.o(.text.prvTaskIsTaskSuspended), (106 bytes).
    Removing tasks.o(.ARM.exidx.text.prvTaskIsTaskSuspended), (8 bytes).
    Removing tasks.o(.text.xTaskResumeFromISR), (230 bytes).
    Removing tasks.o(.ARM.exidx.text.xTaskResumeFromISR), (8 bytes).
    Removing tasks.o(.ARM.exidx.text.vTaskStartScheduler), (8 bytes).
    Removing tasks.o(.ARM.exidx.text.prvIdleTask), (8 bytes).
    Removing tasks.o(.text.vTaskEndScheduler), (42 bytes).
    Removing tasks.o(.ARM.exidx.text.vTaskEndScheduler), (8 bytes).
    Removing tasks.o(.ARM.exidx.text.xTaskIncrementTick), (8 bytes).
    Removing tasks.o(.text.xTaskGetTickCount), (20 bytes).
    Removing tasks.o(.ARM.exidx.text.xTaskGetTickCount), (8 bytes).
    Removing tasks.o(.text.xTaskGetTickCountFromISR), (30 bytes).
    Removing tasks.o(.ARM.exidx.text.xTaskGetTickCountFromISR), (8 bytes).
    Removing tasks.o(.text.uxTaskGetNumberOfTasks), (12 bytes).
    Removing tasks.o(.ARM.exidx.text.uxTaskGetNumberOfTasks), (8 bytes).
    Removing tasks.o(.text.pcTaskGetName), (70 bytes).
    Removing tasks.o(.ARM.exidx.text.pcTaskGetName), (8 bytes).
    Removing tasks.o(.text.xTaskCatchUpTicks), (78 bytes).
    Removing tasks.o(.ARM.exidx.text.xTaskCatchUpTicks), (8 bytes).
    Removing tasks.o(.text.vTaskPlaceOnEventList), (66 bytes).
    Removing tasks.o(.ARM.exidx.text.vTaskPlaceOnEventList), (8 bytes).
    Removing tasks.o(.text.vTaskPlaceOnUnorderedEventList), (114 bytes).
    Removing tasks.o(.ARM.exidx.text.vTaskPlaceOnUnorderedEventList), (8 bytes).
    Removing tasks.o(.text.xTaskRemoveFromEventList), (194 bytes).
    Removing tasks.o(.ARM.exidx.text.xTaskRemoveFromEventList), (8 bytes).
    Removing tasks.o(.text.vTaskRemoveFromUnorderedEventList), (192 bytes).
    Removing tasks.o(.ARM.exidx.text.vTaskRemoveFromUnorderedEventList), (8 bytes).
    Removing tasks.o(.text.vTaskSetTimeOutState), (74 bytes).
    Removing tasks.o(.ARM.exidx.text.vTaskSetTimeOutState), (8 bytes).
    Removing tasks.o(.text.vTaskInternalSetTimeOutState), (36 bytes).
    Removing tasks.o(.ARM.exidx.text.vTaskInternalSetTimeOutState), (8 bytes).
    Removing tasks.o(.text.xTaskCheckForTimeOut), (204 bytes).
    Removing tasks.o(.ARM.exidx.text.xTaskCheckForTimeOut), (8 bytes).
    Removing tasks.o(.text.vTaskMissedYield), (14 bytes).
    Removing tasks.o(.ARM.exidx.text.vTaskMissedYield), (8 bytes).
    Removing tasks.o(.text.xTaskGetCurrentTaskHandle), (20 bytes).
    Removing tasks.o(.ARM.exidx.text.xTaskGetCurrentTaskHandle), (8 bytes).
    Removing tasks.o(.text.xTaskGetSchedulerState), (56 bytes).
    Removing tasks.o(.ARM.exidx.text.xTaskGetSchedulerState), (8 bytes).
    Removing tasks.o(.text.xTaskPriorityInherit), (282 bytes).
    Removing tasks.o(.ARM.exidx.text.xTaskPriorityInherit), (8 bytes).
    Removing tasks.o(.text.xTaskPriorityDisinherit), (280 bytes).
    Removing tasks.o(.ARM.exidx.text.xTaskPriorityDisinherit), (8 bytes).
    Removing tasks.o(.text.vTaskPriorityDisinheritAfterTimeout), (320 bytes).
    Removing tasks.o(.ARM.exidx.text.vTaskPriorityDisinheritAfterTimeout), (8 bytes).
    Removing tasks.o(.text.uxTaskResetEventItemValue), (34 bytes).
    Removing tasks.o(.ARM.exidx.text.uxTaskResetEventItemValue), (8 bytes).
    Removing tasks.o(.text.pvTaskIncrementMutexHeldCount), (44 bytes).
    Removing tasks.o(.ARM.exidx.text.pvTaskIncrementMutexHeldCount), (8 bytes).
    Removing tasks.o(.text.ulTaskNotifyTake), (186 bytes).
    Removing tasks.o(.ARM.exidx.text.ulTaskNotifyTake), (8 bytes).
    Removing tasks.o(.text.xTaskNotifyWait), (214 bytes).
    Removing tasks.o(.ARM.exidx.text.xTaskNotifyWait), (8 bytes).
    Removing tasks.o(.text.xTaskGenericNotify), (364 bytes).
    Removing tasks.o(.ARM.exidx.text.xTaskGenericNotify), (8 bytes).
    Removing tasks.o(.text.xTaskGenericNotifyFromISR), (440 bytes).
    Removing tasks.o(.ARM.exidx.text.xTaskGenericNotifyFromISR), (8 bytes).
    Removing tasks.o(.text.vTaskNotifyGiveFromISR), (300 bytes).
    Removing tasks.o(.ARM.exidx.text.vTaskNotifyGiveFromISR), (8 bytes).
    Removing tasks.o(.text.xTaskNotifyStateClear), (82 bytes).
    Removing tasks.o(.ARM.exidx.text.xTaskNotifyStateClear), (8 bytes).
    Removing tasks.o(.text.ulTaskNotifyValueClear), (76 bytes).
    Removing tasks.o(.ARM.exidx.text.ulTaskNotifyValueClear), (8 bytes).
    Removing tasks.o(.ARM.exidx.text.prvInitialiseTaskLists), (8 bytes).
    Removing tasks.o(.ARM.exidx.text.prvCheckTasksWaitingTermination), (8 bytes).
    Removing timers.o(.text), (0 bytes).
    Removing cmsis_os.o(.text), (0 bytes).
    Removing cmsis_os.o(.ARM.exidx.text.osKernelStart), (8 bytes).
    Removing cmsis_os.o(.text.osKernelRunning), (32 bytes).
    Removing cmsis_os.o(.ARM.exidx.text.osKernelRunning), (8 bytes).
    Removing cmsis_os.o(.text.osKernelSysTick), (34 bytes).
    Removing cmsis_os.o(.ARM.exidx.text.osKernelSysTick), (8 bytes).
    Removing cmsis_os.o(.text.inHandlerMode), (20 bytes).
    Removing cmsis_os.o(.ARM.exidx.text.inHandlerMode), (8 bytes).
    Removing cmsis_os.o(.ARM.exidx.text.osThreadCreate), (8 bytes).
    Removing cmsis_os.o(.ARM.exidx.text.makeFreeRtosPriority), (8 bytes).
    Removing cmsis_os.o(.text.osThreadGetId), (8 bytes).
    Removing cmsis_os.o(.ARM.exidx.text.osThreadGetId), (8 bytes).
    Removing cmsis_os.o(.text.osThreadTerminate), (18 bytes).
    Removing cmsis_os.o(.ARM.exidx.text.osThreadTerminate), (8 bytes).
    Removing cmsis_os.o(.text.osThreadYield), (26 bytes).
    Removing cmsis_os.o(.ARM.exidx.text.osThreadYield), (8 bytes).
    Removing cmsis_os.o(.text.osThreadSetPriority), (36 bytes).
    Removing cmsis_os.o(.ARM.exidx.text.osThreadSetPriority), (8 bytes).
    Removing cmsis_os.o(.text.osThreadGetPriority), (54 bytes).
    Removing cmsis_os.o(.ARM.exidx.text.osThreadGetPriority), (8 bytes).
    Removing cmsis_os.o(.text.makeCmsisPriority), (36 bytes).
    Removing cmsis_os.o(.ARM.exidx.text.makeCmsisPriority), (8 bytes).
    Removing cmsis_os.o(.ARM.exidx.text.osDelay), (8 bytes).
    Removing cmsis_os.o(.text.osTimerCreate), (16 bytes).
    Removing cmsis_os.o(.ARM.exidx.text.osTimerCreate), (8 bytes).
    Removing cmsis_os.o(.text.osTimerStart), (20 bytes).
    Removing cmsis_os.o(.ARM.exidx.text.osTimerStart), (8 bytes).
    Removing cmsis_os.o(.text.osTimerStop), (18 bytes).
    Removing cmsis_os.o(.ARM.exidx.text.osTimerStop), (8 bytes).
    Removing cmsis_os.o(.text.osTimerDelete), (18 bytes).
    Removing cmsis_os.o(.ARM.exidx.text.osTimerDelete), (8 bytes).
    Removing cmsis_os.o(.text.osSignalSet), (126 bytes).
    Removing cmsis_os.o(.ARM.exidx.text.osSignalSet), (8 bytes).
    Removing cmsis_os.o(.text.osSignalWait), (160 bytes).
    Removing cmsis_os.o(.ARM.exidx.text.osSignalWait), (8 bytes).
    Removing cmsis_os.o(.text.osMutexCreate), (44 bytes).
    Removing cmsis_os.o(.ARM.exidx.text.osMutexCreate), (8 bytes).
    Removing cmsis_os.o(.text.osMutexWait), (166 bytes).
    Removing cmsis_os.o(.ARM.exidx.text.osMutexWait), (8 bytes).
    Removing cmsis_os.o(.text.osMutexRelease), (110 bytes).
    Removing cmsis_os.o(.ARM.exidx.text.osMutexRelease), (8 bytes).
    Removing cmsis_os.o(.text.osMutexDelete), (38 bytes).
    Removing cmsis_os.o(.ARM.exidx.text.osMutexDelete), (8 bytes).
    Removing cmsis_os.o(.text.osSemaphoreCreate), (112 bytes).
    Removing cmsis_os.o(.ARM.exidx.text.osSemaphoreCreate), (8 bytes).
    Removing cmsis_os.o(.text.osSemaphoreWait), (166 bytes).
    Removing cmsis_os.o(.ARM.exidx.text.osSemaphoreWait), (8 bytes).
    Removing cmsis_os.o(.text.osSemaphoreRelease), (110 bytes).
    Removing cmsis_os.o(.ARM.exidx.text.osSemaphoreRelease), (8 bytes).
    Removing cmsis_os.o(.text.osSemaphoreDelete), (38 bytes).
    Removing cmsis_os.o(.ARM.exidx.text.osSemaphoreDelete), (8 bytes).
    Removing cmsis_os.o(.text.osPoolCreate), (180 bytes).
    Removing cmsis_os.o(.ARM.exidx.text.osPoolCreate), (8 bytes).
    Removing cmsis_os.o(.text.osPoolAlloc), (180 bytes).
    Removing cmsis_os.o(.ARM.exidx.text.osPoolAlloc), (8 bytes).
    Removing cmsis_os.o(.text.osPoolCAlloc), (34 bytes).
    Removing cmsis_os.o(.ARM.exidx.text.osPoolCAlloc), (8 bytes).
    Removing cmsis_os.o(.text.osPoolFree), (132 bytes).
    Removing cmsis_os.o(.ARM.exidx.text.osPoolFree), (8 bytes).
    Removing cmsis_os.o(.text.osMessageCreate), (74 bytes).
    Removing cmsis_os.o(.ARM.exidx.text.osMessageCreate), (8 bytes).
    Removing cmsis_os.o(.text.osMessagePut), (132 bytes).
    Removing cmsis_os.o(.ARM.exidx.text.osMessagePut), (8 bytes).
    Removing cmsis_os.o(.text.osMessageGet), (210 bytes).
    Removing cmsis_os.o(.ARM.exidx.text.osMessageGet), (8 bytes).
    Removing cmsis_os.o(.text.osMailCreate), (166 bytes).
    Removing cmsis_os.o(.ARM.exidx.text.osMailCreate), (8 bytes).
    Removing cmsis_os.o(.text.osMailAlloc), (42 bytes).
    Removing cmsis_os.o(.ARM.exidx.text.osMailAlloc), (8 bytes).
    Removing cmsis_os.o(.text.osMailCAlloc), (70 bytes).
    Removing cmsis_os.o(.ARM.exidx.text.osMailCAlloc), (8 bytes).
    Removing cmsis_os.o(.text.osMailPut), (130 bytes).
    Removing cmsis_os.o(.ARM.exidx.text.osMailPut), (8 bytes).
    Removing cmsis_os.o(.text.osMailGet), (210 bytes).
    Removing cmsis_os.o(.ARM.exidx.text.osMailGet), (8 bytes).
    Removing cmsis_os.o(.text.osMailFree), (40 bytes).
    Removing cmsis_os.o(.ARM.exidx.text.osMailFree), (8 bytes).
    Removing cmsis_os.o(.text.osSystickHandler), (20 bytes).
    Removing cmsis_os.o(.ARM.exidx.text.osSystickHandler), (8 bytes).
    Removing cmsis_os.o(.text.osThreadSuspend), (18 bytes).
    Removing cmsis_os.o(.ARM.exidx.text.osThreadSuspend), (8 bytes).
    Removing cmsis_os.o(.text.osThreadResume), (66 bytes).
    Removing cmsis_os.o(.ARM.exidx.text.osThreadResume), (8 bytes).
    Removing cmsis_os.o(.text.osThreadSuspendAll), (10 bytes).
    Removing cmsis_os.o(.ARM.exidx.text.osThreadSuspendAll), (8 bytes).
    Removing cmsis_os.o(.text.osThreadResumeAll), (32 bytes).
    Removing cmsis_os.o(.ARM.exidx.text.osThreadResumeAll), (8 bytes).
    Removing cmsis_os.o(.text.osDelayUntil), (12 bytes).
    Removing cmsis_os.o(.ARM.exidx.text.osDelayUntil), (8 bytes).
    Removing cmsis_os.o(.text.osAbortDelay), (10 bytes).
    Removing cmsis_os.o(.ARM.exidx.text.osAbortDelay), (8 bytes).
    Removing cmsis_os.o(.text.osThreadList), (10 bytes).
    Removing cmsis_os.o(.ARM.exidx.text.osThreadList), (8 bytes).
    Removing cmsis_os.o(.text.osMessagePeek), (128 bytes).
    Removing cmsis_os.o(.ARM.exidx.text.osMessagePeek), (8 bytes).
    Removing cmsis_os.o(.text.osMessageWaiting), (40 bytes).
    Removing cmsis_os.o(.ARM.exidx.text.osMessageWaiting), (8 bytes).
    Removing cmsis_os.o(.text.osMessageAvailableSpace), (16 bytes).
    Removing cmsis_os.o(.ARM.exidx.text.osMessageAvailableSpace), (8 bytes).
    Removing cmsis_os.o(.text.osMessageDelete), (38 bytes).
    Removing cmsis_os.o(.ARM.exidx.text.osMessageDelete), (8 bytes).
    Removing cmsis_os.o(.text.osRecursiveMutexCreate), (10 bytes).
    Removing cmsis_os.o(.ARM.exidx.text.osRecursiveMutexCreate), (8 bytes).
    Removing cmsis_os.o(.text.osRecursiveMutexRelease), (10 bytes).
    Removing cmsis_os.o(.ARM.exidx.text.osRecursiveMutexRelease), (8 bytes).
    Removing cmsis_os.o(.text.osRecursiveMutexWait), (12 bytes).
    Removing cmsis_os.o(.ARM.exidx.text.osRecursiveMutexWait), (8 bytes).
    Removing cmsis_os.o(.text.osSemaphoreGetCount), (16 bytes).
    Removing cmsis_os.o(.ARM.exidx.text.osSemaphoreGetCount), (8 bytes).
    Removing heap_4.o(.text), (0 bytes).
    Removing heap_4.o(.ARM.exidx.text.pvPortMalloc), (8 bytes).
    Removing heap_4.o(.ARM.exidx.text.prvHeapInit), (8 bytes).
    Removing heap_4.o(.ARM.exidx.text.prvInsertBlockIntoFreeList), (8 bytes).
    Removing heap_4.o(.ARM.exidx.text.vPortFree), (8 bytes).
    Removing heap_4.o(.text.xPortGetFreeHeapSize), (12 bytes).
    Removing heap_4.o(.ARM.exidx.text.xPortGetFreeHeapSize), (8 bytes).
    Removing heap_4.o(.text.xPortGetMinimumEverFreeHeapSize), (12 bytes).
    Removing heap_4.o(.ARM.exidx.text.xPortGetMinimumEverFreeHeapSize), (8 bytes).
    Removing heap_4.o(.text.vPortInitialiseBlocks), (2 bytes).
    Removing heap_4.o(.ARM.exidx.text.vPortInitialiseBlocks), (8 bytes).
    Removing heap_4.o(.text.vPortGetHeapStats), (206 bytes).
    Removing heap_4.o(.ARM.exidx.text.vPortGetHeapStats), (8 bytes).
    Removing port.o(.text), (0 bytes).
    Removing port.o(.ARM.exidx.text.pxPortInitialiseStack), (8 bytes).
    Removing port.o(.ARM.exidx.text.prvTaskExitError), (8 bytes).
    Removing port.o(.ARM.exidx.text.SVC_Handler), (8 bytes).
    Removing port.o(.ARM.exidx.text.xPortStartScheduler), (8 bytes).
    Removing port.o(.ARM.exidx.text.vPortSetupTimerInterrupt), (8 bytes).
    Removing port.o(.ARM.exidx.text.vPortEnableVFP), (8 bytes).
    Removing port.o(.ARM.exidx.text.prvPortStartFirstTask), (8 bytes).
    Removing port.o(.text.vPortEndScheduler), (46 bytes).
    Removing port.o(.ARM.exidx.text.vPortEndScheduler), (8 bytes).
    Removing port.o(.ARM.exidx.text.vPortEnterCritical), (8 bytes).
    Removing port.o(.ARM.exidx.text.vPortExitCritical), (8 bytes).
    Removing port.o(.ARM.exidx.text.PendSV_Handler), (8 bytes).
    Removing port.o(.ARM.exidx.text.SysTick_Handler), (8 bytes).
    Removing port.o(.text.vPortValidateInterruptPriority), (132 bytes).
    Removing port.o(.ARM.exidx.text.vPortValidateInterruptPriority), (8 bytes).
    Removing uart_hal.o(.text), (0 bytes).
    Removing uart_bus.o(.text), (0 bytes).
    Removing uart_bus.o(.ARM.exidx.text._ZN3HAL4UART21get_uart_bus_instanceEv), (8 bytes).
    Removing uart_bus_1.o(.text), (0 bytes).
    Removing uart_device.o(.text), (0 bytes).
    Removing uart_bus_impl.o(.text), (0 bytes).
    Removing uart_bus_impl.o(.ARM.exidx.text._ZN3HAL4UART7UartBus8instanceEv), (8 bytes).
    Removing uart_bus_impl.o(.ARM.exidx.text._ZN3HAL4UART7UartBus4initEv), (8 bytes).
    Removing uart_bus_impl.o(.ARM.exidx.text._ZN3HAL4UART7UartBusC2Ev), (8 bytes).
    Removing uart_bus_impl.o(.ARM.exidx.text._ZN3HAL4UART7UartBus15register_deviceENS0_12UartDeviceIdEPNS0_10UartDeviceE), (8 bytes).
    Removing uart_bus_impl.o(.ARM.exidx.text._ZN3HAL4UART7UartBus10get_deviceENS0_12UartDeviceIdE), (8 bytes).
    Removing uart_bus_impl.o(.ARM.exidx.text._ZNK3HAL4UART7UartBus10has_deviceENS0_12UartDeviceIdE), (8 bytes).
    Removing uart_bus_impl_1.o(.text), (0 bytes).
    Removing uart_device_impl.o(.text), (0 bytes).
    Removing uart_device_impl.o(.ARM.exidx.text._ZN3HAL4UART10UartDeviceC2EP20__UART_HandleTypeDef), (8 bytes).
    Removing uart_device_impl.o(.ARM.exidx.text._ZN3HAL4UART10UartDevice4initEv), (8 bytes).
    Removing uart_device_impl.o(.ARM.exidx.text._ZN3HAL4UART10UartDevice5startEv), (8 bytes).
    Removing uart_device_impl.o(.ARM.exidx.text._ZN3HAL4UART10UartDevice8transmitERKNS0_4DataE), (8 bytes).
    Removing uart_device_impl.o(.ARM.exidx.text._ZN3HAL4UART10UartDevice7receiveERNS0_4DataE), (8 bytes).
    Removing uart_device_impl.o(.ARM.exidx.text._ZN3HAL4UART10UartDevice13transmit_byteEh), (8 bytes).
    Removing uart_device_impl.o(.ARM.exidx.text._ZN3HAL4UART10UartDevice12receive_byteERh), (8 bytes).
    Removing uart_device_impl.o(.ARM.exidx.text._ZN3HAL4UART10UartDevice12transmit_dmaERKNS0_4DataE), (8 bytes).
    Removing uart_device_impl.o(.ARM.exidx.text._ZN3HAL4UART10UartDevice11receive_dmaERNS0_4DataE), (8 bytes).
    Removing uart_device_impl.o(.ARM.exidx.text._ZN3HAL4UART10UartDevice16receive_dma_idleERNS0_4DataE), (8 bytes).
    Removing uart_device_impl.o(.ARM.exidx.text._ZN3HAL4UART10UartDevice20register_rx_callbackENSt3__28functionIFvRKNS0_4DataEEEE), (8 bytes).
    Removing uart_device_impl.o(.ARM.exidx.text._ZN3HAL4UART10UartDevice20trigger_rx_callbacksERKNS0_4DataE), (8 bytes).
    Removing uart_device_impl.o(.ARM.exidx.text._ZN3HAL4UART10UartDevice15clear_ore_errorERNS0_4DataE), (8 bytes).
    Removing uart_device_impl.o(.ARM.exidx.text._ZNK3HAL4UART10UartDevice10get_handleEv), (8 bytes).
    Removing uart_device_impl_1.o(.text), (0 bytes).
    Removing can_hal.o(.text), (0 bytes).
    Removing can_bus.o(.text), (0 bytes).
    Removing can_bus.o(.ARM.exidx.text._ZN3HAL3CAN20get_can_bus_instanceEv), (8 bytes).
    Removing can_bus_1.o(.text), (0 bytes).
    Removing can_device.o(.text), (0 bytes).
    Removing can_device.o(.text._ZN3HAL3CAN10ICanDevice10extract_idERK19CAN_RxHeaderTypeDef), (34 bytes).
    Removing can_device.o(.ARM.exidx.text._ZN3HAL3CAN10ICanDevice10extract_idERK19CAN_RxHeaderTypeDef), (8 bytes).
    Removing can_device_1.o(.text), (0 bytes).
    Removing can_bus_impl.o(.text), (0 bytes).
    Removing can_bus_impl.o(.ARM.exidx.text._ZN3HAL3CAN6CanBus8instanceEv), (8 bytes).
    Removing can_bus_impl.o(.ARM.exidx.text._ZN3HAL3CAN6CanBus4initEv), (8 bytes).
    Removing can_bus_impl.o(.ARM.exidx.text._ZN3HAL3CAN6CanBusC2Ev), (8 bytes).
    Removing can_bus_impl.o(.ARM.exidx.text._ZN3HAL3CAN6CanBus15register_deviceENS0_11CanDeviceIdEPNS0_9CanDeviceE), (8 bytes).
    Removing can_bus_impl.o(.ARM.exidx.text._ZN3HAL3CAN6CanBus10get_deviceENS0_11CanDeviceIdE), (8 bytes).
    Removing can_bus_impl.o(.ARM.exidx.text._ZNK3HAL3CAN6CanBus10has_deviceENS0_11CanDeviceIdE), (8 bytes).
    Removing can_bus_impl_1.o(.text), (0 bytes).
    Removing can_device_impl.o(.text), (0 bytes).
    Removing can_device_impl.o(.ARM.exidx.text._ZN3HAL3CAN9CanDeviceC2EP17CAN_HandleTypeDefjj), (8 bytes).
    Removing can_device_impl.o(.ARM.exidx.text._ZN3HAL3CAN9CanDevice4initEv), (8 bytes).
    Removing can_device_impl.o(.ARM.exidx.text._ZN3HAL3CAN9CanDevice16configure_filterEv), (8 bytes).
    Removing can_device_impl.o(.ARM.exidx.text._ZN3HAL3CAN9CanDevice5startEv), (8 bytes).
    Removing can_device_impl.o(.ARM.exidx.text._ZN3HAL3CAN9CanDevice4sendERKNS0_5FrameE), (8 bytes).
    Removing can_device_impl.o(.ARM.exidx.text._ZN3HAL3CAN9CanDevice7receiveERNS0_5FrameE), (8 bytes).
    Removing can_device_impl.o(.ARM.exidx.text._ZNK3HAL3CAN9CanDevice10get_handleEv), (8 bytes).
    Removing can_device_impl.o(.ARM.exidx.text._ZN3HAL3CAN9CanDevice20register_rx_callbackENSt3__28functionIFvRKNS0_5FrameEEEE), (8 bytes).
    Removing can_device_impl.o(.ARM.exidx.text._ZN3HAL3CAN9CanDevice20trigger_rx_callbacksERKNS0_5FrameE), (8 bytes).
    Removing can_device_impl_1.o(.text), (0 bytes).
    Removing dt7.o(.text), (0 bytes).
    Removing dt7_1.o(.text), (0 bytes).
    Removing dt7_1.o(.ARM.exidx.text._ZN3BSP14REMOTE_CONTROL16RemoteController9parseDataEPKh), (8 bytes).
    Removing dt7_1.o(.ARM.exidx.text._ZNK3BSP14REMOTE_CONTROL16RemoteController15mapChannelValueEt), (8 bytes).
    Removing dt7_1.o(.ARM.exidx.text._ZNK3BSP14REMOTE_CONTROL16RemoteController11extractBitsEPKhjh), (8 bytes).
    Removing dt7_1.o(.ARM.exidx.text._ZNK3BSP14REMOTE_CONTROL16RemoteController13extract16BitsEhh), (8 bytes).
    Removing dt7_1.o(.ARM.exidx.text._ZN3BSP14REMOTE_CONTROLL12discreteAxisEss), (8 bytes).
    Removing dt7_1.o(.ARM.exidx.text._ZNK3BSP14REMOTE_CONTROL16RemoteController11extractBoolEh), (8 bytes).
    Removing motorbase.o(.text), (0 bytes).
    Removing lk_motor.o(.text), (0 bytes).
    Removing dmmotor.o(.text), (0 bytes).
    Removing djimotor.o(.text), (0 bytes).
    Removing hi12_imu.o(.text), (0 bytes).
    Removing hi12base.o(.text), (0 bytes).
    Removing buzzer.o(.text), (0 bytes).
    Removing buzzer_manager.o(.text), (0 bytes).
    Removing buzzer_manager.o(.ARM.exidx.text._ZN3BSP11WATCH_STATE19BuzzerManagerSimple11getInstanceEv), (8 bytes).
    Removing buzzer_manager.o(.ARM.exidx.text._ZN3BSP11WATCH_STATE19BuzzerManagerSimpleC2Ev), (8 bytes).
    Removing buzzer_manager.o(.ARM.exidx.text._ZN3BSP11WATCH_STATE19BuzzerManagerSimple4initEv), (8 bytes).
    Removing buzzer_manager.o(.ARM.exidx.text._ZN3BSP11WATCH_STATE19BuzzerManagerSimple16requestMotorRingEh), (8 bytes).
    Removing buzzer_manager.o(.ARM.exidx.text._ZN3BSP11WATCH_STATE19BuzzerManagerSimple17requestRemoteRingEv), (8 bytes).
    Removing buzzer_manager.o(.ARM.exidx.text._ZN3BSP11WATCH_STATE19BuzzerManagerSimple24requestCommunicationRingEv), (8 bytes).
    Removing buzzer_manager.o(.ARM.exidx.text._ZN3BSP11WATCH_STATE19BuzzerManagerSimple14requestIMURingEv), (8 bytes).
    Removing buzzer_manager.o(.ARM.exidx.text._ZN3BSP11WATCH_STATE19BuzzerManagerSimple6updateEv), (8 bytes).
    Removing buzzer_manager.o(.ARM.exidx.text._ZN3BSP11WATCH_STATE19BuzzerManagerSimple11processRingEh), (8 bytes).
    Removing buzzer_manager.o(.ARM.exidx.text._ZN3BSP11WATCH_STATE19BuzzerManagerSimple13controlBuzzerEb), (8 bytes).
    Removing buzzer_manager_1.o(.text), (0 bytes).
    Removing state_watch.o(.text), (0 bytes).
    Removing state_watch.o(.ARM.exidx.text._ZN3BSP11WATCH_STATE10StateWatch10UpdateTimeEv), (8 bytes).
    Removing state_watch.o(.ARM.exidx.text._ZN3BSP11WATCH_STATE10StateWatch14UpdateLastTimeEv), (8 bytes).
    Removing state_watch.o(.ARM.exidx.text._ZN3BSP11WATCH_STATE10StateWatch11CheckStatusEv), (8 bytes).
    Removing state_watch_1.o(.text), (0 bytes).
    Removing adrc.o(.text), (0 bytes).
    Removing adrc.o(.ARM.exidx.text._ZN3ALG4ADRC10FirstLADRC7LADRC_1Eff), (8 bytes).
    Removing adrc.o(.ARM.exidx.text._ZN3ALG4ADRC10FirstLADRC6LESO_1Ef), (8 bytes).
    Removing adrc.o(.ARM.exidx.text._ZN3ALG4ADRC10FirstLADRC6LSEF_1Ef), (8 bytes).
    Removing adrc.o(.text._ZN3ALG4ADRC11SecondLADRC7LADRC_2Eff), (88 bytes).
    Removing adrc.o(.ARM.exidx.text._ZN3ALG4ADRC11SecondLADRC7LADRC_2Eff), (8 bytes).
    Removing adrc.o(.text._ZN3ALG4ADRC11SecondLADRC4TD_2Ef), (138 bytes).
    Removing adrc.o(.ARM.exidx.text._ZN3ALG4ADRC11SecondLADRC4TD_2Ef), (8 bytes).
    Removing adrc.o(.text._ZN3ALG4ADRC11SecondLADRC6LESO_2Ef), (306 bytes).
    Removing adrc.o(.ARM.exidx.text._ZN3ALG4ADRC11SecondLADRC6LESO_2Ef), (8 bytes).
    Removing adrc.o(.text._ZN3ALG4ADRC11SecondLADRC6LSEF_2Ev), (146 bytes).
    Removing adrc.o(.ARM.exidx.text._ZN3ALG4ADRC11SecondLADRC6LSEF_2Ev), (8 bytes).
    Removing adrc_1.o(.text), (0 bytes).
    Removing adrcbase.o(.text), (0 bytes).
    Removing pid.o(.text), (0 bytes).
    Removing pid.o(.ARM.exidx.text._ZN3ALG3PID3PIDC2Effffff), (8 bytes).
    Removing pid.o(.ARM.exidx.text._ZN3ALG3PID3PID6UpDateEff), (8 bytes).
    Removing pid_1.o(.text), (0 bytes).
    Removing callback.o(.text), (0 bytes).
    Removing callback.o(.ARM.exidx.text.HAL_CAN_RxFifo0MsgPendingCallback), (8 bytes).
    Removing callback.o(.ARM.exidx.text.HAL_CAN_RxFifo1MsgPendingCallback), (8 bytes).
    Removing callback.o(.ARM.exidx.text.HAL_UARTEx_RxEventCallback), (8 bytes).
    Removing communicationtask.o(.text), (0 bytes).
    Removing communicationtask.o(.ARM.exidx.text.__cxx_global_var_init), (8 bytes).
    Removing communicationtask.o(.ARM.exidx.text.__cxx_global_var_init.1), (8 bytes).
    Removing communicationtask.o(.ARM.exidx.text._Z22BoardCommunicationInitv), (8 bytes).
    Removing communicationtask.o(.ARM.exidx.text._ZNSt3__28functionIFvRKN3HAL4UART4DataEEEC2IZ22BoardCommunicationInitvE3$_0vEET_), (8 bytes).
    Removing communicationtask.o(.text._Z9vofa_sendffffff), (76 bytes).
    Removing communicationtask.o(.ARM.exidx.text._Z9vofa_sendffffff), (8 bytes).
    Removing communicationtask.o(.ARM.exidx.text._Z20BoardCommunicationTXv), (8 bytes).
    Removing communicationtask.o(.ARM.exidx.text.communication), (8 bytes).
    Removing communicationtask.o(.ARM.exidx.text._ZNSt3__210__function13__policy_funcIFvRKN3HAL4UART4DataEEEC2B8nn190000IZ22BoardCommunicationInitvE3$_0TnNS_9enable_ifIXntsr7is_sameIu7__decayIT_ES8_EE5valueEiE4typeELi0EEEOSC_), (8 bytes).
    Removing communicationtask.o(.ARM.exidx.text._ZNSt3__210__function10__not_nullB8nn190000IZ22BoardCommunicationInitvE3$_0EEbRKT_), (8 bytes).
    Removing communicationtask.o(.ARM.exidx.text._ZNSt3__210__function16__policy_invokerIFvRKN3HAL4UART4DataEEE8__createB8nn190000INS0_20__default_alloc_funcIZ22BoardCommunicationInitvE3$_0S7_EEEES8_v), (8 bytes).
    Removing communicationtask.o(.ARM.exidx.text._ZNSt3__210__function8__policy8__createB8nn190000INS0_20__default_alloc_funcIZ22BoardCommunicationInitvE3$_0FvRKN3HAL4UART4DataEEEEEEPKS1_v), (8 bytes).
    Removing communicationtask.o(.ARM.exidx.text._ZNSt3__210__function20__default_alloc_funcIZ22BoardCommunicationInitvE3$_0FvRKN3HAL4UART4DataEEEC2B8nn190000EOS2_), (8 bytes).
    Removing communicationtask.o(.ARM.exidx.text._ZNSt3__210__function16__policy_invokerIFvRKN3HAL4UART4DataEEE11__call_implB8nn190000INS0_20__default_alloc_funcIZ22BoardCommunicationInitvE3$_0S7_EEEEvPKNS0_16__policy_storageES6_), (8 bytes).
    Removing communicationtask.o(.ARM.exidx.text._ZNSt3__210__function20__default_alloc_funcIZ22BoardCommunicationInitvE3$_0FvRKN3HAL4UART4DataEEEclB8nn190000ES7_), (8 bytes).
    Removing communicationtask.o(.ARM.exidx.text._ZNSt3__228__invoke_void_return_wrapperIvLb1EE6__callB8nn190000IJRZ22BoardCommunicationInitvE3$_0RKN3HAL4UART4DataEEEEvDpOT_), (8 bytes).
    Removing communicationtask.o(.ARM.exidx.text._ZNSt3__28__invokeB8nn190000IRZ22BoardCommunicationInitvE3$_0JRKN3HAL4UART4DataEEEEDTclclsr3stdE7declvalIT_EEspclsr3stdE7declvalIT0_EEEEOS8_DpOS9_), (8 bytes).
    Removing communicationtask.o(.ARM.exidx.text._ZZ22BoardCommunicationInitvENK3$_0clERKN3HAL4UART4DataE), (8 bytes).
    Removing communicationtask.o(.ARM.exidx.text._ZNSt3__210__function8__policy15__choose_policyB8nn190000INS0_20__default_alloc_funcIZ22BoardCommunicationInitvE3$_0FvRKN3HAL4UART4DataEEEEEEPKS1_NS_17integral_constantIbLb1EEE), (8 bytes).
    Removing communicationtask.o(.ARM.exidx.text._GLOBAL__sub_I_CommunicationTask.cpp), (8 bytes).
    Removing communicationtask.o(.bss.send_str2), (32 bytes).
    Removing communicationtask.o(.rodata.str1.1), (53 bytes).
    Removing communicationtask_1.o(.text), (0 bytes).
    Removing controltask.o(.text), (0 bytes).
    Removing controltask.o(.ARM.exidx.text.__cxx_global_var_init), (8 bytes).
    Removing controltask.o(.ARM.exidx.text.__cxx_global_var_init.1), (8 bytes).
    Removing controltask.o(.ARM.exidx.text.__cxx_global_var_init.2), (8 bytes).
    Removing controltask.o(.ARM.exidx.text.__cxx_global_var_init.3), (8 bytes).
    Removing controltask.o(.ARM.exidx.text.__cxx_global_var_init.4), (8 bytes).
    Removing controltask.o(.ARM.exidx.text.__cxx_global_var_init.5), (8 bytes).
    Removing controltask.o(.ARM.exidx.text.__cxx_global_var_init.6), (8 bytes).
    Removing controltask.o(.ARM.exidx.text.__cxx_global_var_init.7), (8 bytes).
    Removing controltask.o(.ARM.exidx.text.__cxx_global_var_init.8), (8 bytes).
    Removing controltask.o(.ARM.exidx.text._Z15gimbal_fsm_initv), (8 bytes).
    Removing controltask.o(.ARM.exidx.text._Z12check_onlinev), (8 bytes).
    Removing controltask.o(.ARM.exidx.text._Z16Settarget_gimbalv), (8 bytes).
    Removing controltask.o(.ARM.exidx.text._Z11gimbal_stopv), (8 bytes).
    Removing controltask.o(.ARM.exidx.text._Z13gimbal_manualv), (8 bytes).
    Removing controltask.o(.ARM.exidx.text._Z13gimbal_visionv), (8 bytes).
    Removing controltask.o(.ARM.exidx.text._Z16main_loop_gimbalhhb), (8 bytes).
    Removing controltask.o(.text._Z16Settarget_launchv), (60 bytes).
    Removing controltask.o(.ARM.exidx.text._Z16Settarget_launchv), (8 bytes).
    Removing controltask.o(.text._Z11launch_stopv), (78 bytes).
    Removing controltask.o(.ARM.exidx.text._Z11launch_stopv), (8 bytes).
    Removing controltask.o(.text._Z16launch_ceasefirev), (180 bytes).
    Removing controltask.o(.ARM.exidx.text._Z16launch_ceasefirev), (8 bytes).
    Removing controltask.o(.text._Z16launch_rapidfirev), (200 bytes).
    Removing controltask.o(.ARM.exidx.text._Z16launch_rapidfirev), (8 bytes).
    Removing controltask.o(.text._Z17launch_singalshotv), (200 bytes).
    Removing controltask.o(.ARM.exidx.text._Z17launch_singalshotv), (8 bytes).
    Removing controltask.o(.text._Z16main_loop_launchhhb), (112 bytes).
    Removing controltask.o(.ARM.exidx.text._Z16main_loop_launchhhb), (8 bytes).
    Removing controltask.o(.ARM.exidx.text.control), (8 bytes).
    Removing controltask.o(.ARM.exidx.text._GLOBAL__sub_I_ControlTask.cpp), (8 bytes).
    Removing controltask.o(.rodata.cst8), (16 bytes).
    Removing controltask_1.o(.text), (0 bytes).
    Removing imutask.o(.text), (0 bytes).
    Removing imutask.o(.ARM.exidx.text.__cxx_global_var_init), (8 bytes).
    Removing imutask.o(.ARM.exidx.text._Z7ImuInitv), (8 bytes).
    Removing imutask.o(.ARM.exidx.text._ZNSt3__28functionIFvRKN3HAL4UART4DataEEEC2IZ7ImuInitvE3$_0vEET_), (8 bytes).
    Removing imutask.o(.ARM.exidx.text.imu), (8 bytes).
    Removing imutask.o(.ARM.exidx.text._ZNSt3__210__function13__policy_funcIFvRKN3HAL4UART4DataEEEC2B8nn190000IZ7ImuInitvE3$_0TnNS_9enable_ifIXntsr7is_sameIu7__decayIT_ES8_EE5valueEiE4typeELi0EEEOSC_), (8 bytes).
    Removing imutask.o(.ARM.exidx.text._ZNSt3__210__function10__not_nullB8nn190000IZ7ImuInitvE3$_0EEbRKT_), (8 bytes).
    Removing imutask.o(.ARM.exidx.text._ZNSt3__210__function16__policy_invokerIFvRKN3HAL4UART4DataEEE8__createB8nn190000INS0_20__default_alloc_funcIZ7ImuInitvE3$_0S7_EEEES8_v), (8 bytes).
    Removing imutask.o(.ARM.exidx.text._ZNSt3__210__function8__policy8__createB8nn190000INS0_20__default_alloc_funcIZ7ImuInitvE3$_0FvRKN3HAL4UART4DataEEEEEEPKS1_v), (8 bytes).
    Removing imutask.o(.ARM.exidx.text._ZNSt3__210__function20__default_alloc_funcIZ7ImuInitvE3$_0FvRKN3HAL4UART4DataEEEC2B8nn190000EOS2_), (8 bytes).
    Removing imutask.o(.ARM.exidx.text._ZNSt3__210__function16__policy_invokerIFvRKN3HAL4UART4DataEEE11__call_implB8nn190000INS0_20__default_alloc_funcIZ7ImuInitvE3$_0S7_EEEEvPKNS0_16__policy_storageES6_), (8 bytes).
    Removing imutask.o(.ARM.exidx.text._ZNSt3__210__function20__default_alloc_funcIZ7ImuInitvE3$_0FvRKN3HAL4UART4DataEEEclB8nn190000ES7_), (8 bytes).
    Removing imutask.o(.ARM.exidx.text._ZNSt3__228__invoke_void_return_wrapperIvLb1EE6__callB8nn190000IJRZ7ImuInitvE3$_0RKN3HAL4UART4DataEEEEvDpOT_), (8 bytes).
    Removing imutask.o(.ARM.exidx.text._ZNSt3__28__invokeB8nn190000IRZ7ImuInitvE3$_0JRKN3HAL4UART4DataEEEEDTclclsr3stdE7declvalIT_EEspclsr3stdE7declvalIT0_EEEEOS8_DpOS9_), (8 bytes).
    Removing imutask.o(.ARM.exidx.text._ZZ7ImuInitvENK3$_0clERKN3HAL4UART4DataE), (8 bytes).
    Removing imutask.o(.ARM.exidx.text._ZNSt3__210__function8__policy15__choose_policyB8nn190000INS0_20__default_alloc_funcIZ7ImuInitvE3$_0FvRKN3HAL4UART4DataEEEEEEPKS1_NS_17integral_constantIbLb1EEE), (8 bytes).
    Removing imutask.o(.ARM.exidx.text._GLOBAL__sub_I_ImuTask.cpp), (8 bytes).
    Removing imutask.o(.rodata.str1.1), (53 bytes).
    Removing imutask_1.o(.text), (0 bytes).
    Removing motortask.o(.text), (0 bytes).
    Removing motortask.o(.ARM.exidx.text.__cxx_global_var_init), (8 bytes).
    Removing motortask.o(.ARM.exidx.text.__cxx_global_var_init.1), (8 bytes).
    Removing motortask.o(.ARM.exidx.text.__cxx_global_var_init.2), (8 bytes).
    Removing motortask.o(.ARM.exidx.text.__cxx_global_var_init.3), (8 bytes).
    Removing motortask.o(.ARM.exidx.text._Z9MotorInitv), (8 bytes).
    Removing motortask.o(.ARM.exidx.text._ZNSt3__28functionIFvRKN3HAL3CAN5FrameEEEC2IZ9MotorInitvE3$_0vEET_), (8 bytes).
    Removing motortask.o(.ARM.exidx.text._ZNSt3__28functionIFvRKN3HAL3CAN5FrameEEEC2IZ9MotorInitvE3$_1vEET_), (8 bytes).
    Removing motortask.o(.ARM.exidx.text.motor), (8 bytes).
    Removing motortask.o(.ARM.exidx.text._ZL19motor_control_logicv), (8 bytes).
    Removing motortask.o(.ARM.exidx.text._ZNSt3__210__function13__policy_funcIFvRKN3HAL3CAN5FrameEEEC2B8nn190000IZ9MotorInitvE3$_0TnNS_9enable_ifIXntsr7is_sameIu7__decayIT_ES8_EE5valueEiE4typeELi0EEEOSC_), (8 bytes).
    Removing motortask.o(.ARM.exidx.text._ZNSt3__210__function10__not_nullB8nn190000IZ9MotorInitvE3$_0EEbRKT_), (8 bytes).
    Removing motortask.o(.ARM.exidx.text._ZNSt3__210__function16__policy_invokerIFvRKN3HAL3CAN5FrameEEE8__createB8nn190000INS0_20__default_alloc_funcIZ9MotorInitvE3$_0S7_EEEES8_v), (8 bytes).
    Removing motortask.o(.ARM.exidx.text._ZNSt3__210__function8__policy8__createB8nn190000INS0_20__default_alloc_funcIZ9MotorInitvE3$_0FvRKN3HAL3CAN5FrameEEEEEEPKS1_v), (8 bytes).
    Removing motortask.o(.ARM.exidx.text._ZNSt3__210__function20__default_alloc_funcIZ9MotorInitvE3$_0FvRKN3HAL3CAN5FrameEEEC2B8nn190000EOS2_), (8 bytes).
    Removing motortask.o(.ARM.exidx.text._ZNSt3__210__function16__policy_invokerIFvRKN3HAL3CAN5FrameEEE11__call_implB8nn190000INS0_20__default_alloc_funcIZ9MotorInitvE3$_0S7_EEEEvPKNS0_16__policy_storageES6_), (8 bytes).
    Removing motortask.o(.ARM.exidx.text._ZNSt3__210__function20__default_alloc_funcIZ9MotorInitvE3$_0FvRKN3HAL3CAN5FrameEEEclB8nn190000ES7_), (8 bytes).
    Removing motortask.o(.ARM.exidx.text._ZNSt3__228__invoke_void_return_wrapperIvLb1EE6__callB8nn190000IJRZ9MotorInitvE3$_0RKN3HAL3CAN5FrameEEEEvDpOT_), (8 bytes).
    Removing motortask.o(.ARM.exidx.text._ZNSt3__28__invokeB8nn190000IRZ9MotorInitvE3$_0JRKN3HAL3CAN5FrameEEEEDTclclsr3stdE7declvalIT_EEspclsr3stdE7declvalIT0_EEEEOS8_DpOS9_), (8 bytes).
    Removing motortask.o(.ARM.exidx.text._ZZ9MotorInitvENK3$_0clERKN3HAL3CAN5FrameE), (8 bytes).
    Removing motortask.o(.ARM.exidx.text._ZNSt3__210__function8__policy15__choose_policyB8nn190000INS0_20__default_alloc_funcIZ9MotorInitvE3$_0FvRKN3HAL3CAN5FrameEEEEEEPKS1_NS_17integral_constantIbLb1EEE), (8 bytes).
    Removing motortask.o(.ARM.exidx.text._ZNSt3__210__function13__policy_funcIFvRKN3HAL3CAN5FrameEEEC2B8nn190000IZ9MotorInitvE3$_1TnNS_9enable_ifIXntsr7is_sameIu7__decayIT_ES8_EE5valueEiE4typeELi0EEEOSC_), (8 bytes).
    Removing motortask.o(.ARM.exidx.text._ZNSt3__210__function10__not_nullB8nn190000IZ9MotorInitvE3$_1EEbRKT_), (8 bytes).
    Removing motortask.o(.ARM.exidx.text._ZNSt3__210__function16__policy_invokerIFvRKN3HAL3CAN5FrameEEE8__createB8nn190000INS0_20__default_alloc_funcIZ9MotorInitvE3$_1S7_EEEES8_v), (8 bytes).
    Removing motortask.o(.ARM.exidx.text._ZNSt3__210__function8__policy8__createB8nn190000INS0_20__default_alloc_funcIZ9MotorInitvE3$_1FvRKN3HAL3CAN5FrameEEEEEEPKS1_v), (8 bytes).
    Removing motortask.o(.ARM.exidx.text._ZNSt3__210__function20__default_alloc_funcIZ9MotorInitvE3$_1FvRKN3HAL3CAN5FrameEEEC2B8nn190000EOS2_), (8 bytes).
    Removing motortask.o(.ARM.exidx.text._ZNSt3__210__function16__policy_invokerIFvRKN3HAL3CAN5FrameEEE11__call_implB8nn190000INS0_20__default_alloc_funcIZ9MotorInitvE3$_1S7_EEEEvPKNS0_16__policy_storageES6_), (8 bytes).
    Removing motortask.o(.ARM.exidx.text._ZNSt3__210__function20__default_alloc_funcIZ9MotorInitvE3$_1FvRKN3HAL3CAN5FrameEEEclB8nn190000ES7_), (8 bytes).
    Removing motortask.o(.ARM.exidx.text._ZNSt3__228__invoke_void_return_wrapperIvLb1EE6__callB8nn190000IJRZ9MotorInitvE3$_1RKN3HAL3CAN5FrameEEEEvDpOT_), (8 bytes).
    Removing motortask.o(.ARM.exidx.text._ZNSt3__28__invokeB8nn190000IRZ9MotorInitvE3$_1JRKN3HAL3CAN5FrameEEEEDTclclsr3stdE7declvalIT_EEspclsr3stdE7declvalIT0_EEEEOS8_DpOS9_), (8 bytes).
    Removing motortask.o(.ARM.exidx.text._ZZ9MotorInitvENK3$_1clERKN3HAL3CAN5FrameE), (8 bytes).
    Removing motortask.o(.ARM.exidx.text._ZNSt3__210__function8__policy15__choose_policyB8nn190000INS0_20__default_alloc_funcIZ9MotorInitvE3$_1FvRKN3HAL3CAN5FrameEEEEEEPKS1_NS_17integral_constantIbLb1EEE), (8 bytes).
    Removing motortask.o(.ARM.exidx.text._GLOBAL__sub_I_MotorTask.cpp), (8 bytes).
    Removing motortask.o(.rodata.str1.1), (53 bytes).
    Removing motortask_1.o(.text), (0 bytes).
    Removing new.cpp.o(.text), (0 bytes).
    Removing new.cpp.o(.ARM.exidx__lcxx_override), (32 bytes).
    Removing new.cpp.o(.ARM.exidx.text._ZL17operator_new_implj), (8 bytes).
    Removing new.cpp.o(.text._ZnwjRKSt9nothrow_t), (38 bytes).
    Removing new.cpp.o(.ARM.exidx.text._ZnwjRKSt9nothrow_t), (8 bytes).
    Removing new.cpp.o(.text._ZnajRKSt9nothrow_t), (38 bytes).
    Removing new.cpp.o(.ARM.exidx.text._ZnajRKSt9nothrow_t), (8 bytes).
    Removing new.cpp.o(.ARM.exidx.text._ZdlPv), (8 bytes).
    Removing new.cpp.o(.text._ZdlPvRKSt9nothrow_t), (4 bytes).
    Removing new.cpp.o(.ARM.exidx.text._ZdlPvRKSt9nothrow_t), (8 bytes).
    Removing new.cpp.o(.ARM.exidx.text._ZdlPvj), (8 bytes).
    Removing new.cpp.o(.text._ZdaPv), (4 bytes).
    Removing new.cpp.o(.ARM.exidx.text._ZdaPv), (8 bytes).
    Removing new.cpp.o(.text._ZdaPvRKSt9nothrow_t), (4 bytes).
    Removing new.cpp.o(.ARM.exidx.text._ZdaPvRKSt9nothrow_t), (8 bytes).
    Removing new.cpp.o(.text._ZdaPvj), (4 bytes).
    Removing new.cpp.o(.ARM.exidx.text._ZdaPvj), (8 bytes).
    Removing new.cpp.o(.ARM.exidx.text._ZL25operator_new_aligned_impljSt11align_val_t), (8 bytes).
    Removing new.cpp.o(.text._ZnwjSt11align_val_tRKSt9nothrow_t), (38 bytes).
    Removing new.cpp.o(.ARM.exidx.text._ZnwjSt11align_val_tRKSt9nothrow_t), (8 bytes).
    Removing new.cpp.o(.text._ZnajSt11align_val_tRKSt9nothrow_t), (38 bytes).
    Removing new.cpp.o(.ARM.exidx.text._ZnajSt11align_val_tRKSt9nothrow_t), (8 bytes).
    Removing new.cpp.o(.ARM.exidx.text._ZdlPvSt11align_val_t), (8 bytes).
    Removing new.cpp.o(.text._ZdlPvSt11align_val_tRKSt9nothrow_t), (4 bytes).
    Removing new.cpp.o(.ARM.exidx.text._ZdlPvSt11align_val_tRKSt9nothrow_t), (8 bytes).
    Removing new.cpp.o(.ARM.exidx.text._ZdlPvjSt11align_val_t), (8 bytes).
    Removing new.cpp.o(.text._ZdaPvSt11align_val_t), (4 bytes).
    Removing new.cpp.o(.ARM.exidx.text._ZdaPvSt11align_val_t), (8 bytes).
    Removing new.cpp.o(.text._ZdaPvSt11align_val_tRKSt9nothrow_t), (4 bytes).
    Removing new.cpp.o(.ARM.exidx.text._ZdaPvSt11align_val_tRKSt9nothrow_t), (8 bytes).
    Removing new.cpp.o(.text._ZdaPvjSt11align_val_t), (6 bytes).
    Removing new.cpp.o(.ARM.exidx.text._ZdaPvjSt11align_val_t), (8 bytes).
    Removing verbose_abort.cpp.o(.text), (0 bytes).
    Removing verbose_abort.cpp.o(.ARM.exidx.text._ZNSt3__222__libcpp_verbose_abortEPKcz), (8 bytes).
    Removing cxa_guard.cpp.o(.text), (0 bytes).
    Removing cxa_guard.cpp.o(.ARM.exidx.text.unlikely.__cxa_guard_acquire), (8 bytes).
    Removing cxa_guard.cpp.o(.ARM.exidx.text.unlikely.__cxa_guard_release), (8 bytes).
    Removing cxa_guard.cpp.o(.text.unlikely.__cxa_guard_abort), (6 bytes).
    Removing cxa_guard.cpp.o(.ARM.exidx.text.unlikely.__cxa_guard_abort), (8 bytes).
    Removing cxa_virtual.cpp.o(.text), (0 bytes).
    Removing cxa_virtual.cpp.o(.ARM.exidx.text.__cxa_pure_virtual), (8 bytes).
    Removing cxa_virtual.cpp.o(.text.__cxa_deleted_virtual), (44 bytes).
    Removing cxa_virtual.cpp.o(.ARM.exidx.text.__cxa_deleted_virtual), (8 bytes).
    Removing new_helpers.cpp.o(.text), (0 bytes).
    Removing new_helpers.cpp.o(.ARM.exidx.text._ZSt17__throw_bad_allocv), (8 bytes).
    Removing new_helpers.cpp.o(.rodata._ZSt7nothrow), (1 bytes).
    Removing abort_message.cpp.o(.text), (0 bytes).
    Removing abort_message.cpp.o(.ARM.exidx.text.abort_message), (8 bytes).
    Removing cxa_handlers.cpp.o(.text), (0 bytes).
    Removing cxa_handlers.cpp.o(.text._ZSt14get_unexpectedv), (12 bytes).
    Removing cxa_handlers.cpp.o(.ARM.exidx.text._ZSt14get_unexpectedv), (8 bytes).
    Removing cxa_handlers.cpp.o(.text._ZSt12__unexpectedPFvvE), (52 bytes).
    Removing cxa_handlers.cpp.o(.ARM.exidx.text._ZSt12__unexpectedPFvvE), (8 bytes).
    Removing cxa_handlers.cpp.o(.text._ZSt10unexpectedv), (14 bytes).
    Removing cxa_handlers.cpp.o(.ARM.exidx.text._ZSt10unexpectedv), (8 bytes).
    Removing cxa_handlers.cpp.o(.text._ZSt13get_terminatev), (12 bytes).
    Removing cxa_handlers.cpp.o(.ARM.exidx.text._ZSt13get_terminatev), (8 bytes).
    Removing cxa_handlers.cpp.o(.text._ZSt11__terminatePFvvE), (48 bytes).
    Removing cxa_handlers.cpp.o(.ARM.exidx.text._ZSt11__terminatePFvvE), (8 bytes).
    Removing cxa_handlers.cpp.o(.text._ZSt9terminatev), (14 bytes).
    Removing cxa_handlers.cpp.o(.ARM.exidx.text._ZSt9terminatev), (8 bytes).
    Removing cxa_handlers.cpp.o(.ARM.exidx.text._ZSt15get_new_handlerv), (8 bytes).
    Removing cxa_default_handlers.cpp.o(.text), (0 bytes).
    Removing cxa_default_handlers.cpp.o(.text._ZSt14set_unexpectedPFvvE), (30 bytes).
    Removing cxa_default_handlers.cpp.o(.ARM.exidx.text._ZSt14set_unexpectedPFvvE), (8 bytes).
    Removing cxa_default_handlers.cpp.o(.text._ZSt13set_terminatePFvvE), (30 bytes).
    Removing cxa_default_handlers.cpp.o(.ARM.exidx.text._ZSt13set_terminatePFvvE), (8 bytes).
    Removing cxa_default_handlers.cpp.o(.text._ZSt15set_new_handlerPFvvE), (18 bytes).
    Removing cxa_default_handlers.cpp.o(.ARM.exidx.text._ZSt15set_new_handlerPFvvE), (8 bytes).
    Removing cxa_default_handlers.cpp.o(.data.__cxa_terminate_handler), (4 bytes).
    Removing cxa_default_handlers.cpp.o(.data.__cxa_unexpected_handler), (4 bytes).
    Removing uart_bus_impl.o(.ARM.exidx.text._ZN3HAL4UART7UartBusD2Ev), (8 bytes).
    Removing uart_bus_impl.o(.ARM.exidx.text._ZN3HAL4UART8IUartBusC2Ev), (8 bytes).
    Removing uart_bus_impl.o(.ARM.exidx.text._ZN3HAL4UART7UartBusD0Ev), (8 bytes).
    Removing uart_bus_impl.o(.ARM.exidx.text._ZN3HAL4UART10UartDeviceD2Ev), (8 bytes).
    Removing uart_bus_impl.o(.ARM.exidx.text._ZNSt3__26vectorINS_8functionIFvRKN3HAL4UART4DataEEEENS_9allocatorIS8_EEED2B8nn190000Ev), (8 bytes).
    Removing uart_bus_impl.o(.ARM.exidx.text._ZN3HAL4UART11IUartDeviceD2Ev), (8 bytes).
    Removing uart_bus_impl.o(.ARM.exidx.text._ZNSt3__26vectorINS_8functionIFvRKN3HAL4UART4DataEEEENS_9allocatorIS8_EEE16__destroy_vectorC2B8nn190000ERSB_), (8 bytes).
    Removing uart_bus_impl.o(.ARM.exidx.text._ZNSt3__26vectorINS_8functionIFvRKN3HAL4UART4DataEEEENS_9allocatorIS8_EEE16__destroy_vectorclB8nn190000Ev), (8 bytes).
    Removing uart_bus_impl.o(.ARM.exidx.text._ZNSt3__26vectorINS_8functionIFvRKN3HAL4UART4DataEEEENS_9allocatorIS8_EEE7__clearB8nn190000Ev), (8 bytes).
    Removing uart_bus_impl.o(.ARM.exidx.text._ZNKSt3__26vectorINS_8functionIFvRKN3HAL4UART4DataEEEENS_9allocatorIS8_EEE17__annotate_deleteB8nn190000Ev), (8 bytes).
    Removing uart_bus_impl.o(.ARM.exidx.text._ZNSt3__216allocator_traitsINS_9allocatorINS_8functionIFvRKN3HAL4UART4DataEEEEEEE10deallocateB8nn190000ERSA_PS9_j), (8 bytes).
    Removing uart_bus_impl.o(.ARM.exidx.text._ZNSt3__26vectorINS_8functionIFvRKN3HAL4UART4DataEEEENS_9allocatorIS8_EEE7__allocB8nn190000Ev), (8 bytes).
    Removing uart_bus_impl.o(.ARM.exidx.text._ZNKSt3__26vectorINS_8functionIFvRKN3HAL4UART4DataEEEENS_9allocatorIS8_EEE8capacityB8nn190000Ev), (8 bytes).
    Removing uart_bus_impl.o(.ARM.exidx.text._ZNSt3__26vectorINS_8functionIFvRKN3HAL4UART4DataEEEENS_9allocatorIS8_EEE22__base_destruct_at_endB8nn190000EPS8_), (8 bytes).
    Removing uart_bus_impl.o(.ARM.exidx.text._ZNSt3__216allocator_traitsINS_9allocatorINS_8functionIFvRKN3HAL4UART4DataEEEEEEE7destroyB8nn190000IS9_vEEvRSA_PT_), (8 bytes).
    Removing uart_bus_impl.o(.ARM.exidx.text._ZNSt3__212__to_addressB8nn190000INS_8functionIFvRKN3HAL4UART4DataEEEEEEPT_SA_), (8 bytes).
    Removing uart_bus_impl.o(.ARM.exidx.text._ZNSt3__29allocatorINS_8functionIFvRKN3HAL4UART4DataEEEEE7destroyB8nn190000EPS8_), (8 bytes).
    Removing uart_bus_impl.o(.ARM.exidx.text._ZNSt3__28functionIFvRKN3HAL4UART4DataEEED2Ev), (8 bytes).
    Removing uart_bus_impl.o(.ARM.exidx.text._ZNSt3__210__function13__policy_funcIFvRKN3HAL4UART4DataEEED2B8nn190000Ev), (8 bytes).
    Removing uart_bus_impl.o(.ARM.exidx.text._ZNSt3__29allocatorINS_8functionIFvRKN3HAL4UART4DataEEEEE10deallocateB8nn190000EPS8_j), (8 bytes).
    Removing uart_bus_impl.o(.ARM.exidx.text._ZNSt3__219__libcpp_deallocateB8nn190000EPvjj), (8 bytes).
    Removing uart_bus_impl.o(.ARM.exidx.text._ZNSt3__224__is_overaligned_for_newB8nn190000Ej), (8 bytes).
    Removing uart_bus_impl.o(.ARM.exidx.text._ZNSt3__227__do_deallocate_handle_sizeB8nn190000IJSt11align_val_tEEEvPvjDpT_), (8 bytes).
    Removing uart_bus_impl.o(.ARM.exidx.text._ZNSt3__227__do_deallocate_handle_sizeB8nn190000IJEEEvPvjDpT_), (8 bytes).
    Removing uart_bus_impl.o(.ARM.exidx.text._ZNSt3__224__libcpp_operator_deleteB8nn190000IJPvjSt11align_val_tEEEvDpT_), (8 bytes).
    Removing uart_bus_impl.o(.ARM.exidx.text._ZNSt3__224__libcpp_operator_deleteB8nn190000IJPvjEEEvDpT_), (8 bytes).
    Removing uart_bus_impl.o(.ARM.exidx.text._ZNSt3__217__compressed_pairIPNS_8functionIFvRKN3HAL4UART4DataEEEENS_9allocatorIS8_EEE6secondB8nn190000Ev), (8 bytes).
    Removing uart_bus_impl.o(.ARM.exidx.text._ZNSt3__222__compressed_pair_elemINS_9allocatorINS_8functionIFvRKN3HAL4UART4DataEEEEEELi1ELb1EE5__getB8nn190000Ev), (8 bytes).
    Removing uart_bus_impl.o(.ARM.exidx.text._ZNKSt3__26vectorINS_8functionIFvRKN3HAL4UART4DataEEEENS_9allocatorIS8_EEE9__end_capB8nn190000Ev), (8 bytes).
    Removing uart_bus_impl.o(.ARM.exidx.text._ZNKSt3__217__compressed_pairIPNS_8functionIFvRKN3HAL4UART4DataEEEENS_9allocatorIS8_EEE5firstB8nn190000Ev), (8 bytes).
    Removing uart_bus_impl.o(.ARM.exidx.text._ZNKSt3__222__compressed_pair_elemIPNS_8functionIFvRKN3HAL4UART4DataEEEELi0ELb0EE5__getB8nn190000Ev), (8 bytes).
    Removing uart_bus_impl.o(.ARM.exidx.text._ZN3HAL4UART8IUartBusD2Ev), (8 bytes).
    Removing uart_bus_impl.o(.ARM.exidx.text._ZN3HAL4UART8IUartBusD0Ev), (8 bytes).
    Removing uart_device_impl.o(.ARM.exidx.text._ZN3HAL4UART11IUartDeviceC2Ev), (8 bytes).
    Removing uart_device_impl.o(.ARM.exidx.text._ZNSt3__26vectorINS_8functionIFvRKN3HAL4UART4DataEEEENS_9allocatorIS8_EEEC2B8nn190000Ev), (8 bytes).
    Removing uart_device_impl.o(.ARM.exidx.text._ZNKSt3__28functionIFvRKN3HAL4UART4DataEEEcvbB8nn190000Ev), (8 bytes).
    Removing uart_device_impl.o(.ARM.exidx.text._ZNSt3__26vectorINS_8functionIFvRKN3HAL4UART4DataEEEENS_9allocatorIS8_EEE9push_backB8nn190000ERKS8_), (8 bytes).
    Removing uart_device_impl.o(.ARM.exidx.text._ZNSt3__26vectorINS_8functionIFvRKN3HAL4UART4DataEEEENS_9allocatorIS8_EEE5beginB8nn190000Ev), (8 bytes).
    Removing uart_device_impl.o(.ARM.exidx.text._ZNSt3__26vectorINS_8functionIFvRKN3HAL4UART4DataEEEENS_9allocatorIS8_EEE3endB8nn190000Ev), (8 bytes).
    Removing uart_device_impl.o(.ARM.exidx.text._ZNSt3__2neB8nn190000IPNS_8functionIFvRKN3HAL4UART4DataEEEEEEbRKNS_11__wrap_iterIT_EESE_), (8 bytes).
    Removing uart_device_impl.o(.ARM.exidx.text._ZNKSt3__211__wrap_iterIPNS_8functionIFvRKN3HAL4UART4DataEEEEEdeB8nn190000Ev), (8 bytes).
    Removing uart_device_impl.o(.ARM.exidx.text._ZNKSt3__28functionIFvRKN3HAL4UART4DataEEEclES5_), (8 bytes).
    Removing uart_device_impl.o(.ARM.exidx.text._ZNSt3__211__wrap_iterIPNS_8functionIFvRKN3HAL4UART4DataEEEEEppB8nn190000Ev), (8 bytes).
    Removing uart_device_impl.o(.ARM.exidx.text._ZN3HAL4UART10UartDeviceD0Ev), (8 bytes).
    Removing uart_device_impl.o(.ARM.exidx.text._ZN3HAL4UART11IUartDeviceD0Ev), (8 bytes).
    Removing uart_device_impl.o(.ARM.exidx.text._ZNSt3__2eqB8nn190000IPNS_8functionIFvRKN3HAL4UART4DataEEEEEEbRKNS_11__wrap_iterIT_EESE_), (8 bytes).
    Removing uart_device_impl.o(.ARM.exidx.text._ZNKSt3__211__wrap_iterIPNS_8functionIFvRKN3HAL4UART4DataEEEEE4baseB8nn190000Ev), (8 bytes).
    Removing uart_device_impl.o(.ARM.exidx.text._ZNSt3__217__compressed_pairIPNS_8functionIFvRKN3HAL4UART4DataEEEENS_9allocatorIS8_EEEC2B8nn190000IDnNS_18__default_init_tagEEEOT_OT0_), (8 bytes).
    Removing uart_device_impl.o(.ARM.exidx.text._ZNSt3__222__compressed_pair_elemIPNS_8functionIFvRKN3HAL4UART4DataEEEELi0ELb0EEC2B8nn190000IDnvEEOT_), (8 bytes).
    Removing uart_device_impl.o(.ARM.exidx.text._ZNSt3__222__compressed_pair_elemINS_9allocatorINS_8functionIFvRKN3HAL4UART4DataEEEEEELi1ELb1EEC2B8nn190000ENS_18__default_init_tagE), (8 bytes).
    Removing uart_device_impl.o(.ARM.exidx.text._ZNSt3__29allocatorINS_8functionIFvRKN3HAL4UART4DataEEEEEC2B8nn190000Ev), (8 bytes).
    Removing uart_device_impl.o(.ARM.exidx.text._ZNSt3__216__non_trivial_ifILb1ENS_9allocatorINS_8functionIFvRKN3HAL4UART4DataEEEEEEEC2B8nn190000Ev), (8 bytes).
    Removing uart_device_impl.o(.ARM.exidx.text._ZNKSt3__210__function13__policy_funcIFvRKN3HAL4UART4DataEEEcvbB8nn190000Ev), (8 bytes).
    Removing uart_device_impl.o(.ARM.exidx.text._ZNSt3__26vectorINS_8functionIFvRKN3HAL4UART4DataEEEENS_9allocatorIS8_EEE9__end_capB8nn190000Ev), (8 bytes).
    Removing uart_device_impl.o(.ARM.exidx.text._ZNSt3__26vectorINS_8functionIFvRKN3HAL4UART4DataEEEENS_9allocatorIS8_EEE22__construct_one_at_endB8nn190000IJRKS8_EEEvDpOT_), (8 bytes).
    Removing uart_device_impl.o(.ARM.exidx.text._ZNSt3__26vectorINS_8functionIFvRKN3HAL4UART4DataEEEENS_9allocatorIS8_EEE21__push_back_slow_pathIRKS8_EEPS8_OT_), (8 bytes).
    Removing uart_device_impl.o(.ARM.exidx.text._ZNSt3__217__compressed_pairIPNS_8functionIFvRKN3HAL4UART4DataEEEENS_9allocatorIS8_EEE5firstB8nn190000Ev), (8 bytes).
    Removing uart_device_impl.o(.ARM.exidx.text._ZNSt3__222__compressed_pair_elemIPNS_8functionIFvRKN3HAL4UART4DataEEEELi0ELb0EE5__getB8nn190000Ev), (8 bytes).
    Removing uart_device_impl.o(.ARM.exidx.text._ZNSt3__26vectorINS_8functionIFvRKN3HAL4UART4DataEEEENS_9allocatorIS8_EEE21_ConstructTransactionC2B8nn190000ERSB_j), (8 bytes).
    Removing uart_device_impl.o(.ARM.exidx.text._ZNSt3__216allocator_traitsINS_9allocatorINS_8functionIFvRKN3HAL4UART4DataEEEEEEE9constructB8nn190000IS9_JRKS9_EvEEvRSA_PT_DpOT0_), (8 bytes).
    Removing uart_device_impl.o(.ARM.exidx.text._ZNSt3__26vectorINS_8functionIFvRKN3HAL4UART4DataEEEENS_9allocatorIS8_EEE21_ConstructTransactionD2B8nn190000Ev), (8 bytes).
    Removing uart_device_impl.o(.ARM.exidx.text._ZNSt3__29allocatorINS_8functionIFvRKN3HAL4UART4DataEEEEE9constructB8nn190000IS8_JRKS8_EEEvPT_DpOT0_), (8 bytes).
    Removing uart_device_impl.o(.ARM.exidx.text._ZNSt3__28functionIFvRKN3HAL4UART4DataEEEC2ERKS7_), (8 bytes).
    Removing uart_device_impl.o(.ARM.exidx.text._ZNSt3__210__function13__policy_funcIFvRKN3HAL4UART4DataEEEC2B8nn190000ERKS8_), (8 bytes).
    Removing uart_device_impl.o(.ARM.exidx.text._ZNKSt3__26vectorINS_8functionIFvRKN3HAL4UART4DataEEEENS_9allocatorIS8_EEE11__recommendB8nn190000Ej), (8 bytes).
    Removing uart_device_impl.o(.ARM.exidx.text._ZNKSt3__26vectorINS_8functionIFvRKN3HAL4UART4DataEEEENS_9allocatorIS8_EEE4sizeB8nn190000Ev), (8 bytes).
    Removing uart_device_impl.o(.ARM.exidx.text._ZNSt3__214__split_bufferINS_8functionIFvRKN3HAL4UART4DataEEEERNS_9allocatorIS8_EEEC2EjjSB_), (8 bytes).
    Removing uart_device_impl.o(.ARM.exidx.text._ZNSt3__26vectorINS_8functionIFvRKN3HAL4UART4DataEEEENS_9allocatorIS8_EEE26__swap_out_circular_bufferERNS_14__split_bufferIS8_RSA_EE), (8 bytes).
    Removing uart_device_impl.o(.ARM.exidx.text._ZNSt3__214__split_bufferINS_8functionIFvRKN3HAL4UART4DataEEEERNS_9allocatorIS8_EEED2Ev), (8 bytes).
    Removing uart_device_impl.o(.ARM.exidx.text._ZNKSt3__26vectorINS_8functionIFvRKN3HAL4UART4DataEEEENS_9allocatorIS8_EEE8max_sizeEv), (8 bytes).
    Removing uart_device_impl.o(.ARM.exidx.text._ZNKSt3__26vectorINS_8functionIFvRKN3HAL4UART4DataEEEENS_9allocatorIS8_EEE20__throw_length_errorB8nn190000Ev), (8 bytes).
    Removing uart_device_impl.o(.ARM.exidx.text._ZNSt3__23maxB8nn190000IjEERKT_S3_S3_), (8 bytes).
    Removing uart_device_impl.o(.ARM.exidx.text._ZNSt3__23minB8nn190000IjEERKT_S3_S3_), (8 bytes).
    Removing uart_device_impl.o(.ARM.exidx.text._ZNSt3__216allocator_traitsINS_9allocatorINS_8functionIFvRKN3HAL4UART4DataEEEEEEE8max_sizeB8nn190000ISA_vEEjRKSA_), (8 bytes).
    Removing uart_device_impl.o(.ARM.exidx.text._ZNKSt3__26vectorINS_8functionIFvRKN3HAL4UART4DataEEEENS_9allocatorIS8_EEE7__allocB8nn190000Ev), (8 bytes).
    Removing uart_device_impl.o(.ARM.exidx.text._ZNSt3__214numeric_limitsIiE3maxB8nn190000Ev), (8 bytes).
    Removing uart_device_impl.o(.ARM.exidx.text._ZNSt3__23minB8nn190000IjNS_6__lessIvvEEEERKT_S5_S5_T0_), (8 bytes).
    Removing uart_device_impl.o(.ARM.exidx.text._ZNKSt3__26__lessIvvEclB8nn190000IjjEEbRKT_RKT0_), (8 bytes).
    Removing uart_device_impl.o(.ARM.exidx.text._ZNKSt3__29allocatorINS_8functionIFvRKN3HAL4UART4DataEEEEE8max_sizeB8nn190000Ev), (8 bytes).
    Removing uart_device_impl.o(.ARM.exidx.text._ZNKSt3__217__compressed_pairIPNS_8functionIFvRKN3HAL4UART4DataEEEENS_9allocatorIS8_EEE6secondB8nn190000Ev), (8 bytes).
    Removing uart_device_impl.o(.ARM.exidx.text._ZNKSt3__222__compressed_pair_elemINS_9allocatorINS_8functionIFvRKN3HAL4UART4DataEEEEEELi1ELb1EE5__getB8nn190000Ev), (8 bytes).
    Removing uart_device_impl.o(.ARM.exidx.text._ZNSt3__223__libcpp_numeric_limitsIiLb1EE3maxB8nn190000Ev), (8 bytes).
    Removing uart_device_impl.o(.ARM.exidx.text._ZNSt3__220__throw_length_errorB8nn190000EPKc), (8 bytes).
    Removing uart_device_impl.o(.ARM.exidx.text._ZNSt3__23maxB8nn190000IjNS_6__lessIvvEEEERKT_S5_S5_T0_), (8 bytes).
    Removing uart_device_impl.o(.ARM.exidx.text._ZNSt3__217__compressed_pairIPNS_8functionIFvRKN3HAL4UART4DataEEEERNS_9allocatorIS8_EEEC2B8nn190000IDnSC_EEOT_OT0_), (8 bytes).
    Removing uart_device_impl.o(.ARM.exidx.text._ZNSt3__219__allocate_at_leastB8nn190000INS_9allocatorINS_8functionIFvRKN3HAL4UART4DataEEEEEEEENS_19__allocation_resultINS_16allocator_traitsIT_E7pointerEEERSD_j), (8 bytes).
    Removing uart_device_impl.o(.ARM.exidx.text._ZNSt3__214__split_bufferINS_8functionIFvRKN3HAL4UART4DataEEEERNS_9allocatorIS8_EEE7__allocB8nn190000Ev), (8 bytes).
    Removing uart_device_impl.o(.ARM.exidx.text._ZNSt3__214__split_bufferINS_8functionIFvRKN3HAL4UART4DataEEEERNS_9allocatorIS8_EEE9__end_capB8nn190000Ev), (8 bytes).
    Removing uart_device_impl.o(.ARM.exidx.text._ZNSt3__222__compressed_pair_elemIRNS_9allocatorINS_8functionIFvRKN3HAL4UART4DataEEEEEELi1ELb0EEC2B8nn190000ISB_vEEOT_), (8 bytes).
    Removing uart_device_impl.o(.ARM.exidx.text._ZNSt3__29allocatorINS_8functionIFvRKN3HAL4UART4DataEEEEE8allocateB8nn190000Ej), (8 bytes).
    Removing uart_device_impl.o(.ARM.exidx.text._ZSt28__throw_bad_array_new_lengthB8nn190000v), (8 bytes).
    Removing uart_device_impl.o(.ARM.exidx.text._ZNSt3__217__libcpp_allocateB8nn190000Ejj), (8 bytes).
    Removing uart_device_impl.o(.ARM.exidx.text._ZNSt3__221__libcpp_operator_newB8nn190000IJjSt11align_val_tEEEPvDpT_), (8 bytes).
    Removing uart_device_impl.o(.ARM.exidx.text._ZNSt3__221__libcpp_operator_newB8nn190000IJjEEEPvDpT_), (8 bytes).
    Removing uart_device_impl.o(.ARM.exidx.text._ZNSt3__217__compressed_pairIPNS_8functionIFvRKN3HAL4UART4DataEEEERNS_9allocatorIS8_EEE6secondB8nn190000Ev), (8 bytes).
    Removing uart_device_impl.o(.ARM.exidx.text._ZNSt3__222__compressed_pair_elemIRNS_9allocatorINS_8functionIFvRKN3HAL4UART4DataEEEEEELi1ELb0EE5__getB8nn190000Ev), (8 bytes).
    Removing uart_device_impl.o(.ARM.exidx.text._ZNSt3__217__compressed_pairIPNS_8functionIFvRKN3HAL4UART4DataEEEERNS_9allocatorIS8_EEE5firstB8nn190000Ev), (8 bytes).
    Removing uart_device_impl.o(.ARM.exidx.text._ZNSt3__234__uninitialized_allocator_relocateB8nn190000INS_9allocatorINS_8functionIFvRKN3HAL4UART4DataEEEEEES9_EEvRT_PT0_SE_SE_), (8 bytes).
    Removing uart_device_impl.o(.ARM.exidx.text._ZNSt3__24swapB8nn190000IPNS_8functionIFvRKN3HAL4UART4DataEEEEEENS_9enable_ifIXaasr21is_move_constructibleIT_EE5valuesr18is_move_assignableISB_EE5valueEvE4typeERSB_SE_), (8 bytes).
    Removing uart_device_impl.o(.ARM.exidx.text._ZNKSt3__26vectorINS_8functionIFvRKN3HAL4UART4DataEEEENS_9allocatorIS8_EEE14__annotate_newB8nn190000Ej), (8 bytes).
    Removing uart_device_impl.o(.ARM.exidx.text._ZNSt3__222__make_exception_guardB8nn190000INS_29_AllocatorDestroyRangeReverseINS_9allocatorINS_8functionIFvRKN3HAL4UART4DataEEEEEEPSA_EEEENS_30__exception_guard_noexceptionsIT_EESF_), (8 bytes).
    Removing uart_device_impl.o(.ARM.exidx.text._ZNSt3__229_AllocatorDestroyRangeReverseINS_9allocatorINS_8functionIFvRKN3HAL4UART4DataEEEEEEPS9_EC2B8nn190000ERSA_RSB_SE_), (8 bytes).
    Removing uart_device_impl.o(.ARM.exidx.text._ZNSt3__216allocator_traitsINS_9allocatorINS_8functionIFvRKN3HAL4UART4DataEEEEEEE9constructB8nn190000IS9_JS9_EvEEvRSA_PT_DpOT0_), (8 bytes).
    Removing uart_device_impl.o(.ARM.exidx.text._ZNSt3__230__exception_guard_noexceptionsINS_29_AllocatorDestroyRangeReverseINS_9allocatorINS_8functionIFvRKN3HAL4UART4DataEEEEEEPSA_EEE10__completeB8nn190000Ev), (8 bytes).
    Removing uart_device_impl.o(.ARM.exidx.text._ZNSt3__219__allocator_destroyB8nn190000INS_9allocatorINS_8functionIFvRKN3HAL4UART4DataEEEEEEPS9_SB_EEvRT_T0_T1_), (8 bytes).
    Removing uart_device_impl.o(.ARM.exidx.text._ZNSt3__230__exception_guard_noexceptionsINS_29_AllocatorDestroyRangeReverseINS_9allocatorINS_8functionIFvRKN3HAL4UART4DataEEEEEEPSA_EEED2B8nn190000Ev), (8 bytes).
    Removing uart_device_impl.o(.ARM.exidx.text._ZNSt3__230__exception_guard_noexceptionsINS_29_AllocatorDestroyRangeReverseINS_9allocatorINS_8functionIFvRKN3HAL4UART4DataEEEEEEPSA_EEEC2B8nn190000ESD_), (8 bytes).
    Removing uart_device_impl.o(.ARM.exidx.text._ZNSt3__29allocatorINS_8functionIFvRKN3HAL4UART4DataEEEEE9constructB8nn190000IS8_JS8_EEEvPT_DpOT0_), (8 bytes).
    Removing uart_device_impl.o(.ARM.exidx.text._ZNSt3__28functionIFvRKN3HAL4UART4DataEEEC2EOS7_), (8 bytes).
    Removing uart_device_impl.o(.ARM.exidx.text._ZNSt3__210__function13__policy_funcIFvRKN3HAL4UART4DataEEEC2B8nn190000EOS8_), (8 bytes).
    Removing uart_device_impl.o(.ARM.exidx.text._ZNSt3__210__function8__policy14__create_emptyB8nn190000Ev), (8 bytes).
    Removing uart_device_impl.o(.ARM.exidx.text._ZNSt3__210__function16__policy_invokerIFvRKN3HAL4UART4DataEEEC2B8nn190000Ev), (8 bytes).
    Removing uart_device_impl.o(.ARM.exidx.text._ZNSt3__210__function16__policy_invokerIFvRKN3HAL4UART4DataEEE12__call_emptyB8nn190000EPKNS0_16__policy_storageES6_), (8 bytes).
    Removing uart_device_impl.o(.ARM.exidx.text._ZNSt3__225__throw_bad_function_callB8nn190000Ev), (8 bytes).
    Removing uart_device_impl.o(.ARM.exidx.text._ZNSt3__214__split_bufferINS_8functionIFvRKN3HAL4UART4DataEEEERNS_9allocatorIS8_EEE5clearB8nn190000Ev), (8 bytes).
    Removing uart_device_impl.o(.ARM.exidx.text._ZNKSt3__214__split_bufferINS_8functionIFvRKN3HAL4UART4DataEEEERNS_9allocatorIS8_EEE8capacityB8nn190000Ev), (8 bytes).
    Removing uart_device_impl.o(.ARM.exidx.text._ZNSt3__214__split_bufferINS_8functionIFvRKN3HAL4UART4DataEEEERNS_9allocatorIS8_EEE17__destruct_at_endB8nn190000EPS8_), (8 bytes).
    Removing uart_device_impl.o(.ARM.exidx.text._ZNSt3__214__split_bufferINS_8functionIFvRKN3HAL4UART4DataEEEERNS_9allocatorIS8_EEE17__destruct_at_endB8nn190000EPS8_NS_17integral_constantIbLb0EEE), (8 bytes).
    Removing uart_device_impl.o(.ARM.exidx.text._ZNKSt3__214__split_bufferINS_8functionIFvRKN3HAL4UART4DataEEEERNS_9allocatorIS8_EEE9__end_capB8nn190000Ev), (8 bytes).
    Removing uart_device_impl.o(.ARM.exidx.text._ZNKSt3__217__compressed_pairIPNS_8functionIFvRKN3HAL4UART4DataEEEERNS_9allocatorIS8_EEE5firstB8nn190000Ev), (8 bytes).
    Removing uart_device_impl.o(.ARM.exidx.text._ZNSt3__26vectorINS_8functionIFvRKN3HAL4UART4DataEEEENS_9allocatorIS8_EEE11__make_iterB8nn190000EPS8_), (8 bytes).
    Removing uart_device_impl.o(.ARM.exidx.text._ZNSt3__211__wrap_iterIPNS_8functionIFvRKN3HAL4UART4DataEEEEEC2B8nn190000ES9_), (8 bytes).
    Removing uart_device_impl.o(.ARM.exidx.text._ZNKSt3__210__function13__policy_funcIFvRKN3HAL4UART4DataEEEclB8nn190000ES6_), (8 bytes).
    Removing can_bus_impl.o(.ARM.exidx.text._ZN3HAL3CAN6CanBusD2Ev), (8 bytes).
    Removing can_bus_impl.o(.ARM.exidx.text._ZN3HAL3CAN7ICanBusC2Ev), (8 bytes).
    Removing can_bus_impl.o(.ARM.exidx.text._ZN3HAL3CAN6CanBusD0Ev), (8 bytes).
    Removing can_bus_impl.o(.ARM.exidx.text._ZN3HAL3CAN9CanDeviceD2Ev), (8 bytes).
    Removing can_bus_impl.o(.ARM.exidx.text._ZNSt3__26vectorINS_8functionIFvRKN3HAL3CAN5FrameEEEENS_9allocatorIS8_EEED2B8nn190000Ev), (8 bytes).
    Removing can_bus_impl.o(.ARM.exidx.text._ZN3HAL3CAN10ICanDeviceD2Ev), (8 bytes).
    Removing can_bus_impl.o(.ARM.exidx.text._ZNSt3__26vectorINS_8functionIFvRKN3HAL3CAN5FrameEEEENS_9allocatorIS8_EEE16__destroy_vectorC2B8nn190000ERSB_), (8 bytes).
    Removing can_bus_impl.o(.ARM.exidx.text._ZNSt3__26vectorINS_8functionIFvRKN3HAL3CAN5FrameEEEENS_9allocatorIS8_EEE16__destroy_vectorclB8nn190000Ev), (8 bytes).
    Removing can_bus_impl.o(.ARM.exidx.text._ZNSt3__26vectorINS_8functionIFvRKN3HAL3CAN5FrameEEEENS_9allocatorIS8_EEE7__clearB8nn190000Ev), (8 bytes).
    Removing can_bus_impl.o(.ARM.exidx.text._ZNKSt3__26vectorINS_8functionIFvRKN3HAL3CAN5FrameEEEENS_9allocatorIS8_EEE17__annotate_deleteB8nn190000Ev), (8 bytes).
    Removing can_bus_impl.o(.ARM.exidx.text._ZNSt3__216allocator_traitsINS_9allocatorINS_8functionIFvRKN3HAL3CAN5FrameEEEEEEE10deallocateB8nn190000ERSA_PS9_j), (8 bytes).
    Removing can_bus_impl.o(.ARM.exidx.text._ZNSt3__26vectorINS_8functionIFvRKN3HAL3CAN5FrameEEEENS_9allocatorIS8_EEE7__allocB8nn190000Ev), (8 bytes).
    Removing can_bus_impl.o(.ARM.exidx.text._ZNKSt3__26vectorINS_8functionIFvRKN3HAL3CAN5FrameEEEENS_9allocatorIS8_EEE8capacityB8nn190000Ev), (8 bytes).
    Removing can_bus_impl.o(.ARM.exidx.text._ZNSt3__26vectorINS_8functionIFvRKN3HAL3CAN5FrameEEEENS_9allocatorIS8_EEE22__base_destruct_at_endB8nn190000EPS8_), (8 bytes).
    Removing can_bus_impl.o(.ARM.exidx.text._ZNSt3__216allocator_traitsINS_9allocatorINS_8functionIFvRKN3HAL3CAN5FrameEEEEEEE7destroyB8nn190000IS9_vEEvRSA_PT_), (8 bytes).
    Removing can_bus_impl.o(.ARM.exidx.text._ZNSt3__212__to_addressB8nn190000INS_8functionIFvRKN3HAL3CAN5FrameEEEEEEPT_SA_), (8 bytes).
    Removing can_bus_impl.o(.ARM.exidx.text._ZNSt3__29allocatorINS_8functionIFvRKN3HAL3CAN5FrameEEEEE7destroyB8nn190000EPS8_), (8 bytes).
    Removing can_bus_impl.o(.ARM.exidx.text._ZNSt3__28functionIFvRKN3HAL3CAN5FrameEEED2Ev), (8 bytes).
    Removing can_bus_impl.o(.ARM.exidx.text._ZNSt3__210__function13__policy_funcIFvRKN3HAL3CAN5FrameEEED2B8nn190000Ev), (8 bytes).
    Removing can_bus_impl.o(.ARM.exidx.text._ZNSt3__29allocatorINS_8functionIFvRKN3HAL3CAN5FrameEEEEE10deallocateB8nn190000EPS8_j), (8 bytes).
    Removing can_bus_impl.o(.ARM.exidx.text._ZNSt3__217__compressed_pairIPNS_8functionIFvRKN3HAL3CAN5FrameEEEENS_9allocatorIS8_EEE6secondB8nn190000Ev), (8 bytes).
    Removing can_bus_impl.o(.ARM.exidx.text._ZNSt3__222__compressed_pair_elemINS_9allocatorINS_8functionIFvRKN3HAL3CAN5FrameEEEEEELi1ELb1EE5__getB8nn190000Ev), (8 bytes).
    Removing can_bus_impl.o(.ARM.exidx.text._ZNKSt3__26vectorINS_8functionIFvRKN3HAL3CAN5FrameEEEENS_9allocatorIS8_EEE9__end_capB8nn190000Ev), (8 bytes).
    Removing can_bus_impl.o(.ARM.exidx.text._ZNKSt3__217__compressed_pairIPNS_8functionIFvRKN3HAL3CAN5FrameEEEENS_9allocatorIS8_EEE5firstB8nn190000Ev), (8 bytes).
    Removing can_bus_impl.o(.ARM.exidx.text._ZNKSt3__222__compressed_pair_elemIPNS_8functionIFvRKN3HAL3CAN5FrameEEEELi0ELb0EE5__getB8nn190000Ev), (8 bytes).
    Removing can_bus_impl.o(.ARM.exidx.text._ZN3HAL3CAN7ICanBusD2Ev), (8 bytes).
    Removing can_bus_impl.o(.ARM.exidx.text._ZN3HAL3CAN7ICanBusD0Ev), (8 bytes).
    Removing can_device_impl.o(.ARM.exidx.text._ZN3HAL3CAN10ICanDeviceC2Ev), (8 bytes).
    Removing can_device_impl.o(.ARM.exidx.text._ZNSt3__26vectorINS_8functionIFvRKN3HAL3CAN5FrameEEEENS_9allocatorIS8_EEEC2B8nn190000Ev), (8 bytes).
    Removing can_device_impl.o(.ARM.exidx.text._ZNKSt3__28functionIFvRKN3HAL3CAN5FrameEEEcvbB8nn190000Ev), (8 bytes).
    Removing can_device_impl.o(.ARM.exidx.text._ZNSt3__26vectorINS_8functionIFvRKN3HAL3CAN5FrameEEEENS_9allocatorIS8_EEE9push_backB8nn190000ERKS8_), (8 bytes).
    Removing can_device_impl.o(.ARM.exidx.text._ZNSt3__26vectorINS_8functionIFvRKN3HAL3CAN5FrameEEEENS_9allocatorIS8_EEE5beginB8nn190000Ev), (8 bytes).
    Removing can_device_impl.o(.ARM.exidx.text._ZNSt3__26vectorINS_8functionIFvRKN3HAL3CAN5FrameEEEENS_9allocatorIS8_EEE3endB8nn190000Ev), (8 bytes).
    Removing can_device_impl.o(.ARM.exidx.text._ZNSt3__2neB8nn190000IPNS_8functionIFvRKN3HAL3CAN5FrameEEEEEEbRKNS_11__wrap_iterIT_EESE_), (8 bytes).
    Removing can_device_impl.o(.ARM.exidx.text._ZNKSt3__211__wrap_iterIPNS_8functionIFvRKN3HAL3CAN5FrameEEEEEdeB8nn190000Ev), (8 bytes).
    Removing can_device_impl.o(.ARM.exidx.text._ZNKSt3__28functionIFvRKN3HAL3CAN5FrameEEEclES5_), (8 bytes).
    Removing can_device_impl.o(.ARM.exidx.text._ZNSt3__211__wrap_iterIPNS_8functionIFvRKN3HAL3CAN5FrameEEEEEppB8nn190000Ev), (8 bytes).
    Removing can_device_impl.o(.ARM.exidx.text._ZN3HAL3CAN9CanDeviceD0Ev), (8 bytes).
    Removing can_device_impl.o(.ARM.exidx.text._ZN3HAL3CAN10ICanDeviceD0Ev), (8 bytes).
    Removing can_device_impl.o(.ARM.exidx.text._ZNSt3__2eqB8nn190000IPNS_8functionIFvRKN3HAL3CAN5FrameEEEEEEbRKNS_11__wrap_iterIT_EESE_), (8 bytes).
    Removing can_device_impl.o(.ARM.exidx.text._ZNKSt3__211__wrap_iterIPNS_8functionIFvRKN3HAL3CAN5FrameEEEEE4baseB8nn190000Ev), (8 bytes).
    Removing can_device_impl.o(.ARM.exidx.text._ZNSt3__217__compressed_pairIPNS_8functionIFvRKN3HAL3CAN5FrameEEEENS_9allocatorIS8_EEEC2B8nn190000IDnNS_18__default_init_tagEEEOT_OT0_), (8 bytes).
    Removing can_device_impl.o(.ARM.exidx.text._ZNSt3__222__compressed_pair_elemIPNS_8functionIFvRKN3HAL3CAN5FrameEEEELi0ELb0EEC2B8nn190000IDnvEEOT_), (8 bytes).
    Removing can_device_impl.o(.ARM.exidx.text._ZNSt3__222__compressed_pair_elemINS_9allocatorINS_8functionIFvRKN3HAL3CAN5FrameEEEEEELi1ELb1EEC2B8nn190000ENS_18__default_init_tagE), (8 bytes).
    Removing can_device_impl.o(.ARM.exidx.text._ZNSt3__29allocatorINS_8functionIFvRKN3HAL3CAN5FrameEEEEEC2B8nn190000Ev), (8 bytes).
    Removing can_device_impl.o(.ARM.exidx.text._ZNSt3__216__non_trivial_ifILb1ENS_9allocatorINS_8functionIFvRKN3HAL3CAN5FrameEEEEEEEC2B8nn190000Ev), (8 bytes).
    Removing can_device_impl.o(.ARM.exidx.text._ZNKSt3__210__function13__policy_funcIFvRKN3HAL3CAN5FrameEEEcvbB8nn190000Ev), (8 bytes).
    Removing can_device_impl.o(.ARM.exidx.text._ZNSt3__26vectorINS_8functionIFvRKN3HAL3CAN5FrameEEEENS_9allocatorIS8_EEE9__end_capB8nn190000Ev), (8 bytes).
    Removing can_device_impl.o(.ARM.exidx.text._ZNSt3__26vectorINS_8functionIFvRKN3HAL3CAN5FrameEEEENS_9allocatorIS8_EEE22__construct_one_at_endB8nn190000IJRKS8_EEEvDpOT_), (8 bytes).
    Removing can_device_impl.o(.ARM.exidx.text._ZNSt3__26vectorINS_8functionIFvRKN3HAL3CAN5FrameEEEENS_9allocatorIS8_EEE21__push_back_slow_pathIRKS8_EEPS8_OT_), (8 bytes).
    Removing can_device_impl.o(.ARM.exidx.text._ZNSt3__217__compressed_pairIPNS_8functionIFvRKN3HAL3CAN5FrameEEEENS_9allocatorIS8_EEE5firstB8nn190000Ev), (8 bytes).
    Removing can_device_impl.o(.ARM.exidx.text._ZNSt3__222__compressed_pair_elemIPNS_8functionIFvRKN3HAL3CAN5FrameEEEELi0ELb0EE5__getB8nn190000Ev), (8 bytes).
    Removing can_device_impl.o(.ARM.exidx.text._ZNSt3__26vectorINS_8functionIFvRKN3HAL3CAN5FrameEEEENS_9allocatorIS8_EEE21_ConstructTransactionC2B8nn190000ERSB_j), (8 bytes).
    Removing can_device_impl.o(.ARM.exidx.text._ZNSt3__216allocator_traitsINS_9allocatorINS_8functionIFvRKN3HAL3CAN5FrameEEEEEEE9constructB8nn190000IS9_JRKS9_EvEEvRSA_PT_DpOT0_), (8 bytes).
    Removing can_device_impl.o(.ARM.exidx.text._ZNSt3__26vectorINS_8functionIFvRKN3HAL3CAN5FrameEEEENS_9allocatorIS8_EEE21_ConstructTransactionD2B8nn190000Ev), (8 bytes).
    Removing can_device_impl.o(.ARM.exidx.text._ZNSt3__29allocatorINS_8functionIFvRKN3HAL3CAN5FrameEEEEE9constructB8nn190000IS8_JRKS8_EEEvPT_DpOT0_), (8 bytes).
    Removing can_device_impl.o(.ARM.exidx.text._ZNSt3__28functionIFvRKN3HAL3CAN5FrameEEEC2ERKS7_), (8 bytes).
    Removing can_device_impl.o(.ARM.exidx.text._ZNSt3__210__function13__policy_funcIFvRKN3HAL3CAN5FrameEEEC2B8nn190000ERKS8_), (8 bytes).
    Removing can_device_impl.o(.ARM.exidx.text._ZNKSt3__26vectorINS_8functionIFvRKN3HAL3CAN5FrameEEEENS_9allocatorIS8_EEE11__recommendB8nn190000Ej), (8 bytes).
    Removing can_device_impl.o(.ARM.exidx.text._ZNKSt3__26vectorINS_8functionIFvRKN3HAL3CAN5FrameEEEENS_9allocatorIS8_EEE4sizeB8nn190000Ev), (8 bytes).
    Removing can_device_impl.o(.ARM.exidx.text._ZNSt3__214__split_bufferINS_8functionIFvRKN3HAL3CAN5FrameEEEERNS_9allocatorIS8_EEEC2EjjSB_), (8 bytes).
    Removing can_device_impl.o(.ARM.exidx.text._ZNSt3__26vectorINS_8functionIFvRKN3HAL3CAN5FrameEEEENS_9allocatorIS8_EEE26__swap_out_circular_bufferERNS_14__split_bufferIS8_RSA_EE), (8 bytes).
    Removing can_device_impl.o(.ARM.exidx.text._ZNSt3__214__split_bufferINS_8functionIFvRKN3HAL3CAN5FrameEEEERNS_9allocatorIS8_EEED2Ev), (8 bytes).
    Removing can_device_impl.o(.ARM.exidx.text._ZNKSt3__26vectorINS_8functionIFvRKN3HAL3CAN5FrameEEEENS_9allocatorIS8_EEE8max_sizeEv), (8 bytes).
    Removing can_device_impl.o(.ARM.exidx.text._ZNKSt3__26vectorINS_8functionIFvRKN3HAL3CAN5FrameEEEENS_9allocatorIS8_EEE20__throw_length_errorB8nn190000Ev), (8 bytes).
    Removing can_device_impl.o(.ARM.exidx.text._ZNSt3__216allocator_traitsINS_9allocatorINS_8functionIFvRKN3HAL3CAN5FrameEEEEEEE8max_sizeB8nn190000ISA_vEEjRKSA_), (8 bytes).
    Removing can_device_impl.o(.ARM.exidx.text._ZNKSt3__26vectorINS_8functionIFvRKN3HAL3CAN5FrameEEEENS_9allocatorIS8_EEE7__allocB8nn190000Ev), (8 bytes).
    Removing can_device_impl.o(.ARM.exidx.text._ZNKSt3__29allocatorINS_8functionIFvRKN3HAL3CAN5FrameEEEEE8max_sizeB8nn190000Ev), (8 bytes).
    Removing can_device_impl.o(.ARM.exidx.text._ZNKSt3__217__compressed_pairIPNS_8functionIFvRKN3HAL3CAN5FrameEEEENS_9allocatorIS8_EEE6secondB8nn190000Ev), (8 bytes).
    Removing can_device_impl.o(.ARM.exidx.text._ZNKSt3__222__compressed_pair_elemINS_9allocatorINS_8functionIFvRKN3HAL3CAN5FrameEEEEEELi1ELb1EE5__getB8nn190000Ev), (8 bytes).
    Removing can_device_impl.o(.ARM.exidx.text._ZNSt3__217__compressed_pairIPNS_8functionIFvRKN3HAL3CAN5FrameEEEERNS_9allocatorIS8_EEEC2B8nn190000IDnSC_EEOT_OT0_), (8 bytes).
    Removing can_device_impl.o(.ARM.exidx.text._ZNSt3__219__allocate_at_leastB8nn190000INS_9allocatorINS_8functionIFvRKN3HAL3CAN5FrameEEEEEEEENS_19__allocation_resultINS_16allocator_traitsIT_E7pointerEEERSD_j), (8 bytes).
    Removing can_device_impl.o(.ARM.exidx.text._ZNSt3__214__split_bufferINS_8functionIFvRKN3HAL3CAN5FrameEEEERNS_9allocatorIS8_EEE7__allocB8nn190000Ev), (8 bytes).
    Removing can_device_impl.o(.ARM.exidx.text._ZNSt3__214__split_bufferINS_8functionIFvRKN3HAL3CAN5FrameEEEERNS_9allocatorIS8_EEE9__end_capB8nn190000Ev), (8 bytes).
    Removing can_device_impl.o(.ARM.exidx.text._ZNSt3__222__compressed_pair_elemIRNS_9allocatorINS_8functionIFvRKN3HAL3CAN5FrameEEEEEELi1ELb0EEC2B8nn190000ISB_vEEOT_), (8 bytes).
    Removing can_device_impl.o(.ARM.exidx.text._ZNSt3__29allocatorINS_8functionIFvRKN3HAL3CAN5FrameEEEEE8allocateB8nn190000Ej), (8 bytes).
    Removing can_device_impl.o(.ARM.exidx.text._ZNSt3__217__compressed_pairIPNS_8functionIFvRKN3HAL3CAN5FrameEEEERNS_9allocatorIS8_EEE6secondB8nn190000Ev), (8 bytes).
    Removing can_device_impl.o(.ARM.exidx.text._ZNSt3__222__compressed_pair_elemIRNS_9allocatorINS_8functionIFvRKN3HAL3CAN5FrameEEEEEELi1ELb0EE5__getB8nn190000Ev), (8 bytes).
    Removing can_device_impl.o(.ARM.exidx.text._ZNSt3__217__compressed_pairIPNS_8functionIFvRKN3HAL3CAN5FrameEEEERNS_9allocatorIS8_EEE5firstB8nn190000Ev), (8 bytes).
    Removing can_device_impl.o(.ARM.exidx.text._ZNSt3__234__uninitialized_allocator_relocateB8nn190000INS_9allocatorINS_8functionIFvRKN3HAL3CAN5FrameEEEEEES9_EEvRT_PT0_SE_SE_), (8 bytes).
    Removing can_device_impl.o(.ARM.exidx.text._ZNSt3__24swapB8nn190000IPNS_8functionIFvRKN3HAL3CAN5FrameEEEEEENS_9enable_ifIXaasr21is_move_constructibleIT_EE5valuesr18is_move_assignableISB_EE5valueEvE4typeERSB_SE_), (8 bytes).
    Removing can_device_impl.o(.ARM.exidx.text._ZNKSt3__26vectorINS_8functionIFvRKN3HAL3CAN5FrameEEEENS_9allocatorIS8_EEE14__annotate_newB8nn190000Ej), (8 bytes).
    Removing can_device_impl.o(.ARM.exidx.text._ZNSt3__222__make_exception_guardB8nn190000INS_29_AllocatorDestroyRangeReverseINS_9allocatorINS_8functionIFvRKN3HAL3CAN5FrameEEEEEEPSA_EEEENS_30__exception_guard_noexceptionsIT_EESF_), (8 bytes).
    Removing can_device_impl.o(.ARM.exidx.text._ZNSt3__229_AllocatorDestroyRangeReverseINS_9allocatorINS_8functionIFvRKN3HAL3CAN5FrameEEEEEEPS9_EC2B8nn190000ERSA_RSB_SE_), (8 bytes).
    Removing can_device_impl.o(.ARM.exidx.text._ZNSt3__216allocator_traitsINS_9allocatorINS_8functionIFvRKN3HAL3CAN5FrameEEEEEEE9constructB8nn190000IS9_JS9_EvEEvRSA_PT_DpOT0_), (8 bytes).
    Removing can_device_impl.o(.ARM.exidx.text._ZNSt3__230__exception_guard_noexceptionsINS_29_AllocatorDestroyRangeReverseINS_9allocatorINS_8functionIFvRKN3HAL3CAN5FrameEEEEEEPSA_EEE10__completeB8nn190000Ev), (8 bytes).
    Removing can_device_impl.o(.ARM.exidx.text._ZNSt3__219__allocator_destroyB8nn190000INS_9allocatorINS_8functionIFvRKN3HAL3CAN5FrameEEEEEEPS9_SB_EEvRT_T0_T1_), (8 bytes).
    Removing can_device_impl.o(.ARM.exidx.text._ZNSt3__230__exception_guard_noexceptionsINS_29_AllocatorDestroyRangeReverseINS_9allocatorINS_8functionIFvRKN3HAL3CAN5FrameEEEEEEPSA_EEED2B8nn190000Ev), (8 bytes).
    Removing can_device_impl.o(.ARM.exidx.text._ZNSt3__230__exception_guard_noexceptionsINS_29_AllocatorDestroyRangeReverseINS_9allocatorINS_8functionIFvRKN3HAL3CAN5FrameEEEEEEPSA_EEEC2B8nn190000ESD_), (8 bytes).
    Removing can_device_impl.o(.ARM.exidx.text._ZNSt3__29allocatorINS_8functionIFvRKN3HAL3CAN5FrameEEEEE9constructB8nn190000IS8_JS8_EEEvPT_DpOT0_), (8 bytes).
    Removing can_device_impl.o(.ARM.exidx.text._ZNSt3__28functionIFvRKN3HAL3CAN5FrameEEEC2EOS7_), (8 bytes).
    Removing can_device_impl.o(.ARM.exidx.text._ZNSt3__210__function13__policy_funcIFvRKN3HAL3CAN5FrameEEEC2B8nn190000EOS8_), (8 bytes).
    Removing can_device_impl.o(.ARM.exidx.text._ZNSt3__210__function16__policy_invokerIFvRKN3HAL3CAN5FrameEEEC2B8nn190000Ev), (8 bytes).
    Removing can_device_impl.o(.ARM.exidx.text._ZNSt3__210__function16__policy_invokerIFvRKN3HAL3CAN5FrameEEE12__call_emptyB8nn190000EPKNS0_16__policy_storageES6_), (8 bytes).
    Removing can_device_impl.o(.ARM.exidx.text._ZNSt3__214__split_bufferINS_8functionIFvRKN3HAL3CAN5FrameEEEERNS_9allocatorIS8_EEE5clearB8nn190000Ev), (8 bytes).
    Removing can_device_impl.o(.ARM.exidx.text._ZNKSt3__214__split_bufferINS_8functionIFvRKN3HAL3CAN5FrameEEEERNS_9allocatorIS8_EEE8capacityB8nn190000Ev), (8 bytes).
    Removing can_device_impl.o(.ARM.exidx.text._ZNSt3__214__split_bufferINS_8functionIFvRKN3HAL3CAN5FrameEEEERNS_9allocatorIS8_EEE17__destruct_at_endB8nn190000EPS8_), (8 bytes).
    Removing can_device_impl.o(.ARM.exidx.text._ZNSt3__214__split_bufferINS_8functionIFvRKN3HAL3CAN5FrameEEEERNS_9allocatorIS8_EEE17__destruct_at_endB8nn190000EPS8_NS_17integral_constantIbLb0EEE), (8 bytes).
    Removing can_device_impl.o(.ARM.exidx.text._ZNKSt3__214__split_bufferINS_8functionIFvRKN3HAL3CAN5FrameEEEERNS_9allocatorIS8_EEE9__end_capB8nn190000Ev), (8 bytes).
    Removing can_device_impl.o(.ARM.exidx.text._ZNKSt3__217__compressed_pairIPNS_8functionIFvRKN3HAL3CAN5FrameEEEERNS_9allocatorIS8_EEE5firstB8nn190000Ev), (8 bytes).
    Removing can_device_impl.o(.ARM.exidx.text._ZNSt3__26vectorINS_8functionIFvRKN3HAL3CAN5FrameEEEENS_9allocatorIS8_EEE11__make_iterB8nn190000EPS8_), (8 bytes).
    Removing can_device_impl.o(.ARM.exidx.text._ZNSt3__211__wrap_iterIPNS_8functionIFvRKN3HAL3CAN5FrameEEEEEC2B8nn190000ES9_), (8 bytes).
    Removing can_device_impl.o(.ARM.exidx.text._ZNKSt3__210__function13__policy_funcIFvRKN3HAL3CAN5FrameEEEclB8nn190000ES6_), (8 bytes).
    Removing dt7_1.o(.ARM.exidx.text._ZN3BSP14REMOTE_CONTROL16RemoteController15updateTimestampEv), (8 bytes).
    Removing dt7_1.o(.ARM.exidx.text._ZNSt3__23minB8nn190000IsEERKT_S3_S3_), (8 bytes).
    Removing dt7_1.o(.ARM.exidx.text._ZNSt3__23maxB8nn190000IsEERKT_S3_S3_), (8 bytes).
    Removing dt7_1.o(.ARM.exidx.text._ZNSt3__23minB8nn190000IsNS_6__lessIvvEEEERKT_S5_S5_T0_), (8 bytes).
    Removing dt7_1.o(.ARM.exidx.text._ZNKSt3__26__lessIvvEclB8nn190000IssEEbRKT_RKT0_), (8 bytes).
    Removing dt7_1.o(.ARM.exidx.text._ZNSt3__23maxB8nn190000IsNS_6__lessIvvEEEERKT_S5_S5_T0_), (8 bytes).
    Removing adrc.o(.ARM.exidx.text._ZNSt3__25clampB8nn190000IfEERKT_S3_S3_S3_), (8 bytes).
    Removing adrc.o(.ARM.exidx.text._ZNK3ALG4ADRC8AdrcBase6GetMinEv), (8 bytes).
    Removing adrc.o(.ARM.exidx.text._ZNK3ALG4ADRC8AdrcBase6GetMaxEv), (8 bytes).
    Removing adrc.o(.ARM.exidx.text._ZNK3ALG4ADRC8AdrcBase5GetWcEv), (8 bytes).
    Removing adrc.o(.ARM.exidx.text._ZNK3ALG4ADRC8AdrcBase5GetB0Ev), (8 bytes).
    Removing adrc.o(.ARM.exidx.text._ZNK3ALG4ADRC8AdrcBase5GetW0Ev), (8 bytes).
    Removing adrc.o(.ARM.exidx.text._ZNK3ALG4ADRC8AdrcBase4GetHEv), (8 bytes).
    Removing adrc.o(.ARM.exidx.text._ZNSt3__25clampB8nn190000IfNS_6__lessIvvEEEERKT_S5_S5_S5_T0_), (8 bytes).
    Removing adrc.o(.ARM.exidx.text._ZNKSt3__26__lessIvvEclB8nn190000IffEEbRKT_RKT0_), (8 bytes).
    Removing pid.o(.ARM.exidx.text._ZN3ALG3PID3PID9setTargetEf), (8 bytes).
    Removing pid.o(.ARM.exidx.text._ZN3ALG3PID3PID11setFeedbackEf), (8 bytes).
    Removing pid.o(.ARM.exidx.text._Z3absB8nn190000f), (8 bytes).
    Removing communicationtask.o(.ARM.exidx.text._ZN18BoardCommunicationC2Ei), (8 bytes).
    Removing communicationtask.o(.ARM.exidx.text._ZN18BoardCommunicationD2Ev), (8 bytes).
    Removing communicationtask.o(.ARM.exidx.text._ZN3BSP14REMOTE_CONTROL16RemoteControllerC2Ei), (8 bytes).
    Removing communicationtask.o(.ARM.exidx.text._ZN3BSP11WATCH_STATE10StateWatchC2Ej), (8 bytes).
    Removing communicationtask.o(.ARM.exidx.text._ZN18BoardCommunicationD0Ev), (8 bytes).
    Removing communicationtask.o(.ARM.exidx.text._ZNSt3__210__function16__policy_invokerIFvRKN3HAL4UART4DataEEEC2B8nn190000EPFvPKNS0_16__policy_storageES6_E), (8 bytes).
    Removing communicationtask.o(.ARM.exidx.text._ZN18BoardCommunication15updateTimestampEv), (8 bytes).
    Removing controltask.o(.ARM.exidx.text._ZN10Gimbal_FSMC2Ev), (8 bytes).
    Removing controltask.o(.ARM.exidx.text._ZN10Launch_FSMC2Ev), (8 bytes).
    Removing controltask.o(.ARM.exidx.text._ZN3ALG4ADRC10FirstLADRCC2Efffff), (8 bytes).
    Removing controltask.o(.ARM.exidx.text._ZN3BSP5Motor9MotorBaseILh1EE11isConnectedEhh), (8 bytes).
    Removing controltask.o(.ARM.exidx.text._ZN3BSP5Motor9MotorBaseILh4EE11isConnectedEhh), (8 bytes).
    Removing controltask.o(.ARM.exidx.text._ZN3BSP14REMOTE_CONTROL16RemoteController11isConnectedEv), (8 bytes).
    Removing controltask.o(.ARM.exidx.text._ZN3BSP3IMU8HI12Base11isConnectedEv), (8 bytes).
    Removing controltask.o(.ARM.exidx.text._ZN18BoardCommunication11isConnectedEv), (8 bytes).
    Removing controltask.o(.ARM.exidx.text._ZNK3BSP14REMOTE_CONTROL16RemoteController11get_right_xEv), (8 bytes).
    Removing controltask.o(.ARM.exidx.text._ZNK3BSP14REMOTE_CONTROL16RemoteController11get_right_yEv), (8 bytes).
    Removing controltask.o(.ARM.exidx.text._ZN3BSP5Motor9MotorBaseILh1EE11getIsenableEv), (8 bytes).
    Removing controltask.o(.ARM.exidx.text._ZN3BSP5Motor2DM11DMMotorBaseILh1EE3OffENS1_5ModelE), (8 bytes).
    Removing controltask.o(.ARM.exidx.text._ZN3BSP5Motor9MotorBaseILh1EE11setIsenableEb), (8 bytes).
    Removing controltask.o(.ARM.exidx.text._ZN3ALG3PID3PID5resetEv), (8 bytes).
    Removing controltask.o(.ARM.exidx.text._ZN3BSP5Motor2DM11DMMotorBaseILh1EE2OnENS1_5ModelE), (8 bytes).
    Removing controltask.o(.ARM.exidx.text._ZN3BSP3IMU10HI12_float10GetGyroRPMEi), (8 bytes).
    Removing controltask.o(.ARM.exidx.text._ZN3BSP5Motor9MotorBaseILh1EE14getAddAngleDegEh), (8 bytes).
    Removing controltask.o(.ARM.exidx.text._ZN3ALG3PID3PID9getOutputEv), (8 bytes).
    Removing controltask.o(.ARM.exidx.text._ZN3BSP5Motor9MotorBaseILh1EE14getVelocityRpmEh), (8 bytes).
    Removing controltask.o(.ARM.exidx.text._ZNK3ALG4ADRC10FirstLADRC4GetUEv), (8 bytes).
    Removing controltask.o(.ARM.exidx.text._ZN3BSP3IMU10HI12_float9GetAddYawEv), (8 bytes).
    Removing controltask.o(.ARM.exidx.text._ZN10Gimbal_FSM13Get_Now_StateEv), (8 bytes).
    Removing controltask.o(.text._ZNK3BSP14REMOTE_CONTROL16RemoteController11get_scroll_Ev), (14 bytes).
    Removing controltask.o(.ARM.exidx.text._ZNK3BSP14REMOTE_CONTROL16RemoteController11get_scroll_Ev), (8 bytes).
    Removing controltask.o(.text._ZN10Launch_FSM13Get_Now_StateEv), (14 bytes).
    Removing controltask.o(.ARM.exidx.text._ZN10Launch_FSM13Get_Now_StateEv), (8 bytes).
    Removing controltask.o(.ARM.exidx.text._ZNK3BSP14REMOTE_CONTROL16RemoteController6get_s1Ev), (8 bytes).
    Removing controltask.o(.ARM.exidx.text._ZNK3BSP14REMOTE_CONTROL16RemoteController6get_s2Ev), (8 bytes).
    Removing controltask.o(.ARM.exidx.text._ZN3ALG4ADRC8AdrcBaseC2Ev), (8 bytes).
    Removing controltask.o(.ARM.exidx.text._ZN3ALG4ADRC8AdrcBase9SetMinMaxEff), (8 bytes).
    Removing controltask.o(.ARM.exidx.text._ZN3ALG4ADRC8AdrcBase11Set_WcW0B0HEffff), (8 bytes).
    Removing controltask.o(.ARM.exidx.text._ZNK3BSP11WATCH_STATE10StateWatch9GetStatusEv), (8 bytes).
    Removing controltask.o(.ARM.exidx.text._ZN3HAL3CAN7ICanBus8get_can2Ev), (8 bytes).
    Removing imutask.o(.ARM.exidx.text._ZN3BSP3IMU10HI12_floatC2Ev), (8 bytes).
    Removing imutask.o(.ARM.exidx.text._ZN3BSP3IMU10HI12_floatD2Ev), (8 bytes).
    Removing imutask.o(.ARM.exidx.text._ZN3BSP3IMU8HI12BaseC2Ei), (8 bytes).
    Removing imutask.o(.ARM.exidx.text._ZN3BSP3IMU10HI12_floatD0Ev), (8 bytes).
    Removing imutask.o(.ARM.exidx.text._ZN3BSP3IMU8HI12BaseD2Ev), (8 bytes).
    Removing imutask.o(.ARM.exidx.text._ZN3BSP3IMU8HI12BaseD0Ev), (8 bytes).
    Removing imutask.o(.ARM.exidx.text._ZN3BSP3IMU10HI12_float10DataUpdateEPh), (8 bytes).
    Removing imutask.o(.ARM.exidx.text._ZN3BSP3IMU8HI12Base15updateTimestampEv), (8 bytes).
    Removing imutask.o(.ARM.exidx.text._ZN3BSP3IMU8HI12Base6VerifyEPh), (8 bytes).
    Removing imutask.o(.ARM.exidx.text._ZN3BSP3IMU8HI12Base9GetVerifyEv), (8 bytes).
    Removing imutask.o(.ARM.exidx.text._ZN3BSP3IMU8HI12Base2R4EPh), (8 bytes).
    Removing imutask.o(.ARM.exidx.text._ZN3BSP3IMU8HI12Base9SetHeaderEPh), (8 bytes).
    Removing imutask.o(.ARM.exidx.text._ZN3BSP3IMU8HI12Base6SetCrcEPh), (8 bytes).
    Removing imutask.o(.ARM.exidx.text._ZN3BSP3IMU8HI12Base9SetLengthEPh), (8 bytes).
    Removing imutask.o(.ARM.exidx.text._ZN3BSP3IMU8HI12Base6headerEv), (8 bytes).
    Removing imutask.o(.ARM.exidx.text._ZN3BSP3IMU8HI12Base3crcEPh), (8 bytes).
    Removing imutask.o(.ARM.exidx.text._ZN3BSP3IMU8HI12Base12crc16_updateEPtPKhj), (8 bytes).
    Removing motortask.o(.ARM.exidx.text._ZN3BSP5Motor3Dji6GM3508ILh4EEC2EtRA4_Khj), (8 bytes).
    Removing motortask.o(.ARM.exidx.text._ZN3BSP5Motor3Dji6GM6020ILh1EEC2EtRA1_Khj), (8 bytes).
    Removing motortask.o(.ARM.exidx.text._ZN3BSP5Motor3Dji6GM2006ILh1EEC2EtRA1_Khj), (8 bytes).
    Removing motortask.o(.ARM.exidx.text._ZN3BSP5Motor2DM5J4310ILh1EEC2EtRA1_Khj), (8 bytes).
    Removing motortask.o(.ARM.exidx.text._ZN3BSP5Motor3Dji12DjiMotorBaseILh1EE6setCANEsi), (8 bytes).
    Removing motortask.o(.ARM.exidx.text._ZN3BSP5Motor3Dji12DjiMotorBaseILh1EE7sendCANEv), (8 bytes).
    Removing motortask.o(.ARM.exidx.text._ZN3BSP5Motor2DM11DMMotorBaseILh1EE8ctrl_MitEfffff), (8 bytes).
    Removing motortask.o(.ARM.exidx.text._ZN3BSP5Motor3Dji12DjiMotorBaseILh4EE6setCANEsi), (8 bytes).
    Removing motortask.o(.ARM.exidx.text._ZN3BSP5Motor3Dji12DjiMotorBaseILh4EE7sendCANEv), (8 bytes).
    Removing motortask.o(.ARM.exidx.text._ZN3HAL3CAN7ICanBus8get_can1Ev), (8 bytes).
    Removing motortask.o(.ARM.exidx.text._ZN3BSP5Motor2DM11DMMotorBaseILh1EE13float_to_uintEfffi), (8 bytes).
    Removing motortask.o(.ARM.exidx.text._ZN3BSP5Motor3Dji10ParametersC2Eddddd), (8 bytes).
    Removing motortask.o(.ARM.exidx.text._ZN3BSP5Motor3Dji12DjiMotorBaseILh4EEC2EtRA4_KhjNS1_10ParametersE), (8 bytes).
    Removing motortask.o(.ARM.exidx.text._ZN3BSP5Motor3Dji12DjiMotorBaseILh4EE5ParseERKN3HAL3CAN5FrameE), (8 bytes).
    Removing motortask.o(.ARM.exidx.text._ZN3BSP5Motor9MotorBaseILh4EEC2Ej), (8 bytes).
    Removing motortask.o(.ARM.exidx.text._ZN3BSP11WATCH_STATE10StateWatchC2Ev), (8 bytes).
    Removing motortask.o(.ARM.exidx.text._ZN3BSP5Motor3Dji12DjiMotorBaseILh4EE9ConfigureEj), (8 bytes).
    Removing motortask.o(.ARM.exidx.text._ZN3BSP5Motor9MotorBaseILh4EE15updateTimestampEh), (8 bytes).
    Removing motortask.o(.ARM.exidx.text._ZN3BSP5Motor3Dji12DjiMotorBaseILh1EEC2EtRA1_KhjNS1_10ParametersE), (8 bytes).
    Removing motortask.o(.ARM.exidx.text._ZN3BSP5Motor3Dji12DjiMotorBaseILh1EE5ParseERKN3HAL3CAN5FrameE), (8 bytes).
    Removing motortask.o(.ARM.exidx.text._ZN3BSP5Motor9MotorBaseILh1EEC2Ej), (8 bytes).
    Removing motortask.o(.ARM.exidx.text._ZN3BSP5Motor3Dji12DjiMotorBaseILh1EE9ConfigureEj), (8 bytes).
    Removing motortask.o(.ARM.exidx.text._ZN3BSP5Motor9MotorBaseILh1EE15updateTimestampEh), (8 bytes).
    Removing motortask.o(.ARM.exidx.text._ZN3BSP5Motor2DM10ParametersC2Effffffffff), (8 bytes).
    Removing motortask.o(.ARM.exidx.text._ZN3BSP5Motor2DM11DMMotorBaseILh1EEC2EtRA1_KhjNS1_10ParametersE), (8 bytes).
    Removing motortask.o(.ARM.exidx.text._ZN3BSP5Motor2DM11DMMotorBaseILh1EE5ParseERKN3HAL3CAN5FrameE), (8 bytes).
    Removing motortask.o(.ARM.exidx.text._ZN3BSP5Motor2DM11DMMotorBaseILh1EE9ConfigureEj), (8 bytes).
    Removing motortask.o(.ARM.exidx.text._ZN3BSP5Motor2DM11DMMotorBaseILh1EE13uint_to_floatEiffi), (8 bytes).
    Removing motortask.o(.ARM.exidx.text._ZNSt3__210__function16__policy_invokerIFvRKN3HAL3CAN5FrameEEEC2B8nn190000EPFvPKNS0_16__policy_storageES6_E), (8 bytes).

1872 unused section(s) (total 92818 bytes) removed from the image.
