Component: Arm Compiler for Embedded 6.22 Tool: armlink [5ee90200]

==============================================================================

Section Cross References

    startup_stm32f407xx.o(STACK) refers (Special) to heapauxi.o(.text) for __use_two_region_memory
    startup_stm32f407xx.o(HEAP) refers (Special) to heapauxi.o(.text) for __use_two_region_memory
    startup_stm32f407xx.o(RESET) refers (Special) to heapauxi.o(.text) for __use_two_region_memory
    startup_stm32f407xx.o(RESET) refers to startup_stm32f407xx.o(STACK) for __initial_sp
    startup_stm32f407xx.o(RESET) refers to startup_stm32f407xx.o(.text) for Reset_Handler
    startup_stm32f407xx.o(RESET) refers to stm32f4xx_it.o(.text.NMI_Handler) for NMI_Handler
    startup_stm32f407xx.o(RESET) refers to stm32f4xx_it.o(.text.HardFault_Handler) for HardFault_Handler
    startup_stm32f407xx.o(RESET) refers to stm32f4xx_it.o(.text.MemManage_Handler) for MemManage_Handler
    startup_stm32f407xx.o(RESET) refers to stm32f4xx_it.o(.text.BusFault_Handler) for BusFault_Handler
    startup_stm32f407xx.o(RESET) refers to stm32f4xx_it.o(.text.UsageFault_Handler) for UsageFault_Handler
    startup_stm32f407xx.o(RESET) refers to port.o(.text.SVC_Handler) for SVC_Handler
    startup_stm32f407xx.o(RESET) refers to stm32f4xx_it.o(.text.DebugMon_Handler) for DebugMon_Handler
    startup_stm32f407xx.o(RESET) refers to port.o(.text.PendSV_Handler) for PendSV_Handler
    startup_stm32f407xx.o(RESET) refers to port.o(.text.SysTick_Handler) for SysTick_Handler
    startup_stm32f407xx.o(RESET) refers to stm32f4xx_it.o(.text.DMA1_Stream1_IRQHandler) for DMA1_Stream1_IRQHandler
    startup_stm32f407xx.o(RESET) refers to stm32f4xx_it.o(.text.CAN1_TX_IRQHandler) for CAN1_TX_IRQHandler
    startup_stm32f407xx.o(RESET) refers to stm32f4xx_it.o(.text.CAN1_RX0_IRQHandler) for CAN1_RX0_IRQHandler
    startup_stm32f407xx.o(RESET) refers to stm32f4xx_it.o(.text.TIM1_UP_TIM10_IRQHandler) for TIM1_UP_TIM10_IRQHandler
    startup_stm32f407xx.o(RESET) refers to stm32f4xx_it.o(.text.TIM4_IRQHandler) for TIM4_IRQHandler
    startup_stm32f407xx.o(RESET) refers to stm32f4xx_it.o(.text.USART1_IRQHandler) for USART1_IRQHandler
    startup_stm32f407xx.o(RESET) refers to stm32f4xx_it.o(.text.USART3_IRQHandler) for USART3_IRQHandler
    startup_stm32f407xx.o(RESET) refers to stm32f4xx_it.o(.text.DMA2_Stream2_IRQHandler) for DMA2_Stream2_IRQHandler
    startup_stm32f407xx.o(RESET) refers to stm32f4xx_it.o(.text.CAN2_TX_IRQHandler) for CAN2_TX_IRQHandler
    startup_stm32f407xx.o(RESET) refers to stm32f4xx_it.o(.text.CAN2_RX0_IRQHandler) for CAN2_RX0_IRQHandler
    startup_stm32f407xx.o(RESET) refers to stm32f4xx_it.o(.text.DMA2_Stream6_IRQHandler) for DMA2_Stream6_IRQHandler
    startup_stm32f407xx.o(RESET) refers to stm32f4xx_it.o(.text.DMA2_Stream7_IRQHandler) for DMA2_Stream7_IRQHandler
    startup_stm32f407xx.o(RESET) refers to stm32f4xx_it.o(.text.USART6_IRQHandler) for USART6_IRQHandler
    startup_stm32f407xx.o(.text) refers (Special) to heapauxi.o(.text) for __use_two_region_memory
    startup_stm32f407xx.o(.text) refers to system_stm32f4xx.o(.text.SystemInit) for SystemInit
    startup_stm32f407xx.o(.text) refers to __main.o(!!!main) for __main
    startup_stm32f407xx.o(.text) refers to startup_stm32f407xx.o(HEAP) for Heap_Mem
    startup_stm32f407xx.o(.text) refers to startup_stm32f407xx.o(STACK) for Stack_Mem
    main.o(.text.main) refers to stm32f4xx_hal.o(.text.HAL_Init) for HAL_Init
    main.o(.text.main) refers to main.o(.text.SystemClock_Config) for SystemClock_Config
    main.o(.text.main) refers to gpio.o(.text.MX_GPIO_Init) for MX_GPIO_Init
    main.o(.text.main) refers to dma.o(.text.MX_DMA_Init) for MX_DMA_Init
    main.o(.text.main) refers to can.o(.text.MX_CAN1_Init) for MX_CAN1_Init
    main.o(.text.main) refers to can.o(.text.MX_CAN2_Init) for MX_CAN2_Init
    main.o(.text.main) refers to usart.o(.text.MX_USART3_UART_Init) for MX_USART3_UART_Init
    main.o(.text.main) refers to usart.o(.text.MX_USART1_UART_Init) for MX_USART1_UART_Init
    main.o(.text.main) refers to usart.o(.text.MX_USART6_UART_Init) for MX_USART6_UART_Init
    main.o(.text.main) refers to tim.o(.text.MX_TIM4_Init) for MX_TIM4_Init
    main.o(.text.main) refers to djimotor.o(.text.CanInit) for CanInit
    main.o(.text.main) refers to uart_driver.o(.text.RxEventCallback) for RxEventCallback
    main.o(.text.main) refers to pwm_driver.o(.text.pwminit) for pwminit
    main.o(.text.main) refers to freertos.o(.text.MX_FREERTOS_Init) for MX_FREERTOS_Init
    main.o(.text.main) refers to cmsis_os.o(.text.osKernelStart) for osKernelStart
    main.o(.ARM.exidx.text.main) refers to main.o(.text.main) for [Anonymous Symbol]
    main.o(.text.SystemClock_Config) refers to rt_memclr_w.o(.text) for __aeabi_memclr4
    main.o(.text.SystemClock_Config) refers to stm32f4xx_hal_rcc.o(.text.HAL_RCC_OscConfig) for HAL_RCC_OscConfig
[...]
    0x08003218   0x08003218   0x0000003c   Code   RO         2152    .text.HAL_CAN_RxFifo0MsgPendingCallback  can_driver.o
    0x08003254   0x08003254   0x00000008   Code   RO          586    .text.HAL_CAN_RxFifo1FullCallback  stm32f4xx_hal_can.o
    0x0800325c   0x0800325c   0x00000008   Code   RO          588    .text.HAL_CAN_RxFifo1MsgPendingCallback  stm32f4xx_hal_can.o
    0x08003264   0x08003264   0x00000008   Code   RO          590    .text.HAL_CAN_SleepCallback  stm32f4xx_hal_can.o
    0x0800326c   0x0800326c   0x0000008a   Code   RO          542    .text.HAL_CAN_Start  stm32f4xx_hal_can.o
    0x080032f6   0x080032f6   0x00000002   PAD
    0x080032f8   0x080032f8   0x00000008   Code   RO          572    .text.HAL_CAN_TxMailbox0AbortCallback  stm32f4xx_hal_can.o
    0x08003300   0x08003300   0x00000008   Code   RO          570    .text.HAL_CAN_TxMailbox0CompleteCallback  stm32f4xx_hal_can.o
    0x08003308   0x08003308   0x00000008   Code   RO          576    .text.HAL_CAN_TxMailbox1AbortCallback  stm32f4xx_hal_can.o
    0x08003310   0x08003310   0x00000008   Code   RO          574    .text.HAL_CAN_TxMailbox1CompleteCallback  stm32f4xx_hal_can.o
    0x08003318   0x08003318   0x00000008   Code   RO          580    .text.HAL_CAN_TxMailbox2AbortCallback  stm32f4xx_hal_can.o
    0x08003320   0x08003320   0x00000008   Code   RO          578    .text.HAL_CAN_TxMailbox2CompleteCallback  stm32f4xx_hal_can.o
    0x08003328   0x08003328   0x00000008   Code   RO          592    .text.HAL_CAN_WakeUpFromRxMsgCallback  stm32f4xx_hal_can.o
    0x08003330   0x08003330   0x000000ec   Code   RO          797    .text.HAL_DMA_Abort  stm32f4xx_hal_dma.o
    0x0800341c   0x0800341c   0x00000044   Code   RO          799    .text.HAL_DMA_Abort_IT  stm32f4xx_hal_dma.o
    0x08003460   0x08003460   0x0000031e   Code   RO          803    .text.HAL_DMA_IRQHandler  stm32f4xx_hal_dma.o
    0x0800377e   0x0800377e   0x00000002   PAD
    0x08003780   0x08003780   0x0000016e   Code   RO          783    .text.HAL_DMA_Init  stm32f4xx_hal_dma.o
    0x080038ee   0x080038ee   0x00000002   PAD
    0x080038f0   0x080038f0   0x000000c2   Code   RO          795    .text.HAL_DMA_Start_IT  stm32f4xx_hal_dma.o
    0x080039b2   0x080039b2   0x00000002   PAD
    0x080039b4   0x080039b4   0x000003b6   Code   RO          745    .text.HAL_GPIO_Init  stm32f4xx_hal_gpio.o
    0x08003d6a   0x08003d6a   0x00000002   PAD
    0x08003d6c   0x08003d6c   0x0000000c   Code   RO          970    .text.HAL_GetTick   stm32f4xx_hal.o
    0x08003d78   0x08003d78   0x0000001a   Code   RO          968    .text.HAL_IncTick   stm32f4xx_hal.o
    0x08003d92   0x08003d92   0x00000002   PAD
    0x08003d94   0x08003d94   0x00000036   Code   RO          958    .text.HAL_Init      stm32f4xx_hal.o
    0x08003dca   0x08003dca   0x00000002   PAD
    0x08003dcc   0x08003dcc   0x000000da   Code   RO          180    .text.HAL_InitTick  stm32f4xx_hal_timebase_tim.o
    0x08003ea6   0x08003ea6   0x00000002   PAD
    0x08003ea8   0x08003ea8   0x00000058   Code   RO          172    .text.HAL_MspInit   stm32f4xx_hal_msp.o
    0x08003f00   0x08003f00   0x00000014   Code   RO          893    .text.HAL_NVIC_EnableIRQ  stm32f4xx_hal_cortex.o
    0x08003f14   0x08003f14   0x00000032   Code   RO          885    .text.HAL_NVIC_SetPriority  stm32f4xx_hal_cortex.o
    0x08003f46   0x08003f46   0x00000002   PAD
    0x08003f48   0x08003f48   0x00000010   Code   RO          881    .text.HAL_NVIC_SetPriorityGrouping  stm32f4xx_hal_cortex.o
    0x08003f58   0x08003f58   0x00000262   Code   RO          613    .text.HAL_RCC_ClockConfig  stm32f4xx_hal_rcc.o
    0x080041ba   0x080041ba   0x00000002   PAD
    0x080041bc   0x080041bc   0x00000054   Code   RO          631    .text.HAL_RCC_GetClockConfig  stm32f4xx_hal_rcc.o
    0x08004210   0x08004210   0x0000000c   Code   RO          623    .text.HAL_RCC_GetHCLKFreq  stm32f4xx_hal_rcc.o
    0x0800421c   0x0800421c   0x00000022   Code   RO          625    .text.HAL_RCC_GetPCLK1Freq  stm32f4xx_hal_rcc.o
    0x0800423e   0x0800423e   0x00000002   PAD
    0x08004240   0x08004240   0x00000022   Code   RO          627    .text.HAL_RCC_GetPCLK2Freq  stm32f4xx_hal_rcc.o
    0x08004262   0x08004262   0x00000002   PAD
    0x08004264   0x08004264   0x000000e6   Code   RO          615    .text.HAL_RCC_GetSysClockFreq  stm32f4xx_hal_rcc.o
    0x0800434a   0x0800434a   0x00000002   PAD
    0x0800434c   0x0800434c   0x000006be   Code   RO          611    .text.HAL_RCC_OscConfig  stm32f4xx_hal_rcc.o
    0x08004a0a   0x08004a0a   0x00000002   PAD
    0x08004a0c   0x08004a0c   0x00000008   Code   RO          517    .text.HAL_TIMEx_BreakCallback  stm32f4xx_hal_tim_ex.o
    0x08004a14   0x08004a14   0x00000008   Code   RO          513    .text.HAL_TIMEx_CommutCallback  stm32f4xx_hal_tim_ex.o
    0x08004a1c   0x08004a1c   0x00000122   Code   RO          507    .text.HAL_TIMEx_MasterConfigSynchronization  stm32f4xx_hal_tim_ex.o
    0x08004b3e   0x08004b3e   0x00000002   PAD
    0x08004b40   0x08004b40   0x0000009c   Code   RO          194    .text.HAL_TIM_Base_Init  stm32f4xx_hal_tim.o
    0x08004bdc   0x08004bdc   0x00000008   Code   RO          196    .text.HAL_TIM_Base_MspInit  stm32f4xx_hal_tim.o
    0x08004be4   0x08004be4   0x000000f6   Code   RO          208    .text.HAL_TIM_Base_Start_IT  stm32f4xx_hal_tim.o
    0x08004cda   0x08004cda   0x00000002   PAD
    0x08004cdc   0x08004cdc   0x00000008   Code   RO          330    .text.HAL_TIM_IC_CaptureCallback  stm32f4xx_hal_tim.o
    0x08004ce4   0x08004ce4   0x0000021a   Code   RO          328    .text.HAL_TIM_IRQHandler  stm32f4xx_hal_tim.o
    0x08004efe   0x08004efe   0x00000002   PAD
    0x08004f00   0x08004f00   0x0000006c   Code   RO           89    .text.HAL_TIM_MspPostInit  tim.o
    0x08004f6c   0x08004f6c   0x00000008   Code   RO          332    .text.HAL_TIM_OC_DelayElapsedCallback  stm32f4xx_hal_tim.o
    0x08004f74   0x08004f74   0x00000142   Code   RO          360    .text.HAL_TIM_PWM_ConfigChannel  stm32f4xx_hal_tim.o
    0x080050b6   0x080050b6   0x00000002   PAD
    0x080050b8   0x080050b8   0x0000009c   Code   RO          248    .text.HAL_TIM_PWM_Init  stm32f4xx_hal_tim.o
    0x08005154   0x08005154   0x00000052   Code   RO           91    .text.HAL_TIM_PWM_MspInit  tim.o
    0x080051a6   0x080051a6   0x00000002   PAD
    0x080051a8   0x080051a8   0x00000008   Code   RO          334    .text.HAL_TIM_PWM_PulseFinishedCallback  stm32f4xx_hal_tim.o
    0x080051b0   0x080051b0   0x0000023c   Code   RO          260    .text.HAL_TIM_PWM_Start_IT  stm32f4xx_hal_tim.o
    0x080053ec   0x080053ec   0x00000020   Code   RO           17    .text.HAL_TIM_PeriodElapsedCallback  main.o
    0x0800540c   0x0800540c   0x00000008   Code   RO          338    .text.HAL_TIM_TriggerCallback  stm32f4xx_hal_tim.o
    0x08005414   0x08005414   0x000000b8   Code   RO         1101    .text.HAL_UARTEx_ReceiveToIdle_DMA  stm32f4xx_hal_uart.o
    0x080054cc   0x080054cc   0x00000028   Code   RO         2292    .text.HAL_UARTEx_RxEventCallback  uart_driver.o
    0x080054f4   0x080054f4   0x0000007e   Code   RO         2296    .text.HAL_UART_ErrorCallback  uart_driver.o
    0x08005572   0x08005572   0x00000002   PAD
    0x08005574   0x08005574   0x0000000c   Code   RO         1165    .text.HAL_UART_GetError  stm32f4xx_hal_uart.o
    0x08005580   0x08005580   0x0000045c   Code   RO         1131    .text.HAL_UART_IRQHandler  stm32f4xx_hal_uart.o
    0x080059dc   0x080059dc   0x0000009e   Code   RO         1047    .text.HAL_UART_Init  stm32f4xx_hal_uart.o
    0x08005a7a   0x08005a7a   0x00000002   PAD
    0x08005a7c   0x08005a7c   0x00000368   Code   RO          109    .text.HAL_UART_MspInit  usart.o
    0x08005de4   0x08005de4   0x00000008   Code   RO         1149    .text.HAL_UART_RxCpltCallback  stm32f4xx_hal_uart.o
    0x08005dec   0x08005dec   0x00000008   Code   RO         1151    .text.HAL_UART_RxHalfCpltCallback  stm32f4xx_hal_uart.o
    0x08005df4   0x08005df4   0x000000fc   Code   RO         1075    .text.HAL_UART_Transmit_DMA  stm32f4xx_hal_uart.o
    0x08005ef0   0x08005ef0   0x00000008   Code   RO         1145    .text.HAL_UART_TxCpltCallback  stm32f4xx_hal_uart.o
    0x08005ef8   0x08005ef8   0x00000008   Code   RO         1147    .text.HAL_UART_TxHalfCpltCallback  stm32f4xx_hal_uart.o
    0x08005f00   0x08005f00   0x00000004   Code   RO          129    .text.HardFault_Handler  stm32f4xx_it.o
    0x08005f04   0x08005f04   0x0000004e   Code   RO           61    .text.MX_CAN1_Init  can.o
    0x08005f52   0x08005f52   0x00000002   PAD
    0x08005f54   0x08005f54   0x0000004e   Code   RO           63    .text.MX_CAN2_Init  can.o
    0x08005fa2   0x08005fa2   0x00000002   PAD
    0x08005fa4   0x08005fa4   0x00000098   Code   RO           79    .text.MX_DMA_Init   dma.o
    0x0800603c   0x0800603c   0x00000140   Code   RO           37    .text.MX_FREERTOS_Init  freertos.o
    0x0800617c   0x0800617c   0x000000d2   Code   RO           27    .text.MX_GPIO_Init  gpio.o
    0x0800624e   0x0800624e   0x00000002   PAD
    0x08006250   0x08006250   0x0000009c   Code   RO           87    .text.MX_TIM4_Init  tim.o
    0x080062ec   0x080062ec   0x00000040   Code   RO          103    .text.MX_USART1_UART_Init  usart.o
    0x0800632c   0x0800632c   0x0000004c   Code   RO          105    .text.MX_USART3_UART_Init  usart.o
    0x08006378   0x08006378   0x00000040   Code   RO          107    .text.MX_USART6_UART_Init  usart.o
    0x080063b8   0x080063b8   0x00000004   Code   RO          131    .text.MemManage_Handler  stm32f4xx_it.o
    0x080063bc   0x080063bc   0x00000004   Code   RO          127    .text.NMI_Handler   stm32f4xx_it.o
    0x080063c0   0x080063c0   0x0000006c   Code   RO          891    .text.NVIC_EncodePriority  stm32f4xx_hal_cortex.o
    0x0800642c   0x0800642c   0x00000004   PAD
    0x08006430   0x08006430   0x00000064   Code   RO         1663    .text.PendSV_Handler  port.o
    0x08006494   0x08006494   0x00000040   Code   RO         2300    .text.RxEventCallback  uart_driver.o
    0x080064d4   0x080064d4   0x0000000c   PAD
    0x080064e0   0x080064e0   0x00000024   Code   RO         1647    .text.SVC_Handler   port.o
    0x08006504   0x08006504   0x00000010   Code   RO           39    .text.StartDefaultTask  freertos.o
    0x08006514   0x08006514   0x0000003c   Code   RO         1665    .text.SysTick_Handler  port.o
    0x08006550   0x08006550   0x000000ba   Code   RO           13    .text.SystemClock_Config  main.o
    0x0800660a   0x0800660a   0x00000002   PAD
    0x0800660c   0x0800660c   0x00000012   Code   RO         1178    .text.SystemInit    system_stm32f4xx.o
    0x0800661e   0x0800661e   0x00000002   PAD
    0x08006620   0x08006620   0x00000010   Code   RO          145    .text.TIM1_UP_TIM10_IRQHandler  stm32f4xx_it.o
    0x08006630   0x08006630   0x00000010   Code   RO          147    .text.TIM4_IRQHandler  stm32f4xx_it.o
    0x08006640   0x08006640   0x000001a4   Code   RO          198    .text.TIM_Base_SetConfig  stm32f4xx_hal_tim.o
    0x080067e4   0x080067e4   0x00000036   Code   RO          232    .text.TIM_CCxChannelCmd  stm32f4xx_hal_tim.o
    0x0800681a   0x0800681a   0x00000002   PAD
    0x0800681c   0x0800681c   0x000000ea   Code   RO          342    .text.TIM_OC1_SetConfig  stm32f4xx_hal_tim.o
    0x08006906   0x08006906   0x00000002   PAD
    0x08006908   0x08006908   0x000000f4   Code   RO          344    .text.TIM_OC2_SetConfig  stm32f4xx_hal_tim.o
    0x080069fc   0x080069fc   0x000000f2   Code   RO          346    .text.TIM_OC3_SetConfig  stm32f4xx_hal_tim.o
    0x08006aee   0x08006aee   0x00000002   PAD
    0x08006af0   0x08006af0   0x000000a4   Code   RO          348    .text.TIM_OC4_SetConfig  stm32f4xx_hal_tim.o
    0x08006b94   0x08006b94   0x0000001c   Code   RO         1135    .text.UART_DMAAbortOnError  stm32f4xx_hal_uart.o
    0x08006bb0   0x08006bb0   0x0000007c   Code   RO         1081    .text.UART_DMAError  stm32f4xx_hal_uart.o
    0x08006c2c   0x08006c2c   0x000000f4   Code   RO         1167    .text.UART_DMAReceiveCplt  stm32f4xx_hal_uart.o
    0x08006d20   0x08006d20   0x00000034   Code   RO         1169    .text.UART_DMARxHalfCplt  stm32f4xx_hal_uart.o
    0x08006d54   0x08006d54   0x0000007a   Code   RO         1077    .text.UART_DMATransmitCplt  stm32f4xx_hal_uart.o
    0x08006dce   0x08006dce   0x00000002   PAD
    0x08006dd0   0x08006dd0   0x00000016   Code   RO         1079    .text.UART_DMATxHalfCplt  stm32f4xx_hal_uart.o
    0x08006de6   0x08006de6   0x00000002   PAD
    0x08006de8   0x08006de8   0x00000094   Code   RO         1095    .text.UART_EndRxTransfer  stm32f4xx_hal_uart.o
    0x08006e7c   0x08006e7c   0x00000026   Code   RO         1143    .text.UART_EndTransmit_IT  stm32f4xx_hal_uart.o
    0x08006ea2   0x08006ea2   0x00000002   PAD
    0x08006ea4   0x08006ea4   0x00000036   Code   RO         1093    .text.UART_EndTxTransfer  stm32f4xx_hal_uart.o
    0x08006eda   0x08006eda   0x00000002   PAD
    0x08006edc   0x08006edc   0x00000168   Code   RO         1133    .text.UART_Receive_IT  stm32f4xx_hal_uart.o
    0x08007044   0x08007044   0x0000013a   Code   RO         1051    .text.UART_SetConfig  stm32f4xx_hal_uart.o
    0x0800717e   0x0800717e   0x00000002   PAD
    0x08007180   0x08007180   0x00000130   Code   RO         1085    .text.UART_Start_Receive_DMA  stm32f4xx_hal_uart.o
    0x080072b0   0x080072b0   0x00000094   Code   RO         1141    .text.UART_Transmit_IT  stm32f4xx_hal_uart.o
    0x08007344   0x08007344   0x00000010   Code   RO          149    .text.USART1_IRQHandler  stm32f4xx_it.o
    0x08007354   0x08007354   0x00000010   Code   RO          151    .text.USART3_IRQHandler  stm32f4xx_it.o
    0x08007364   0x08007364   0x00000010   Code   RO          163    .text.USART6_IRQHandler  stm32f4xx_it.o
    0x08007374   0x08007374   0x00000004   Code   RO          135    .text.UsageFault_Handler  stm32f4xx_it.o
    0x08007378   0x08007378   0x0000000c   Code   RO         2160    .text._GLOBAL__sub_I_can_driver.cpp  can_driver.o
    0x08007384   0x08007384   0x00000008   Code   RO         1982    .text._GLOBAL__sub_I_djimotor.cpp  djimotor.o
    0x0800738c   0x0800738c   0x0000001c   Code   RO         1789    .text._GLOBAL__sub_I_pid.cpp  pid.o
    0x080073a8   0x080073a8   0x00000008   Code   RO         2264    .text._GLOBAL__sub_I_pwm_driver.cpp  pwm_driver.o
    0x080073b0   0x080073b0   0x00000008   Code   RO         1892    .text._GLOBAL__sub_I_target.cpp  target.o
    0x080073b8   0x080073b8   0x0000000c   Code   RO         2302    .text._GLOBAL__sub_I_uart_driver.cpp  uart_driver.o
    0x080073c4   0x080073c4   0x00000054   Code   RO         1932    .text._Z10MotorStatev  state.o
    0x08007418   0x08007418   0x0000002e   Code   RO         1934    .text._Z11RemoteStatev  state.o
    0x08007446   0x08007446   0x00000002   PAD
    0x08007448   0x08007448   0x00000028   Code   RO         2298    .text._Z15DR16_RxCallbackPKht  uart_driver.o
    0x08007470   0x08007470   0x00000018   Code   RO         1978    .text._Z19GlobalRmMotorRxDataRKN9CanDriver8CanFrameE  djimotor.o
    0x08007488   0x08007488   0x00000046   Code   RO         2290    .text._Z19UartDriver_RegisterPN10UartDriver10uartDriverEP20__UART_HandleTypeDef  uart_driver.o
    0x080074ce   0x080074ce   0x00000002   PAD
    0x080074d0   0x080074d0   0x00000026   Code   RO         2154    .text._Z20CAN1_RxFifo0Callbackv  can_driver.o
    0x080074f6   0x080074f6   0x00000002   PAD
    0x080074f8   0x080074f8   0x00000026   Code   RO         2156    .text._Z20CAN2_RxFifo0Callbackv  can_driver.o
    0x0800751e   0x0800751e   0x00000002   PAD
    0x08007520   0x08007520   0x00000088   Code   RO         1888    .text._Z9Dead_zonev  target.o
    0x080075a8   0x080075a8   0x00000068   Code   RO         2294    .text._ZL15UartDriver_FindP20__UART_HandleTypeDef  uart_driver.o
    0x08007610   0x08007610   0x00000026   Code   RO         2472    .text._ZL17operator_new_implj  libcpp_w.l(new.cpp.o)
    0x08007636   0x08007636   0x00000002   PAD
    0x08007638   0x08007638   0x0000004a   Code   RO         2490    .text._ZL25operator_new_aligned_impljSt11align_val_t  libcpp_w.l(new.cpp.o)
    0x08007682   0x08007682   0x00000002   PAD
    0x08007684   0x08007684   0x00000012   Code   RO         1869    .text._ZN10Kinematics8WheelsetILh4EE21setVehicleDirection_wEf  chassis_control.o
    0x08007696   0x08007696   0x00000002   PAD
    0x08007698   0x08007698   0x00000012   Code   RO         1871    .text._ZN10Kinematics8WheelsetILh4EE22setVehicleDirection_vxEf  chassis_control.o
    0x080076aa   0x080076aa   0x00000002   PAD
    0x080076ac   0x080076ac   0x00000012   Code   RO         1873    .text._ZN10Kinematics8WheelsetILh4EE22setVehicleDirection_vyEf  chassis_control.o
    0x080076be   0x080076be   0x00000002   PAD
    0x080076c0   0x080076c0   0x000000c4   Code   RO         1733    .text._ZN10Kinematics8WheelsetILh4EE6TargetEv  control.o
    0x08007784   0x08007784   0x0000001a   Code   RO         1735    .text._ZN10Kinematics8WheelsetILh4EE9GetTargetEh  control.o
    0x0800779e   0x0800779e   0x00000002   PAD
    0x080077a0   0x080077a0   0x0000003e   Code   RO         2319    .text._ZN10UartDriver10uartDriver12myRxCallbackEt  uart_driver.o
    0x080077de   0x080077de   0x00000002   PAD
    0x080077e0   0x080077e0   0x00000014   Code   RO         2321    .text._ZN10UartDriver10uartDriver13setRxCallbackENSt3__28functionIFvPKhtEEE  uart_driver.o
    0x080077f4   0x080077f4   0x00000072   Code   RO         2327    .text._ZN10UartDriver10uartDriver8UartInitEv  uart_driver.o
    0x08007866   0x08007866   0x00000002   PAD
    0x08007868   0x08007868   0x000000c2   Code   RO         2315    .text._ZN10UartDriver10uartDriverC2EP20__UART_HandleTypeDefttNS0_8UartModeE  uart_driver.o
    0x0800792a   0x0800792a   0x00000002   PAD
    0x0800792c   0x0800792c   0x0000003c   Code   RO         2317    .text._ZN10UartDriver10uartDriverD2Ev  uart_driver.o
    0x08007968   0x08007968   0x0000010c   Code   RO         1835    .text._ZN14ChassisControl11modelchoose13ModeSelectionEv  chassis_control.o
    0x08007a74   0x08007a74   0x00000044   Code   RO         1721    .text._ZN14ChassisControl11motortargetILh4EE11MotortargetEh  control.o
    0x08007ab8   0x08007ab8   0x000000a6   Code   RO         1715    .text._ZN14ChassisControl11motortargetILh4EE15OmnidirectionalEv  control.o
    0x08007b5e   0x08007b5e   0x00000002   PAD
    0x08007b60   0x08007b60   0x0000010c   Code   RO         1719    .text._ZN14ChassisControl11motortargetILh4EE6InvokeEv  control.o
    0x08007c6c   0x08007c6c   0x00000120   Code   RO         1859    .text._ZN14ChassisControl17kinematics_target13follow_rotateEf  chassis_control.o
    0x08007d8c   0x08007d8c   0x00000120   Code   RO         1855    .text._ZN14ChassisControl17kinematics_target6followEf  chassis_control.o
    0x08007eac   0x08007eac   0x00000008   Code   RO         1861    .text._ZN14ChassisControl17kinematics_target8keyboardEv  chassis_control.o
    0x08007eb4   0x08007eb4   0x0000014c   Code   RO         1857    .text._ZN14ChassisControl17kinematics_target8nofollowEf  chassis_control.o
    0x08008000   0x08008000   0x00000094   Code   RO         1783    .text._ZN3PID4PID_24Zero_crossing_processingEff  pid.o
    0x08008094   0x08008094   0x00000058   Code   RO         1785    .text._ZN3PID4PID_9Limit_maxEPff  pid.o
    0x080080ec   0x080080ec   0x000001b0   Code   RO         1781    .text._ZN3PID4PID_9NormalPIDEff  pid.o
    0x0800829c   0x0800829c   0x00000044   Code   RO         1804    .text._ZN3PID4PID_C2Ehffffff  pid.o
    0x080082e0   0x080082e0   0x00000020   Code   RO         2054    .text._ZN5State10monitoring11getlastTimeEv  djimotor.o
    0x08008300   0x08008300   0x00000020   Code   RO         1952    .text._ZN5State10monitoring7getTimeEv  state.o
    0x08008320   0x08008320   0x00000034   Code   RO         1954    .text._ZN5State10monitoring9checkTimeEi  state.o
    0x08008354   0x08008354   0x000000f4   Code   RO         1930    .text._ZN5State5model11updateStateEv  state.o
    0x08008448   0x08008448   0x0000000c   Code   RO         1849    .text._ZN5State5model12getLastStateEv  chassis_control.o
    0x08008454   0x08008454   0x00000010   Code   RO         1847    .text._ZN5State5model14isStateChangedEv  chassis_control.o
    0x08008464   0x08008464   0x0000000c   Code   RO         1851    .text._ZN5State5model15getCurrentStateEv  chassis_control.o
    0x08008470   0x08008470   0x000001d8   Code   RO         2036    .text._ZN5motor11CoefficientC2Edddddd  djimotor.o
    0x08008648   0x08008648   0x0000005e   Code   RO         2046    .text._ZN5motor12DJImotorBaseILh4EE10DataUpdateEPKhh  djimotor.o
    0x080086a6   0x080086a6   0x00000002   PAD
    0x080086a8   0x080086a8   0x0000006e   Code   RO         2004    .text._ZN5motor12DJImotorBaseILh4EE13RmMotorRxDataERKN9CanDriver8CanFrameE  djimotor.o
    0x08008716   0x08008716   0x00000002   PAD
    0x08008718   0x08008718   0x000000ac   Code   RO         1737    .text._ZN5motor12DJImotorBaseILh4EE13SendMotorDataEtssss  control.o
    0x080087c4   0x080087c4   0x00000052   Code   RO         1948    .text._ZN5motor12DJImotorBaseILh4EE16checkMotorsStateEv  state.o
    0x08008816   0x08008816   0x00000002   PAD
    0x08008818   0x08008818   0x00000012   Code   RO         2008    .text._ZN5motor12DJImotorBaseILh4EE6SetCanEPN9CanDriver6CanHalE  djimotor.o
    0x0800882a   0x0800882a   0x00000006   PAD
    0x08008830   0x08008830   0x00000218   Code   RO         2048    .text._ZN5motor12DJImotorBaseILh4EE9ConfigureEj  djimotor.o
    0x08008a48   0x08008a48   0x0000001e   Code   RO         1741    .text._ZN5motor12DJImotorBaseILh4EE9PackInt16EPhs  control.o
    0x08008a66   0x08008a66   0x00000002   PAD
    0x08008a68   0x08008a68   0x00000044   Code   RO         1725    .text._ZN5motor12DJImotorBaseILh4EE9Send0x200Essss  control.o
    0x08008aac   0x08008aac   0x0000006e   Code   RO         2038    .text._ZN5motor12DJImotorBaseILh4EEC2EtPA4_hjPNS_11CoefficientE  djimotor.o
    0x08008b1a   0x08008b1a   0x00000006   PAD
    0x08008b20   0x08008b20   0x00000090   Code   RO         2000    .text._ZN5motor6GM3508ILh4EEC2EtPA4_hj  djimotor.o
    0x08008bb0   0x08008bb0   0x00000022   Code   RO         2002    .text._ZN5motor6GM3508ILh4EED2Ev  djimotor.o
    0x08008bd2   0x08008bd2   0x00000002   PAD
    0x08008bd4   0x08008bd4   0x00000060   Code   RO         2042    .text._ZN5motor9MotorBaseILh4EE11EncoderDataC2Ev  djimotor.o
    0x08008c34   0x08008c34   0x00000024   Code   RO         1729    .text._ZN5motor9MotorBaseILh4EE11GetSpeedRefEh  control.o
    0x08008c58   0x08008c58   0x00000020   Code   RO         1723    .text._ZN5motor9MotorBaseILh4EE9SetTargetEhf  control.o
    0x08008c78   0x08008c78   0x00000038   Code   RO         2040    .text._ZN5motor9MotorBaseILh4EEC2Ev  djimotor.o
    0x08008cb0   0x08008cb0   0x00000082   Code   RO         2404    .text._ZN6Buzzer8C_buzzer6remoteEv  buzzer.o
    0x08008d32   0x08008d32   0x00000002   PAD
    0x08008d34   0x08008d34   0x0000000e   Code   RO         1865    .text._ZN6Target6target10Getvx_leftEv  chassis_control.o
    0x08008d42   0x08008d42   0x00000002   PAD
    0x08008d44   0x08008d44   0x0000000e   Code   RO         1867    .text._ZN6Target6target10Getvy_leftEv  chassis_control.o
    0x08008d52   0x08008d52   0x00000002   PAD
    0x08008d54   0x08008d54   0x00000174   Code   RO         1886    .text._ZN6Target6target16TargetDataUpdateEv  target.o
    0x08008ec8   0x08008ec8   0x0000000e   Code   RO         1863    .text._ZN6Target6target9GetRollerEv  chassis_control.o
    0x08008ed6   0x08008ed6   0x00000002   PAD
    0x08008ed8   0x08008ed8   0x0000011a   Code   RO         2127    .text._ZN7Clicker4DR1614DR16DataUpdataEPKh  dr16.o
    0x08008ff2   0x08008ff2   0x00000002   PAD
    0x08008ff4   0x08008ff4   0x00000024   Code   RO         1950    .text._ZN7Clicker4DR1623checkRemotecontrolStateEv  state.o
    0x08009018   0x08009018   0x00000022   Code   RO         1703    .text._ZN7Control13motor_control12wheelControlEv  control.o
    0x0800903a   0x0800903a   0x00000002   PAD
    0x0800903c   0x0800903c   0x00000016   Code   RO         1705    .text._ZN7Control14remote_control13remoteControlEv  control.o
    0x08009052   0x08009052   0x00000002   PAD
    0x08009054   0x08009054   0x0000000e   Code   RO         1749    .text._ZN7Monitor13motor_monitor12MotorMonitorEv  monitor.o
    0x08009062   0x08009062   0x00000002   PAD
    0x08009064   0x08009064   0x0000000e   Code   RO         1751    .text._ZN7Monitor14remote_monitor20RemotecontrolMonitorEv  monitor.o
    0x08009072   0x08009072   0x00000002   PAD
    0x08009074   0x08009074   0x0000000e   Code   RO         2052    .text._ZN8odometry14angle_odometry19getAccumulatedAngleEv  djimotor.o
    0x08009082   0x08009082   0x00000002   PAD
    0x08009084   0x08009084   0x000000e8   Code   RO         2050    .text._ZN8odometry14angle_odometry6updateEf  djimotor.o
    0x0800916c   0x0800916c   0x00000032   Code   RO         2044    .text._ZN8odometry14angle_odometryC2Eff  djimotor.o
    0x0800919e   0x0800919e   0x00000002   PAD
    0x080091a0   0x080091a0   0x0000005a   Code   RO         2200    .text._ZN9CanDriver11STM32CANHal4SendERKNS_8CanFrameE  can_driver.o
    0x080091fa   0x080091fa   0x00000002   PAD
    0x080091fc   0x080091fc   0x00000020   Code   RO         2176    .text._ZN9CanDriver11STM32CANHalC2Ev  can_driver.o
    0x0800921c   0x0800921c   0x00000018   Code   RO         2198    .text._ZN9CanDriver11STM32CANHalD0Ev  can_driver.o
    0x08009234   0x08009234   0x00000014   Code   RO         2196    .text._ZN9CanDriver11STM32CANHalD2Ev  can_driver.o
    0x08009248   0x08009248   0x000001ac   Code   RO         2148    .text._ZN9CanDriver12CreateCANHalEj  can_driver.o
    0x080093f4   0x080093f4   0x0000007e   Code   RO         2158    .text._ZN9CanDriver6CanHal10IrqRxFifo0Ev  can_driver.o
    0x08009472   0x08009472   0x00000002   PAD
    0x08009474   0x08009474   0x00000014   Code   RO         2010    .text._ZN9CanDriver6CanHal13SetRxCallbackENSt3__28functionIFvRKNS_8CanFrameEEEE  djimotor.o
    0x08009488   0x08009488   0x000000aa   Code   RO         2150    .text._ZN9CanDriver6CanHal15ConfigureFilterEv  can_driver.o
    0x08009532   0x08009532   0x00000002   PAD
    0x08009534   0x08009534   0x00000022   Code   RO         2194    .text._ZN9CanDriver6CanHalC2Ev  can_driver.o
    0x08009556   0x08009556   0x00000002   PAD
    0x08009558   0x08009558   0x00000006   Code   RO         2206    .text._ZN9CanDriver6CanHalD0Ev  can_driver.o
    0x0800955e   0x0800955e   0x00000002   PAD
    0x08009560   0x08009560   0x00000022   Code   RO         2204    .text._ZN9CanDriver6CanHalD2Ev  can_driver.o
    0x08009582   0x08009582   0x00000002   PAD
    0x08009584   0x08009584   0x00000036   Code   RO         1739    .text._ZN9CanDriver8CanFrameC2Ev  control.o
    0x080095ba   0x080095ba   0x00000002   PAD
    0x080095bc   0x080095bc   0x0000001a   Code   RO         1731    .text._ZN9PidTarget10pid_targetILh4EE12GetPidTargetEh  control.o
    0x080095d6   0x080095d6   0x00000002   PAD
    0x080095d8   0x080095d8   0x0000005c   Code   RO         1853    .text._ZN9PidTarget10pid_targetILh4EE4stopEh  chassis_control.o
    0x08009634   0x08009634   0x00000038   Code   RO         1727    .text._ZN9PidTarget10pid_targetILh4EE6pidsetEh  control.o
    0x0800966c   0x0800966c   0x000000c8   Code   RO         2414    .text._ZN9PwmDriver9pwmDriverILh1ELh4EE6setPwmEhht  buzzer.o
    0x08009734   0x08009734   0x00000068   Code   RO         2278    .text._ZN9PwmDriver9pwmDriverILh1ELh4EE7PWMInitEv  pwm_driver.o
    0x0800979c   0x0800979c   0x00000016   Code   RO         2276    .text._ZN9PwmDriver9pwmDriverILh1ELh4EEC2ERA1_P17TIM_HandleTypeDefRA4_j  pwm_driver.o
    0x080097b2   0x080097b2   0x00000002   PAD
    0x080097b4   0x080097b4   0x0000000c   Code   RO         2337    .text._ZNK10UartDriver10uartDriver9getHandleEv  uart_driver.o
    0x080097c0   0x080097c0   0x0000000a   Code   RO         1717    .text._ZNK5motor9MotorBaseILh4EE13GetMotorCountEv  control.o
    0x080097ca   0x080097ca   0x00000002   PAD
    0x080097cc   0x080097cc   0x00000040   Code   RO         1946    .text._ZNK5motor9MotorBaseILh4EE13IsMotorOnlineEh  state.o
    0x0800980c   0x0800980c   0x00000012   Code   RO         1944    .text._ZNK7Clicker4DR1621IsRemotecontrolOnlineEv  state.o
    0x0800981e   0x0800981e   0x00000002   PAD
    0x08009820   0x08009820   0x0000001c   Code   RO         2345    .text._ZNKSt3__210__function13__policy_funcIFvPKhtEEclB8nn190000EOS3_Ot  uart_driver.o
    0x0800983c   0x0800983c   0x00000012   Code   RO         2343    .text._ZNKSt3__210__function13__policy_funcIFvPKhtEEcvbB8nn190000Ev  uart_driver.o
    0x0800984e   0x0800984e   0x00000002   PAD
    0x08009850   0x08009850   0x00000014   Code   RO         2248    .text._ZNKSt3__210__function13__policy_funcIFvRKN9CanDriver8CanFrameEEEclB8nn190000ES5_  can_driver.o
    0x08009864   0x08009864   0x00000012   Code   RO         2246    .text._ZNKSt3__210__function13__policy_funcIFvRKN9CanDriver8CanFrameEEEcvbB8nn190000Ev  can_driver.o
    0x08009876   0x08009876   0x00000002   PAD
    0x08009878   0x08009878   0x00000012   Code   RO         2184    .text._ZNKSt3__210unique_ptrIN9CanDriver11STM32CANHalENS_14default_deleteIS2_EEE3getB8nn190000Ev  can_driver.o
    0x0800988a   0x0800988a   0x00000002   PAD
    0x0800988c   0x0800988c   0x00000018   Code   RO         2174    .text._ZNKSt3__210unique_ptrIN9CanDriver11STM32CANHalENS_14default_deleteIS2_EEEcvbB8nn190000Ev  can_driver.o
    0x080098a4   0x080098a4   0x00000012   Code   RO         2182    .text._ZNKSt3__210unique_ptrIN9CanDriver11STM32CANHalENS_14default_deleteIS2_EEEptB8nn190000Ev  can_driver.o
    0x080098b6   0x080098b6   0x00000002   PAD
    0x080098b8   0x080098b8   0x00000012   Code   RO         2006    .text._ZNKSt3__210unique_ptrIN9CanDriver6CanHalENS_14default_deleteIS2_EEE3getB8nn190000Ev  djimotor.o
    0x080098ca   0x080098ca   0x00000002   PAD
    0x080098cc   0x080098cc   0x0000001e   Code   RO         2222    .text._ZNKSt3__214default_deleteIN9CanDriver11STM32CANHalEEclB8nn190000EPS2_  can_driver.o
    0x080098ea   0x080098ea   0x00000002   PAD
    0x080098ec   0x080098ec   0x0000001e   Code   RO         2062    .text._ZNKSt3__214default_deleteIN9CanDriver6CanHalEEclB8nn190000EPS2_  djimotor.o
    0x0800990a   0x0800990a   0x00000002   PAD
    0x0800990c   0x0800990c   0x00000010   Code   RO         2228    .text._ZNKSt3__217__compressed_pairIPN9CanDriver11STM32CANHalENS_14default_deleteIS2_EEE5firstB8nn190000Ev  can_driver.o
    0x0800991c   0x0800991c   0x00000010   Code   RO         2078    .text._ZNKSt3__217__compressed_pairIPN9CanDriver6CanHalENS_14default_deleteIS2_EEE5firstB8nn190000Ev  djimotor.o
    0x0800992c   0x0800992c   0x0000000a   Code   RO         2230    .text._ZNKSt3__222__compressed_pair_elemIPN9CanDriver11STM32CANHalELi0ELb0EE5__getB8nn190000Ev  can_driver.o
    0x08009936   0x08009936   0x00000002   PAD
    0x08009938   0x08009938   0x0000000a   Code   RO         2080    .text._ZNKSt3__222__compressed_pair_elemIPN9CanDriver6CanHalELi0ELb0EE5__getB8nn190000Ev  djimotor.o
    0x08009942   0x08009942   0x00000002   PAD
    0x08009944   0x08009944   0x0000001c   Code   RO         2341    .text._ZNKSt3__28functionIFvPKhtEEclES2_t  uart_driver.o
    0x08009960   0x08009960   0x00000010   Code   RO         2339    .text._ZNKSt3__28functionIFvPKhtEEcvbB8nn190000Ev  uart_driver.o
    0x08009970   0x08009970   0x00000014   Code   RO         2192    .text._ZNKSt3__28functionIFvRKN9CanDriver8CanFrameEEEclES4_  can_driver.o
    0x08009984   0x08009984   0x00000010   Code   RO         2190    .text._ZNKSt3__28functionIFvRKN9CanDriver8CanFrameEEEcvbB8nn190000Ev  can_driver.o
    0x08009994   0x08009994   0x00000010   Code   RO         2363    .text._ZNSt3__210__function10__not_nullB8nn190000IFvPKhtEEEbPT_  uart_driver.o
    0x080099a4   0x080099a4   0x00000010   Code   RO         2088    .text._ZNSt3__210__function10__not_nullB8nn190000IFvRKN9CanDriver8CanFrameEEEEbPT_  djimotor.o
    0x080099b4   0x080099b4   0x0000002e   Code   RO         2355    .text._ZNSt3__210__function13__policy_funcIFvPKhtEE4swapB8nn190000ERS5_  uart_driver.o
    0x080099e2   0x080099e2   0x00000002   PAD
    0x080099e4   0x080099e4   0x00000044   Code   RO         2353    .text._ZNSt3__210__function13__policy_funcIFvPKhtEEC2B8nn190000ERKS5_  uart_driver.o
    0x08009a28   0x08009a28   0x0000001e   Code   RO         2331    .text._ZNSt3__210__function13__policy_funcIFvPKhtEEC2B8nn190000Ev  uart_driver.o
    0x08009a46   0x08009a46   0x00000002   PAD
    0x08009a48   0x08009a48   0x0000004c   Code   RO         2361    .text._ZNSt3__210__function13__policy_funcIFvPKhtEEC2B8nn190000IPS4_TnNS_9enable_ifIXntsr7is_sameIu7__decayIT_ES5_EE5valueEiE4typeELi0EEEOS9_  uart_driver.o
    0x08009a94   0x08009a94   0x00000026   Code   RO         2359    .text._ZNSt3__210__function13__policy_funcIFvPKhtEED2B8nn190000Ev  uart_driver.o
    0x08009aba   0x08009aba   0x00000002   PAD
    0x08009abc   0x08009abc   0x0000002e   Code   RO         2028    .text._ZNSt3__210__function13__policy_funcIFvRKN9CanDriver8CanFrameEEE4swapB8nn190000ERS7_  djimotor.o
    0x08009aea   0x08009aea   0x00000002   PAD
    0x08009aec   0x08009aec   0x00000044   Code   RO         2026    .text._ZNSt3__210__function13__policy_funcIFvRKN9CanDriver8CanFrameEEEC2B8nn190000ERKS7_  djimotor.o
    0x08009b30   0x08009b30   0x0000001e   Code   RO         2208    .text._ZNSt3__210__function13__policy_funcIFvRKN9CanDriver8CanFrameEEEC2B8nn190000Ev  can_driver.o
    0x08009b4e   0x08009b4e   0x00000002   PAD
    0x08009b50   0x08009b50   0x0000004c   Code   RO         2082    .text._ZNSt3__210__function13__policy_funcIFvRKN9CanDriver8CanFrameEEEC2B8nn190000IPS6_TnNS_9enable_ifIXntsr7is_sameIu7__decayIT_ES7_EE5valueEiE4typeELi0EEEOSB_  djimotor.o
    0x08009b9c   0x08009b9c   0x00000026   Code   RO         2112    .text._ZNSt3__210__function13__policy_funcIFvRKN9CanDriver8CanFrameEEED2B8nn190000Ev  djimotor.o
    0x08009bc2   0x08009bc2   0x00000002   PAD
    0x08009bc4   0x08009bc4   0x00000020   Code   RO         2371    .text._ZNSt3__210__function16__policy_invokerIFvPKhtEE11__call_implB8nn190000INS0_20__default_alloc_funcIPS4_S4_EEEEvPKNS0_16__policy_storageES3_t  uart_driver.o
    0x08009be4   0x08009be4   0x0000000e   Code   RO         2335    .text._ZNSt3__210__function16__policy_invokerIFvPKhtEE12__call_emptyB8nn190000EPKNS0_16__policy_storageES3_t  uart_driver.o
    0x08009bf2   0x08009bf2   0x00000002   PAD
    0x08009bf4   0x08009bf4   0x00000018   Code   RO         2365    .text._ZNSt3__210__function16__policy_invokerIFvPKhtEE8__createB8nn190000INS0_20__default_alloc_funcIPS4_S4_EEEES5_v  uart_driver.o
    0x08009c0c   0x08009c0c   0x00000010   Code   RO         2373    .text._ZNSt3__210__function16__policy_invokerIFvPKhtEEC2B8nn190000EPFvPKNS0_16__policy_storageES3_tE  uart_driver.o
    0x08009c1c   0x08009c1c   0x00000014   Code   RO         2333    .text._ZNSt3__210__function16__policy_invokerIFvPKhtEEC2B8nn190000Ev  uart_driver.o
    0x08009c30   0x08009c30   0x00000018   Code   RO         2100    .text._ZNSt3__210__function16__policy_invokerIFvRKN9CanDriver8CanFrameEEE11__call_implB8nn190000INS0_20__default_alloc_funcIPS6_S6_EEEEvPKNS0_16__policy_storageES5_  djimotor.o
    0x08009c48   0x08009c48   0x0000000a   Code   RO         2096    .text._ZNSt3__210__function16__policy_invokerIFvRKN9CanDriver8CanFrameEEE12__call_emptyB8nn190000EPKNS0_16__policy_storageES5_  djimotor.o
    0x08009c52   0x08009c52   0x00000002   PAD
    0x08009c54   0x08009c54   0x00000018   Code   RO         2090    .text._ZNSt3__210__function16__policy_invokerIFvRKN9CanDriver8CanFrameEEE8__createB8nn190000INS0_20__default_alloc_funcIPS6_S6_EEEES7_v  djimotor.o
    0x08009c6c   0x08009c6c   0x00000010   Code   RO         2102    .text._ZNSt3__210__function16__policy_invokerIFvRKN9CanDriver8CanFrameEEEC2B8nn190000EPFvPKNS0_16__policy_storageES5_E  djimotor.o
    0x08009c7c   0x08009c7c   0x00000014   Code   RO         2084    .text._ZNSt3__210__function16__policy_invokerIFvRKN9CanDriver8CanFrameEEEC2B8nn190000Ev  djimotor.o
    0x08009c90   0x08009c90   0x00000012   Code   RO         2369    .text._ZNSt3__210__function20__default_alloc_funcIPFvPKhtES4_EC2B8nn190000EOS5_  uart_driver.o
    0x08009ca2   0x08009ca2   0x00000002   PAD
    0x08009ca4   0x08009ca4   0x00000018   Code   RO         2375    .text._ZNSt3__210__function20__default_alloc_funcIPFvPKhtES4_EclB8nn190000EOS3_Ot  uart_driver.o
    0x08009cbc   0x08009cbc   0x00000012   Code   RO         2094    .text._ZNSt3__210__function20__default_alloc_funcIPFvRKN9CanDriver8CanFrameEES6_EC2B8nn190000EOS7_  djimotor.o
    0x08009cce   0x08009cce   0x00000002   PAD
    0x08009cd0   0x08009cd0   0x00000014   Code   RO         2104    .text._ZNSt3__210__function20__default_alloc_funcIPFvRKN9CanDriver8CanFrameEES6_EclB8nn190000ES5_  djimotor.o
    0x08009ce4   0x08009ce4   0x0000000a   Code   RO         2086    .text._ZNSt3__210__function8__policy14__create_emptyB8nn190000Ev  djimotor.o
    0x08009cee   0x08009cee   0x00000002   PAD
    0x08009cf0   0x08009cf0   0x0000000e   Code   RO         2381    .text._ZNSt3__210__function8__policy15__choose_policyB8nn190000INS0_20__default_alloc_funcIPFvPKhtES6_EEEEPKS1_NS_17integral_constantIbLb1EEE  uart_driver.o
    0x08009cfe   0x08009cfe   0x00000002   PAD
    0x08009d00   0x08009d00   0x0000000e   Code   RO         2110    .text._ZNSt3__210__function8__policy15__choose_policyB8nn190000INS0_20__default_alloc_funcIPFvRKN9CanDriver8CanFrameEES8_EEEEPKS1_NS_17integral_constantIbLb1EEE  djimotor.o
    0x08009d0e   0x08009d0e   0x00000002   PAD
    0x08009d10   0x08009d10   0x0000000c   Code   RO         2367    .text._ZNSt3__210__function8__policy8__createB8nn190000INS0_20__default_alloc_funcIPFvPKhtES6_EEEEPKS1_v  uart_driver.o
    0x08009d1c   0x08009d1c   0x0000000c   Code   RO         2092    .text._ZNSt3__210__function8__policy8__createB8nn190000INS0_20__default_alloc_funcIPFvRKN9CanDriver8CanFrameEES8_EEEEPKS1_v  djimotor.o
    0x08009d28   0x08009d28   0x00000010   Code   RO         2240    .text._ZNSt3__210unique_ptrIN9CanDriver11STM32CANHalENS_14default_deleteIS2_EEE11get_deleterB8nn190000Ev  can_driver.o
    0x08009d38   0x08009d38   0x0000003e   Code   RO         2216    .text._ZNSt3__210unique_ptrIN9CanDriver11STM32CANHalENS_14default_deleteIS2_EEE5resetB8nn190000EPS2_  can_driver.o
    0x08009d76   0x08009d76   0x00000002   PAD
    0x08009d78   0x08009d78   0x00000026   Code   RO         2238    .text._ZNSt3__210unique_ptrIN9CanDriver11STM32CANHalENS_14default_deleteIS2_EEE7releaseB8nn190000Ev  can_driver.o
    0x08009d9e   0x08009d9e   0x00000002   PAD
    0x08009da0   0x08009da0   0x0000001c   Code   RO         2178    .text._ZNSt3__210unique_ptrIN9CanDriver11STM32CANHalENS_14default_deleteIS2_EEEC2B8nn190000ILb1EvEEPS2_  can_driver.o
    0x08009dbc   0x08009dbc   0x00000016   Code   RO         2172    .text._ZNSt3__210unique_ptrIN9CanDriver11STM32CANHalENS_14default_deleteIS2_EEED2B8nn190000Ev  can_driver.o
    0x08009dd2   0x08009dd2   0x00000002   PAD
    0x08009dd4   0x08009dd4   0x0000002c   Code   RO         2180    .text._ZNSt3__210unique_ptrIN9CanDriver11STM32CANHalENS_14default_deleteIS2_EEEaSB8nn190000EOS5_  can_driver.o
    0x08009e00   0x08009e00   0x00000010   Code   RO         2070    .text._ZNSt3__210unique_ptrIN9CanDriver6CanHalENS_14default_deleteIS2_EEE11get_deleterB8nn190000Ev  djimotor.o
    0x08009e10   0x08009e10   0x0000003e   Code   RO         2056    .text._ZNSt3__210unique_ptrIN9CanDriver6CanHalENS_14default_deleteIS2_EEE5resetB8nn190000EPS2_  djimotor.o
    0x08009e4e   0x08009e4e   0x00000002   PAD
    0x08009e50   0x08009e50   0x00000026   Code   RO         2068    .text._ZNSt3__210unique_ptrIN9CanDriver6CanHalENS_14default_deleteIS2_EEE7releaseB8nn190000Ev  djimotor.o
    0x08009e76   0x08009e76   0x00000002   PAD
    0x08009e78   0x08009e78   0x0000002a   Code   RO         2016    .text._ZNSt3__210unique_ptrIN9CanDriver6CanHalENS_14default_deleteIS2_EEEC2B8nn190000EOS5_  djimotor.o
    0x08009ea2   0x08009ea2   0x00000002   PAD
    0x08009ea4   0x08009ea4   0x0000001e   Code   RO         2188    .text._ZNSt3__210unique_ptrIN9CanDriver6CanHalENS_14default_deleteIS2_EEEC2B8nn190000ILb1EvEEDn  can_driver.o
    0x08009ec2   0x08009ec2   0x00000002   PAD
    0x08009ec4   0x08009ec4   0x0000001c   Code   RO         2186    .text._ZNSt3__210unique_ptrIN9CanDriver6CanHalENS_14default_deleteIS2_EEEC2B8nn190000ILb1EvEEPS2_  can_driver.o
    0x08009ee0   0x08009ee0   0x00000016   Code   RO         2018    .text._ZNSt3__210unique_ptrIN9CanDriver6CanHalENS_14default_deleteIS2_EEED2B8nn190000Ev  djimotor.o
    0x08009ef6   0x08009ef6   0x00000002   PAD
    0x08009ef8   0x08009ef8   0x00000010   Code   RO         2218    .text._ZNSt3__217__compressed_pairIPN9CanDriver11STM32CANHalENS_14default_deleteIS2_EEE5firstB8nn190000Ev  can_driver.o
    0x08009f08   0x08009f08   0x00000010   Code   RO         2220    .text._ZNSt3__217__compressed_pairIPN9CanDriver11STM32CANHalENS_14default_deleteIS2_EEE6secondB8nn190000Ev  can_driver.o
    0x08009f18   0x08009f18   0x00000020   Code   RO         2232    .text._ZNSt3__217__compressed_pairIPN9CanDriver11STM32CANHalENS_14default_deleteIS2_EEEC2B8nn190000IRS3_NS_16__value_init_tagEEEOT_OT0_  can_driver.o
    0x08009f38   0x08009f38   0x00000010   Code   RO         2058    .text._ZNSt3__217__compressed_pairIPN9CanDriver6CanHalENS_14default_deleteIS2_EEE5firstB8nn190000Ev  djimotor.o
    0x08009f48   0x08009f48   0x00000010   Code   RO         2060    .text._ZNSt3__217__compressed_pairIPN9CanDriver6CanHalENS_14default_deleteIS2_EEE6secondB8nn190000Ev  djimotor.o
    0x08009f58   0x08009f58   0x0000001e   Code   RO         2210    .text._ZNSt3__217__compressed_pairIPN9CanDriver6CanHalENS_14default_deleteIS2_EEEC2B8nn190000INS_16__value_init_tagES8_EEOT_OT0_  can_driver.o
    0x08009f76   0x08009f76   0x00000002   PAD
    0x08009f78   0x08009f78   0x00000020   Code   RO         2242    .text._ZNSt3__217__compressed_pairIPN9CanDriver6CanHalENS_14default_deleteIS2_EEEC2B8nn190000IRS3_NS_16__value_init_tagEEEOT_OT0_  can_driver.o
    0x08009f98   0x08009f98   0x00000022   Code   RO         2072    .text._ZNSt3__217__compressed_pairIPN9CanDriver6CanHalENS_14default_deleteIS2_EEEC2B8nn190000IS3_S5_EEOT_OT0_  djimotor.o
    0x08009fba   0x08009fba   0x00000002   PAD
    0x08009fbc   0x08009fbc   0x0000000a   Code   RO         2226    .text._ZNSt3__222__compressed_pair_elemINS_14default_deleteIN9CanDriver11STM32CANHalEEELi1ELb1EE5__getB8nn190000Ev  can_driver.o
    0x08009fc6   0x08009fc6   0x00000002   PAD
    0x08009fc8   0x08009fc8   0x0000000a   Code   RO         2236    .text._ZNSt3__222__compressed_pair_elemINS_14default_deleteIN9CanDriver11STM32CANHalEEELi1ELb1EEC2B8nn190000ENS_16__value_init_tagE  can_driver.o
    0x08009fd2   0x08009fd2   0x00000002   PAD
    0x08009fd4   0x08009fd4   0x0000000a   Code   RO         2066    .text._ZNSt3__222__compressed_pair_elemINS_14default_deleteIN9CanDriver6CanHalEEELi1ELb1EE5__getB8nn190000Ev  djimotor.o
    0x08009fde   0x08009fde   0x00000002   PAD
    0x08009fe0   0x08009fe0   0x0000000a   Code   RO         2214    .text._ZNSt3__222__compressed_pair_elemINS_14default_deleteIN9CanDriver6CanHalEEELi1ELb1EEC2B8nn190000ENS_16__value_init_tagE  can_driver.o
    0x08009fea   0x08009fea   0x00000002   PAD
    0x08009fec   0x08009fec   0x0000000c   Code   RO         2076    .text._ZNSt3__222__compressed_pair_elemINS_14default_deleteIN9CanDriver6CanHalEEELi1ELb1EEC2B8nn190000IS4_vEEOT_  djimotor.o
    0x08009ff8   0x08009ff8   0x0000000a   Code   RO         2224    .text._ZNSt3__222__compressed_pair_elemIPN9CanDriver11STM32CANHalELi0ELb0EE5__getB8nn190000Ev  can_driver.o
    0x0800a002   0x0800a002   0x00000002   PAD
    0x0800a004   0x0800a004   0x00000012   Code   RO         2234    .text._ZNSt3__222__compressed_pair_elemIPN9CanDriver11STM32CANHalELi0ELb0EEC2B8nn190000IRS3_vEEOT_  can_driver.o
    0x0800a016   0x0800a016   0x00000002   PAD
    0x0800a018   0x0800a018   0x0000000a   Code   RO         2064    .text._ZNSt3__222__compressed_pair_elemIPN9CanDriver6CanHalELi0ELb0EE5__getB8nn190000Ev  djimotor.o
    0x0800a022   0x0800a022   0x00000002   PAD
    0x0800a024   0x0800a024   0x0000000e   Code   RO         2212    .text._ZNSt3__222__compressed_pair_elemIPN9CanDriver6CanHalELi0ELb0EEC2B8nn190000ENS_16__value_init_tagE  can_driver.o
    0x0800a032   0x0800a032   0x00000002   PAD
    0x0800a034   0x0800a034   0x00000012   Code   RO         2244    .text._ZNSt3__222__compressed_pair_elemIPN9CanDriver6CanHalELi0ELb0EEC2B8nn190000IRS3_vEEOT_  can_driver.o
    0x0800a046   0x0800a046   0x00000002   PAD
    0x0800a048   0x0800a048   0x00000012   Code   RO         2074    .text._ZNSt3__222__compressed_pair_elemIPN9CanDriver6CanHalELi0ELb0EEC2B8nn190000IS3_vEEOT_  djimotor.o
    0x0800a05a   0x0800a05a   0x0000001e   Code   RO         2510    .text._ZNSt3__222__libcpp_verbose_abortEPKcz  libcpp_w.l(verbose_abort.cpp.o)
    0x0800a078   0x0800a078   0x0000000c   Code   RO         2098    .text._ZNSt3__225__throw_bad_function_callB8nn190000Ev  djimotor.o
    0x0800a084   0x0800a084   0x00000018   Code   RO         2377    .text._ZNSt3__228__invoke_void_return_wrapperIvLb1EE6__callB8nn190000IJRPFvPKhtES4_tEEEvDpOT_  uart_driver.o
    0x0800a09c   0x0800a09c   0x00000014   Code   RO         2106    .text._ZNSt3__228__invoke_void_return_wrapperIvLb1EE6__callB8nn190000IJRPFvRKN9CanDriver8CanFrameEES6_EEEvDpOT_  djimotor.o
    0x0800a0b0   0x0800a0b0   0x0000001e   Code   RO         2357    .text._ZNSt3__24swapB8nn190000INS_10__function16__policy_invokerIFvPKhtEEEEENS_9enable_ifIXaasr21is_move_constructibleIT_EE5valuesr18is_move_assignableIS8_EE5valueEvE4typeERS8_SB_  uart_driver.o
    0x0800a0ce   0x0800a0ce   0x00000002   PAD
    0x0800a0d0   0x0800a0d0   0x0000001e   Code   RO         2030    .text._ZNSt3__24swapB8nn190000INS_10__function16__policy_invokerIFvRKN9CanDriver8CanFrameEEEEEENS_9enable_ifIXaasr21is_move_constructibleIT_EE5valuesr18is_move_assignableISA_EE5valueEvE4typeERSA_SD_  djimotor.o
    0x0800a0ee   0x0800a0ee   0x00000002   PAD
    0x0800a0f0   0x0800a0f0   0x0000002a   Code   RO         2034    .text._ZNSt3__24swapB8nn190000INS_10__function16__policy_storageEEENS_9enable_ifIXaasr21is_move_constructibleIT_EE5valuesr18is_move_assignableIS4_EE5valueEvE4typeERS4_S7_  djimotor.o
    0x0800a11a   0x0800a11a   0x00000002   PAD
    0x0800a11c   0x0800a11c   0x0000001e   Code   RO         2032    .text._ZNSt3__24swapB8nn190000IPKNS_10__function8__policyEEENS_9enable_ifIXaasr21is_move_constructibleIT_EE5valuesr18is_move_assignableIS6_EE5valueEvE4typeERS6_S9_  djimotor.o
    0x0800a13a   0x0800a13a   0x00000002   PAD
    0x0800a13c   0x0800a13c   0x0000001c   Code   RO         2379    .text._ZNSt3__28__invokeB8nn190000IRPFvPKhtEJS2_tEEEDTclclsr3stdE7declvalIT_EEspclsr3stdE7declvalIT0_EEEEOS6_DpOS7_  uart_driver.o
    0x0800a158   0x0800a158   0x00000014   Code   RO         2108    .text._ZNSt3__28__invokeB8nn190000IRPFvRKN9CanDriver8CanFrameEEJS4_EEEDTclclsr3stdE7declvalIT_EEspclsr3stdE7declvalIT0_EEEEOS8_DpOS9_  djimotor.o
    0x0800a16c   0x0800a16c   0x00000014   Code   RO         2351    .text._ZNSt3__28functionIFvPKhtEE4swapERS4_  uart_driver.o
    0x0800a180   0x0800a180   0x00000014   Code   RO         2329    .text._ZNSt3__28functionIFvPKhtEEC2B8nn190000Ev  uart_driver.o
    0x0800a194   0x0800a194   0x00000018   Code   RO         2349    .text._ZNSt3__28functionIFvPKhtEEC2ERKS4_  uart_driver.o
    0x0800a1ac   0x0800a1ac   0x00000018   Code   RO         2323    .text._ZNSt3__28functionIFvPKhtEEC2IPS3_vEET_  uart_driver.o
    0x0800a1c4   0x0800a1c4   0x00000014   Code   RO         2325    .text._ZNSt3__28functionIFvPKhtEED2Ev  uart_driver.o
    0x0800a1d8   0x0800a1d8   0x0000002a   Code   RO         2347    .text._ZNSt3__28functionIFvPKhtEEaSERKS4_  uart_driver.o
    0x0800a202   0x0800a202   0x00000002   PAD
    0x0800a204   0x0800a204   0x00000014   Code   RO         2024    .text._ZNSt3__28functionIFvRKN9CanDriver8CanFrameEEE4swapERS6_  djimotor.o
    0x0800a218   0x0800a218   0x00000014   Code   RO         2202    .text._ZNSt3__28functionIFvRKN9CanDriver8CanFrameEEEC2B8nn190000Ev  can_driver.o
    0x0800a22c   0x0800a22c   0x00000018   Code   RO         2022    .text._ZNSt3__28functionIFvRKN9CanDriver8CanFrameEEEC2ERKS6_  djimotor.o
    0x0800a244   0x0800a244   0x00000018   Code   RO         2012    .text._ZNSt3__28functionIFvRKN9CanDriver8CanFrameEEEC2IPS5_vEET_  djimotor.o
    0x0800a25c   0x0800a25c   0x00000014   Code   RO         2014    .text._ZNSt3__28functionIFvRKN9CanDriver8CanFrameEEED2Ev  djimotor.o
    0x0800a270   0x0800a270   0x0000002a   Code   RO         2020    .text._ZNSt3__28functionIFvRKN9CanDriver8CanFrameEEEaSERKS6_  djimotor.o
    0x0800a29a   0x0800a29a   0x0000000c   Code   RO         2715    .text._ZSt15get_new_handlerv  libcppabi_w.l(cxa_handlers.cpp.o)
    0x0800a2a6   0x0800a2a6   0x00000002   PAD
    0x0800a2a8   0x0800a2a8   0x00000038   Code   RO         2694    .text._ZSt17__throw_bad_allocv  libcpp_w.l(new_helpers.cpp.o)
    0x0800a2e0   0x0800a2e0   0x00000004   Code   RO         2484    .text._ZdaPv        libcpp_w.l(new.cpp.o)
    0x0800a2e4   0x0800a2e4   0x00000004   Code   RO         2478    .text._ZdlPv        libcpp_w.l(new.cpp.o)
    0x0800a2e8   0x0800a2e8   0x00000030   Code   RO          895    .text.__NVIC_EnableIRQ  stm32f4xx_hal_cortex.o
    0x0800a318   0x0800a318   0x00000010   Code   RO          887    .text.__NVIC_GetPriorityGrouping  stm32f4xx_hal_cortex.o
    0x0800a328   0x0800a328   0x00000042   Code   RO          889    .text.__NVIC_SetPriority  stm32f4xx_hal_cortex.o
    0x0800a36a   0x0800a36a   0x00000002   PAD
    0x0800a36c   0x0800a36c   0x0000003c   Code   RO          883    .text.__NVIC_SetPriorityGrouping  stm32f4xx_hal_cortex.o
    0x0800a3a8   0x0800a3a8   0x00000028   Code   RO         2523    .text.__cxa_pure_virtual  libcppabi_w.l(cxa_virtual.cpp.o)
    0x0800a3d0   0x0800a3d0   0x0000003c   Code   RO         1769    .text.__cxx_global_var_init  pid.o
    0x0800a40c   0x0800a40c   0x00000058   Code   RO         1890    .text.__cxx_global_var_init  target.o
    0x0800a464   0x0800a464   0x0000003a   Code   RO         1976    .text.__cxx_global_var_init  djimotor.o
    0x0800a49e   0x0800a49e   0x00000002   PAD
    0x0800a4a0   0x0800a4a0   0x00000020   Code   RO         2144    .text.__cxx_global_var_init  can_driver.o
    0x0800a4c0   0x0800a4c0   0x00000020   Code   RO         2260    .text.__cxx_global_var_init  pwm_driver.o
    0x0800a4e0   0x0800a4e0   0x0000003e   Code   RO         2286    .text.__cxx_global_var_init  uart_driver.o
    0x0800a51e   0x0800a51e   0x00000002   PAD
    0x0800a520   0x0800a520   0x0000003c   Code   RO         1771    .text.__cxx_global_var_init.1  pid.o
    0x0800a55c   0x0800a55c   0x00000020   Code   RO         2146    .text.__cxx_global_var_init.1  can_driver.o
    0x0800a57c   0x0800a57c   0x0000003c   Code   RO         2288    .text.__cxx_global_var_init.1  uart_driver.o
    0x0800a5b8   0x0800a5b8   0x0000003c   Code   RO         1773    .text.__cxx_global_var_init.2  pid.o
    0x0800a5f4   0x0800a5f4   0x0000003c   Code   RO         1775    .text.__cxx_global_var_init.3  pid.o
    0x0800a630   0x0800a630   0x0000003c   Code   RO         1777    .text.__cxx_global_var_init.4  pid.o
    0x0800a66c   0x0800a66c   0x00000038   Code   RO         1779    .text.__cxx_global_var_init.5  pid.o
    0x0800a6a4   0x0800a6a4   0x00000004   Code   RO         2699    .text.abort_message  libcppabi_w.l(abort_message.cpp.o)
    0x0800a6a8   0x0800a6a8   0x00000048   Code   RO           11    .text.main          main.o
    0x0800a6f0   0x0800a6f0   0x00000028   Code   RO         1502    .text.makeFreeRtosPriority  cmsis_os.o
    0x0800a718   0x0800a718   0x00000028   Code   RO         1516    .text.osDelay       cmsis_os.o
    0x0800a740   0x0800a740   0x0000000a   Code   RO         1492    .text.osKernelStart  cmsis_os.o
    0x0800a74a   0x0800a74a   0x00000002   PAD
    0x0800a74c   0x0800a74c   0x000000ac   Code   RO         1500    .text.osThreadCreate  cmsis_os.o
    0x0800a7f8   0x0800a7f8   0x000000f4   Code   RO         1376    .text.prvAddCurrentTaskToDelayedList  tasks.o
    0x0800a8ec   0x0800a8ec   0x00000110   Code   RO         1362    .text.prvAddNewTaskToReadyList  tasks.o
    0x0800a9fc   0x0800a9fc   0x0000005a   Code   RO         1460    .text.prvCheckTasksWaitingTermination  tasks.o
    0x0800aa56   0x0800aa56   0x00000002   PAD
    0x0800aa58   0x0800aa58   0x0000005e   Code   RO         1368    .text.prvDeleteTCB  tasks.o
    0x0800aab6   0x0800aab6   0x00000002   PAD
    0x0800aab8   0x0800aab8   0x000000bc   Code   RO         1614    .text.prvHeapInit   heap_4.o
    0x0800ab74   0x0800ab74   0x00000038   Code   RO         1398    .text.prvIdleTask   tasks.o
    0x0800abac   0x0800abac   0x00000114   Code   RO         1360    .text.prvInitialiseNewTask  tasks.o
    0x0800acc0   0x0800acc0   0x0000008e   Code   RO         1458    .text.prvInitialiseTaskLists  tasks.o
    0x0800ad4e   0x0800ad4e   0x00000002   PAD
    0x0800ad50   0x0800ad50   0x000000c6   Code   RO         1616    .text.prvInsertBlockIntoFreeList  heap_4.o
    0x0800ae16   0x0800ae16   0x00000002   PAD
    0x0800ae18   0x0800ae18   0x00000028   Code   RO         1655    .text.prvPortStartFirstTask  port.o
    0x0800ae40   0x0800ae40   0x00000046   Code   RO         1370    .text.prvResetNextTaskUnblockTime  tasks.o
    0x0800ae86   0x0800ae86   0x00000002   PAD
    0x0800ae88   0x0800ae88   0x0000004c   Code   RO         1645    .text.prvTaskExitError  port.o
    0x0800aed4   0x0800aed4   0x000001ec   Code   RO         1612    .text.pvPortMalloc  heap_4.o
    0x0800b0c0   0x0800b0c0   0x00000010   Code   RO         2262    .text.pwminit       pwm_driver.o
    0x0800b0d0   0x0800b0d0   0x0000005e   Code   RO         1643    .text.pxPortInitialiseStack  port.o
    0x0800b12e   0x0800b12e   0x0000002c   Code   RO         2514    .text.unlikely.__cxa_guard_acquire  libcppabi_w.l(cxa_guard.cpp.o)
    0x0800b15a   0x0800b15a   0x00000008   Code   RO         2516    .text.unlikely.__cxa_guard_release  libcppabi_w.l(cxa_guard.cpp.o)
    0x0800b162   0x0800b162   0x00000002   PAD
    0x0800b164   0x0800b164   0x00000048   Code   RO         1230    .text.uxListRemove  list.o
    0x0800b1ac   0x0800b1ac   0x0000002a   Code   RO           35    .text.vApplicationGetIdleTaskMemory  freertos.o
    0x0800b1d6   0x0800b1d6   0x00000002   PAD
    0x0800b1d8   0x0800b1d8   0x0000002e   Code   RO         1222    .text.vListInitialise  list.o
    0x0800b206   0x0800b206   0x00000002   PAD
    0x0800b208   0x0800b208   0x0000000e   Code   RO         1224    .text.vListInitialiseItem  list.o
    0x0800b216   0x0800b216   0x00000002   PAD
    0x0800b218   0x0800b218   0x0000006a   Code   RO         1228    .text.vListInsert   list.o
    0x0800b282   0x0800b282   0x00000002   PAD
    0x0800b284   0x0800b284   0x0000003a   Code   RO         1226    .text.vListInsertEnd  list.o
    0x0800b2be   0x0800b2be   0x00000002   PAD
    0x0800b2c0   0x0800b2c0   0x00000014   Code   RO         1653    .text.vPortEnableVFP  port.o
    0x0800b2d4   0x0800b2d4   0x00000056   Code   RO         1659    .text.vPortEnterCritical  port.o
    0x0800b32a   0x0800b32a   0x00000002   PAD
    0x0800b32c   0x0800b32c   0x0000004a   Code   RO         1661    .text.vPortExitCritical  port.o
    0x0800b376   0x0800b376   0x00000002   PAD
    0x0800b378   0x0800b378   0x000000ce   Code   RO         1618    .text.vPortFree     heap_4.o
    0x0800b446   0x0800b446   0x00000002   PAD
    0x0800b448   0x0800b448   0x00000044   Code   RO         1651    .text.vPortSetupTimerInterrupt  port.o
    0x0800b48c   0x0800b48c   0x0000006e   Code   RO         1372    .text.vTaskDelay    tasks.o
    0x0800b4fa   0x0800b4fa   0x00000002   PAD
    0x0800b4fc   0x0800b4fc   0x000000ce   Code   RO         1396    .text.vTaskStartScheduler  tasks.o
    0x0800b5ca   0x0800b5ca   0x00000002   PAD
    0x0800b5cc   0x0800b5cc   0x00000010   Code   RO         1374    .text.vTaskSuspendAll  tasks.o
    0x0800b5dc   0x0800b5dc   0x000000be   Code   RO         1388    .text.vTaskSwitchContext  tasks.o
    0x0800b69a   0x0800b69a   0x00000002   PAD
    0x0800b69c   0x0800b69c   0x00000156   Code   RO         1649    .text.xPortStartScheduler  port.o
    0x0800b7f2   0x0800b7f2   0x00000002   PAD
    0x0800b7f4   0x0800b7f4   0x0000009e   Code   RO         1364    .text.xTaskCreate   tasks.o
    0x0800b892   0x0800b892   0x00000002   PAD
    0x0800b894   0x0800b894   0x000000ce   Code   RO         1358    .text.xTaskCreateStatic  tasks.o
    0x0800b962   0x0800b962   0x00000002   PAD
    0x0800b964   0x0800b964   0x000001b8   Code   RO         1402    .text.xTaskIncrementTick  tasks.o
    0x0800bb1c   0x0800bb1c   0x00000178   Code   RO         1378    .text.xTaskResumeAll  tasks.o
    0x0800bc94   0x0800bc94   0x0000003e   Code   RO         3053    CL$$btod_d2e        c_w.l(btod.o)
    0x0800bcd2   0x0800bcd2   0x00000046   Code   RO         3055    CL$$btod_d2e_denorm_low  c_w.l(btod.o)
    0x0800bd18   0x0800bd18   0x00000060   Code   RO         3054    CL$$btod_d2e_norm_op1  c_w.l(btod.o)
    0x0800bd78   0x0800bd78   0x00000338   Code   RO         3063    CL$$btod_div_common  c_w.l(btod.o)
    0x0800c0b0   0x0800c0b0   0x000000dc   Code   RO         3060    CL$$btod_e2e        c_w.l(btod.o)
    0x0800c18c   0x0800c18c   0x0000002a   Code   RO         3057    CL$$btod_ediv       c_w.l(btod.o)
    0x0800c1b6   0x0800c1b6   0x0000002a   Code   RO         3056    CL$$btod_emul       c_w.l(btod.o)
    0x0800c1e0   0x0800c1e0   0x00000244   Code   RO         3062    CL$$btod_mult_common  c_w.l(btod.o)
    0x0800c424   0x0800c424   0x00000024   Code   RO         2470    __lcxx_override     libcpp_w.l(new.cpp.o)
    0x0800c448   0x0800c448   0x00000030   Code   RO         3100    i.__ARM_fpclassify  m_wm.l(fpclassify.o)
    0x0800c478   0x0800c478   0x00000026   Code   RO         2718    i.__ARM_fpclassifyf  m_wm.l(fpclassifyf.o)
    0x0800c49e   0x0800c49e   0x00000002   PAD
    0x0800c4a0   0x0800c4a0   0x00000150   Code   RO         2528    i.__hardfp_cosf     m_wm.l(cosf.o)
    0x0800c5f0   0x0800c5f0   0x00000190   Code   RO         2534    i.__hardfp_sinf     m_wm.l(sinf.o)
    0x0800c780   0x0800c780   0x00000006   Code   RO         2721    i.__mathlib_flt_infnan  m_wm.l(funder.o)
    0x0800c786   0x0800c786   0x00000002   PAD
    0x0800c788   0x0800c788   0x00000010   Code   RO         2723    i.__mathlib_flt_invalid  m_wm.l(funder.o)
    0x0800c798   0x0800c798   0x00000010   Code   RO         2726    i.__mathlib_flt_underflow  m_wm.l(funder.o)
    0x0800c7a8   0x0800c7a8   0x00000154   Code   RO         2734    i.__mathlib_rredf2  m_wm.l(rredf.o)
    0x0800c8fc   0x0800c8fc   0x0000000e   Code   RO         2849    i._is_digit         c_w.l(__printf_wp.o)
    0x0800c90a   0x0800c90a   0x0000001c   Code   RO         2964    i.fputc             c_w.l(fputc.o)
    0x0800c926   0x0800c926   0x00000002   PAD
    0x0800c928   0x0800c928   0x0000002c   Code   RO         3084    locale$$code        c_w.l(lc_numeric_c.o)
    0x0800c954   0x0800c954   0x0000002c   Code   RO         3128    locale$$code        c_w.l(lc_ctype_c.o)
    0x0800c980   0x0800c980   0x00000062   Code   RO         2447    x$fpl$d2f           fz_wm.l(d2f.o)
    0x0800c9e2   0x0800c9e2   0x00000002   PAD
    0x0800c9e4   0x0800c9e4   0x00000150   Code   RO         2449    x$fpl$dadd          fz_wm.l(daddsub_clz.o)
    0x0800cb34   0x0800cb34   0x000002b8   Code   RO         2456    x$fpl$ddiv          fz_wm.l(ddiv.o)
    0x0800cdec   0x0800cdec   0x0000002e   Code   RO         2460    x$fpl$dflt          fz_wm.l(dflt_clz.o)
    0x0800ce1a   0x0800ce1a   0x00000002   PAD
    0x0800ce1c   0x0800ce1c   0x00000154   Code   RO         2465    x$fpl$dmul          fz_wm.l(dmul.o)
    0x0800cf70   0x0800cf70   0x0000009c   Code   RO         2684    x$fpl$dnaninf       fz_wm.l(dnaninf.o)
    0x0800d00c   0x0800d00c   0x0000000c   Code   RO         2686    x$fpl$dretinf       fz_wm.l(dretinf.o)
    0x0800d018   0x0800d018   0x000001dc   Code   RO         2451    x$fpl$dsub          fz_wm.l(daddsub_clz.o)
    0x0800d1f4   0x0800d1f4   0x00000056   Code   RO         2467    x$fpl$f2d           fz_wm.l(f2d.o)
    0x0800d24a   0x0800d24a   0x0000008c   Code   RO         2688    x$fpl$fnaninf       fz_wm.l(fnaninf.o)
    0x0800d2d6   0x0800d2d6   0x0000001a   Code   RO         2897    x$fpl$fpinit        fz_wm.l(fpinit.o)
    0x0800d2f0   0x0800d2f0   0x0000000a   Code   RO         2690    x$fpl$fretinf       fz_wm.l(fretinf.o)
    0x0800d2fa   0x0800d2fa   0x00000004   Code   RO         2899    x$fpl$printf1       fz_wm.l(printf1.o)
    0x0800d2fe   0x0800d2fe   0x00000004   Code   RO         2901    x$fpl$printf2       fz_wm.l(printf2.o)
    0x0800d302   0x0800d302   0x00000000   Code   RO         2692    x$fpl$usenofp       fz_wm.l(usenofp.o)
    0x0800d302   0x0800d302   0x00000002   PAD
    0x0800d304   0x0800d304   0x00000020   Data   RO         2735    .constdata          m_wm.l(rredf.o)
    0x0800d324   0x0800d324   0x00000008   Data   RO         2808    .constdata          c_w.l(_printf_wctomb.o)
    0x0800d32c   0x0800d32c   0x00000028   Data   RO         2837    .constdata          c_w.l(_printf_hex_int_ll_ptr.o)
    0x0800d354   0x0800d354   0x00000011   Data   RO         2857    .constdata          c_w.l(__printf_flags_ss_wp.o)
    0x0800d365   0x0800d365   0x00000004   Data   RO         2920    .constdata          c_w.l(sys_io_names.o)
    0x0800d369   0x0800d369   0x00000004   Data   RO         2921    .constdata          c_w.l(sys_io_names.o)
    0x0800d36d   0x0800d36d   0x00000004   Data   RO         2922    .constdata          c_w.l(sys_io_names.o)
    0x0800d371   0x0800d371   0x00000026   Data   RO         2952    .constdata          c_w.l(_printf_fp_hex.o)
    0x0800d397   0x0800d397   0x00000001   PAD
    0x0800d398   0x0800d398   0x00000094   Data   RO         3051    .constdata          c_w.l(bigflt0.o)
    0x0800d42c   0x0800d42c   0x0000001c   Data   RO           50    .rodata..L__const.MX_FREERTOS_Init.os_thread_def_capacitor  freertos.o
    0x0800d448   0x0800d448   0x0000001c   Data   RO           52    .rodata..L__const.MX_FREERTOS_Init.os_thread_def_chassis_comm  freertos.o
    0x0800d464   0x0800d464   0x0000001c   Data   RO           46    .rodata..L__const.MX_FREERTOS_Init.os_thread_def_chassis_ctrl  freertos.o
    0x0800d480   0x0800d480   0x0000001c   Data   RO           48    .rodata..L__const.MX_FREERTOS_Init.os_thread_def_chassis_monitor  freertos.o
    0x0800d49c   0x0800d49c   0x0000001c   Data   RO           44    .rodata..L__const.MX_FREERTOS_Init.os_thread_def_defaultTask  freertos.o
    0x0800d4b8   0x0800d4b8   0x00000010   Data   RO         1183    .rodata.AHBPrescTable  system_stm32f4xx.o
    0x0800d4c8   0x0800d4c8   0x00000008   Data   RO         1184    .rodata.APBPrescTable  system_stm32f4xx.o
    0x0800d4d0   0x0800d4d0   0x00000008   Data   RO          813    .rodata.DMA_CalcBaseAndBitshift.flagBitshiftOffset  stm32f4xx_hal_dma.o
    0x0800d4d8   0x0800d4d8   0x00000014   Data   RO         2250    .rodata._ZTVN9CanDriver11STM32CANHalE  can_driver.o
    0x0800d4ec   0x0800d4ec   0x00000014   Data   RO         2251    .rodata._ZTVN9CanDriver6CanHalE  can_driver.o
    0x0800d500   0x0800d500   0x00000010   Data   RO         1937    .rodata._ZZN5State5model11updateStateEvE12state_choose  state.o
    0x0800d510   0x0800d510   0x00000010   Data   RO         2114    .rodata._ZZNSt3__210__function8__policy14__create_emptyB8nn190000EvE8__policy  djimotor.o
    0x0800d520   0x0800d520   0x00000010   Data   RO         2383    .rodata._ZZNSt3__210__function8__policy15__choose_policyB8nn190000INS0_20__default_alloc_funcIPFvPKhtES6_EEEEPKS1_NS_17integral_constantIbLb1EEEE8__policy  uart_driver.o
    0x0800d530   0x0800d530   0x00000010   Data   RO         2115    .rodata._ZZNSt3__210__function8__policy15__choose_policyB8nn190000INS0_20__default_alloc_funcIPFvRKN9CanDriver8CanFrameEES8_EEEEPKS1_NS_17integral_constantIbLb1EEEE8__policy  djimotor.o
    0x0800d540   0x0800d540   0x00000040   Data   RO           43    .rodata.str1.1      freertos.o
    0x0800d580   0x0800d580   0x00000005   Data   RO         1473    .rodata.str1.1      tasks.o
    0x0800d585   0x0800d585   0x00000035   Data   RO         1992    .rodata.str1.1      djimotor.o
    0x0800d5ba   0x0800d5ba   0x00000093   Data   RO         2520    .rodata.str1.1      libcppabi_w.l(cxa_guard.cpp.o)
    0x0800d64d   0x0800d64d   0x00000003   PAD
    0x0800d650   0x0800d650   0x00000020   Data   RO         3161    Region$$Table       anon$$obj.o
    0x0800d670   0x0800d670   0x0000001c   Data   RO         3083    locale$$data        c_w.l(lc_numeric_c.o)
    0x0800d68c   0x0800d68c   0x00000110   Data   RO         3127    locale$$data        c_w.l(lc_ctype_c.o)
    0x0800d79c   0x0800d79c   0x00000004   Data   RO         1797    .init_array         pid.o
    0x0800d7a0   0x0800d79c   0x00000004   Data   RO         1897    .init_array         target.o
    0x0800d7a4   0x0800d79c   0x00000004   Data   RO         1993    .init_array         djimotor.o
    0x0800d7a8   0x0800d79c   0x00000004   Data   RO         2165    .init_array         can_driver.o
    0x0800d7ac   0x0800d79c   0x00000004   Data   RO         2269    .init_array         pwm_driver.o
    0x0800d7b0   0x0800d79c   0x00000004   Data   RO         2308    .init_array         uart_driver.o
    0x0800d7b4   0x0800d79c   0x00000000   Data   RO         2442    .init_array         c_w.l(init_aeabi.o)


    Execution Region RW_IRAM1 (Exec base: 0x20000000, Load base: 0x0800d7b8, Size: 0x00005338, Max: 0x0001c000, ABSOLUTE)

    Exec Addr    Load Addr    Size         Type   Attr      Idx    E Section Name        Object

    0x20000000   0x0800d7b8   0x00000004   Data   RW         2618    .data               c_w.l(stdio_streams.o)
    0x20000004   0x0800d7bc   0x00000004   Data   RW         2619    .data               c_w.l(stdio_streams.o)
    0x20000008   0x0800d7c0   0x00000004   Data   RW         2620    .data               c_w.l(stdio_streams.o)
    0x2000000c   0x0800d7c4   0x00000004   Data   RW         1182    .data.SystemCoreClock  system_stm32f4xx.o
    0x20000010   0x0800d7c8   0x00000004   Data   RW         1987    .data._ZL12motor_rx_ids  djimotor.o
    0x20000014   0x0800d7cc   0x00000014   Data   RW         1896    .data.flags         target.o
    0x20000028   0x0800d7e0   0x00000010   Data   RW         2267    .data.pwmChannels   pwm_driver.o
    0x20000038   0x0800d7f0   0x00000004   Data   RW         2266    .data.pwmTimers     pwm_driver.o
    0x2000003c   0x0800d7f4   0x00000001   Data   RW         1013    .data.uwTickFreq    stm32f4xx_hal.o
    0x2000003d   0x0800d7f5   0x00000003   PAD
    0x20000040   0x0800d7f8   0x00000004   Data   RW         1012    .data.uwTickPrio    stm32f4xx_hal.o
    0x20000044   0x0800d7fc   0x00000004   Data   RW         1671    .data.uxCriticalNesting  port.o
    0x20000048        -       0x00000054   Zero   RW         2615    .bss                c_w.l(stdio_streams.o)
    0x2000009c        -       0x00000054   Zero   RW         2616    .bss                c_w.l(stdio_streams.o)
    0x200000f0        -       0x00000054   Zero   RW         2617    .bss                c_w.l(stdio_streams.o)
    0x20000144        -       0x00000060   Zero   RW         2926    .bss                c_w.l(libspace.o)
    0x200001a4        -       0x00000010   Zero   RW         1837    .bss.ChassisPidTarget  chassis_control.o
    0x200001b4        -       0x00000004   Zero   RW           71    .bss.HAL_RCC_CAN1_CLK_ENABLED  can.o
    0x200001b8        -       0x0000001c   Zero   RW         1838    .bss.KinematicsTarget  chassis_control.o
    0x200001d4        -       0x000000e0   Zero   RW         1791    .bss.M3508          pid.o
    0x200002b4        -       0x000000e0   Zero   RW         1792    .bss.M3508_1        pid.o
    0x20000394        -       0x000000e0   Zero   RW         1793    .bss.M3508_2        pid.o
    0x20000474        -       0x000000e0   Zero   RW         1794    .bss.M3508_3        pid.o
    0x20000554        -       0x000000e0   Zero   RW         1795    .bss.M3508_4        pid.o
    0x20000634        -       0x00000001   Zero   RW         1753    .bss.MOTOR_MONITOR  monitor.o
    0x20000635   0x0800d800   0x00000003   PAD
    0x20000638        -       0x000001b0   Zero   RW         1986    .bss.Motor3508      djimotor.o
    0x200007e8        -       0x00000020   Zero   RW         1839    .bss.MotorTarget    chassis_control.o
    0x20000808        -       0x0000001c   Zero   RW         1814    .bss.Omini          chassis_kinematics.o
    0x20000824        -       0x00000001   Zero   RW         1754    .bss.REMOTE_MONITOR  monitor.o
    0x20000825   0x0800d800   0x00000003   PAD
    0x20000828        -       0x000000e0   Zero   RW         1796    .bss.Revolve_PidInstance  pid.o
    0x20000908        -       0x00000004   Zero   RW         1989    .bss._ZGVZ7CanInitE11can1_keeper  djimotor.o
    0x2000090c        -       0x00000004   Zero   RW         1991    .bss._ZGVZ7CanInitE11can2_keeper  djimotor.o
    0x20000910        -       0x00000018   Zero   RW         2306    .bss._ZL12uart_drivers  uart_driver.o
    0x20000928        -       0x00000004   Zero   RW         2162    .bss._ZL7can1HAL    can_driver.o
    0x2000092c        -       0x00000004   Zero   RW         2163    .bss._ZL7can2HAL    can_driver.o
    0x20000930        -       0x00000004   Zero   RW         1988    .bss._ZZ7CanInitE11can1_keeper  djimotor.o
    0x20000934        -       0x00000004   Zero   RW         1990    .bss._ZZ7CanInitE11can2_keeper  djimotor.o
    0x20000938        -       0x00000004   Zero   RW         2916    .bss.__cxa_new_handler  libcppabi_w.l(cxa_default_handlers.cpp.o)
    0x2000093c        -       0x00000001   Zero   RW         2406    .bss.c_buzzer       buzzer.o
    0x2000093d   0x0800d800   0x00000003   PAD
    0x20000940        -       0x00000004   Zero   RW         1984    .bss.can1           djimotor.o
    0x20000944        -       0x00000004   Zero   RW         1985    .bss.can2           djimotor.o
    0x20000948        -       0x00000004   Zero   RW           51    .bss.capacitorHandle  freertos.o
    0x2000094c        -       0x00000014   Zero   RW         1895    .bss.channels       target.o
    0x20000960        -       0x00000003   Zero   RW         1936    .bss.chass_model    state.o
    0x20000963   0x0800d800   0x00000001   PAD
    0x20000964        -       0x00000004   Zero   RW           53    .bss.chassis_commHandle  freertos.o
    0x20000968        -       0x00000004   Zero   RW           47    .bss.chassis_ctrlHandle  freertos.o
    0x2000096c        -       0x00000004   Zero   RW           49    .bss.chassis_monitorHandle  freertos.o
    0x20000970        -       0x00000004   Zero   RW           45    .bss.defaultTaskHandle  freertos.o
    0x20000974        -       0x00000048   Zero   RW         2129    .bss.dr16           dr16.o
    0x200009bc        -       0x00000034   Zero   RW         1894    .bss.dr16_tar       target.o
    0x200009f0        -       0x00000028   Zero   RW           69    .bss.hcan1          can.o
    0x20000a18        -       0x00000028   Zero   RW           70    .bss.hcan2          can.o
    0x20000a40        -       0x00000060   Zero   RW          116    .bss.hdma_usart1_rx  usart.o
    0x20000aa0        -       0x00000060   Zero   RW          117    .bss.hdma_usart1_tx  usart.o
    0x20000b00        -       0x00000060   Zero   RW          118    .bss.hdma_usart3_rx  usart.o
    0x20000b60        -       0x00000060   Zero   RW          119    .bss.hdma_usart6_tx  usart.o
    0x20000bc0        -       0x00000048   Zero   RW          186    .bss.htim1          stm32f4xx_hal_timebase_tim.o
    0x20000c08        -       0x00000048   Zero   RW           95    .bss.htim4          tim.o
    0x20000c50        -       0x00000048   Zero   RW          113    .bss.huart1         usart.o
    0x20000c98        -       0x00000048   Zero   RW          114    .bss.huart3         usart.o
    0x20000ce0        -       0x00000048   Zero   RW          115    .bss.huart6         usart.o
    0x20000d28        -       0x00000001   Zero   RW         1840    .bss.model_choose   chassis_control.o
    0x20000d29   0x0800d800   0x00000003   PAD
    0x20000d2c        -       0x00000008   Zero   RW         2268    .bss.myPwmDriver    pwm_driver.o
    0x20000d34        -       0x00000004   Zero   RW         1462    .bss.pxCurrentTCB   tasks.o
    0x20000d38        -       0x00000004   Zero   RW         1479    .bss.pxDelayedTaskList  tasks.o
    0x20000d3c        -       0x00000004   Zero   RW         1628    .bss.pxEnd          heap_4.o
    0x20000d40        -       0x00000004   Zero   RW         1480    .bss.pxOverflowDelayedTaskList  tasks.o
    0x20000d44        -       0x0000008c   Zero   RW         1463    .bss.pxReadyTasksLists  tasks.o
    0x20000dd0        -       0x00000001   Zero   RW         1708    .bss.remote_control  control.o
    0x20000dd1   0x0800d800   0x00000003   PAD
    0x20000dd4        -       0x00000028   Zero   RW         2304    .bss.uart3_driver   uart_driver.o
    0x20000dfc        -       0x00000028   Zero   RW         2305    .bss.uart6_driver   uart_driver.o
    0x20000e24        -       0x00003c00   Zero   RW         1635    .bss.ucHeap         heap_4.o
    0x20004a24        -       0x00000001   Zero   RW         1669    .bss.ucMaxSysCallPriority  port.o
    0x20004a25   0x0800d800   0x00000003   PAD
    0x20004a28        -       0x00000004   Zero   RW         1670    .bss.ulMaxPRIGROUPValue  port.o
    0x20004a2c        -       0x00000004   Zero   RW         1014    .bss.uwTick         stm32f4xx_hal.o
    0x20004a30        -       0x00000004   Zero   RW         1468    .bss.uxCurrentNumberOfTasks  tasks.o
    0x20004a34        -       0x00000004   Zero   RW         1467    .bss.uxDeletedTasksWaitingCleanUp  tasks.o
    0x20004a38        -       0x00000004   Zero   RW         1470    .bss.uxSchedulerSuspended  tasks.o
    0x20004a3c        -       0x00000004   Zero   RW         1465    .bss.uxTaskNumber   tasks.o
    0x20004a40        -       0x00000004   Zero   RW         1464    .bss.uxTopReadyPriority  tasks.o
    0x20004a44        -       0x00000001   Zero   RW         1707    .bss.wheel_control  control.o
    0x20004a45   0x0800d800   0x00000003   PAD
    0x20004a48        -       0x00000004   Zero   RW         1629    .bss.xBlockAllocatedBit  heap_4.o
    0x20004a4c        -       0x00000014   Zero   RW         1482    .bss.xDelayedTaskList1  tasks.o
    0x20004a60        -       0x00000014   Zero   RW         1483    .bss.xDelayedTaskList2  tasks.o
    0x20004a74        -       0x00000004   Zero   RW         1630    .bss.xFreeBytesRemaining  heap_4.o
    0x20004a78        -       0x00000200   Zero   RW           42    .bss.xIdleStack     freertos.o
    0x20004c78        -       0x00000004   Zero   RW         1474    .bss.xIdleTaskHandle  tasks.o
    0x20004c7c        -       0x00000054   Zero   RW           41    .bss.xIdleTaskTCBBuffer  freertos.o
    0x20004cd0        -       0x00000004   Zero   RW         1632    .bss.xMinimumEverFreeBytesRemaining  heap_4.o
    0x20004cd4        -       0x00000004   Zero   RW         1475    .bss.xNextTaskUnblockTime  tasks.o
    0x20004cd8        -       0x00000004   Zero   RW         1481    .bss.xNumOfOverflows  tasks.o
    0x20004cdc        -       0x00000004   Zero   RW         1633    .bss.xNumberOfSuccessfulAllocations  heap_4.o
    0x20004ce0        -       0x00000004   Zero   RW         1634    .bss.xNumberOfSuccessfulFrees  heap_4.o
    0x20004ce4        -       0x00000004   Zero   RW         1478    .bss.xPendedTicks   tasks.o
    0x20004ce8        -       0x00000014   Zero   RW         1472    .bss.xPendingReadyList  tasks.o
    0x20004cfc        -       0x00000004   Zero   RW         1469    .bss.xSchedulerRunning  tasks.o
    0x20004d00        -       0x00000008   Zero   RW         1631    .bss.xStart         heap_4.o
    0x20004d08        -       0x00000014   Zero   RW         1471    .bss.xSuspendedTaskList  tasks.o
    0x20004d1c        -       0x00000014   Zero   RW         1466    .bss.xTasksWaitingTermination  tasks.o
    0x20004d30        -       0x00000004   Zero   RW         1476    .bss.xTickCount     tasks.o
    0x20004d34        -       0x00000004   Zero   RW         1477    .bss.xYieldPending  tasks.o
    0x20004d38        -       0x00000200   Zero   RW            2    HEAP                startup_stm32f407xx.o
    0x20004f38        -       0x00000400   Zero   RW            1    STACK               startup_stm32f407xx.o


    Execution Region RW_IRAM2 (Exec base: 0x2001c000, Load base: 0x0800d800, Size: 0x00000000, Max: 0x00004000, ABSOLUTE)

    **** No section assigned to this execution region ****


==============================================================================

Image component sizes


      Code (inc. data)   RO Data    RW Data    ZI Data      Debug   Object Name

       330          0          0          0          1       4015   buzzer.o
       584          0          0          0         84       6450   can.o
      1900          0         44          0          8      48889   can_driver.o
       112          0          0          0          0      26090   chassis.o
      1412         52          0          0         77      31886   chassis_control.o
         0          0          0          0         28      26586   chassis_kinematics.o
       262          0          0          0          0      16294   cmsis_os.o
      1264          4          0          0          2      32772   control.o
      3490        100         89          4        456      53017   djimotor.o
       152          0          0          0          0       3339   dma.o
       282          0          0          0         72      27584   dr16.o
       378          0        204          0        616       3200   freertos.o
       210          0          0          0          0       1594   gpio.o
      1084          0          0          0      15392       4426   heap_4.o
       296          0          0          0          0       2229   list.o
       296          0          0          0          0       5719   main.o
        28          0          0          0          2       2151   monitor.o
      1120        108          4          0       1344      30067   pid.o
       996         16          0          4          5       3836   port.o
       182          0          4         20          8       3181   pwm_driver.o
        64         26        392          0       1536        864   startup_stm32f407xx.o
       658          0         16          0          3      31026   state.o
        92          0          0          5          4       7121   stm32f4xx_hal.o
      3090          0          0          0          0      11561   stm32f4xx_hal_can.o
       384          0          0          0          0       9732   stm32f4xx_hal_cortex.o
      2068          8          8          0          0       8510   stm32f4xx_hal_dma.o
       950          0          0          0          0       5106   stm32f4xx_hal_gpio.o
        88          0          0          0          0       3366   stm32f4xx_hal_msp.o
      2730          0          0          0          0       7610   stm32f4xx_hal_rcc.o
      3388         28          0          0          0      36015   stm32f4xx_hal_tim.o
       306          0          0          0          0      15346   stm32f4xx_hal_tim_ex.o
       218          0          0          0         72       7051   stm32f4xx_hal_timebase_tim.o
      3712          0          0          0          0      20441   stm32f4xx_hal_uart.o
       230          0          0          0          0       2040   stm32f4xx_it.o
        18          0         24          4          0       2517   system_stm32f4xx.o
       604         16          4         20         72      27469   target.o
      2946          0          5          0        300      20363   tasks.o
       346          0          0          0         72       7681   tim.o
      1810          0         20          0        104      43630   uart_driver.o
      1076          0          0          0        600       7825   usart.o

    ----------------------------------------------------------------------
     39486        358        846         60      20880     608599   Object Totals
         0          0         32          0          0          0   (incl. Generated)
       330          0          0          3         22          0   (incl. Padding)

    ----------------------------------------------------------------------

      Code (inc. data)   RO Data    RW Data    ZI Data      Debug   Library Member Name

         8          0          0          0          0         68   __main.o
       392          4         17          0          0         92   __printf_flags_ss_wp.o
        14          0          0          0          0         68   __printf_wp.o
         0          0          0          0          0          0   __rtentry.o
        12          0          0          0          0          0   __rtentry2.o
         6          0          0          0          0          0   __rtentry4.o
        94          8          0          0          0          0   __scatter.o
        26          0          0          0          0          0   __scatter_copy.o
        28          0          0          0          0          0   __scatter_zi.o
        72          0          0          0          0         96   _c16rtomb.o
         6          0          0          0          0          0   _printf_a.o
         6          0          0          0          0          0   _printf_c.o
        44          0          0          0          0        108   _printf_char.o
        48          6          0          0          0         96   _printf_char_common.o
        36          4          0          0          0         80   _printf_char_file.o
        40          0          0          0          0         68   _printf_charcount.o
         6          0          0          0          0          0   _printf_d.o
       120         16          0          0          0         92   _printf_dec.o
         6          0          0          0          0          0   _printf_e.o
         6          0          0          0          0          0   _printf_f.o
      1052          0          0          0          0        148   _printf_fp_dec.o
       764          8         38          0          0        100   _printf_fp_hex.o
       128         16          0          0          0         84   _printf_fp_infnan.o
         6          0          0          0          0          0   _printf_g.o
       148          4         40          0          0        160   _printf_hex_int_ll_ptr.o
         6          0          0          0          0          0   _printf_i.o
       178          0          0          0          0         88   _printf_intcommon.o
        10          0          0          0          0          0   _printf_l.o
         6          0          0          0          0          0   _printf_lc.o
        10          0          0          0          0          0   _printf_ll.o
         6          0          0          0          0          0   _printf_lld.o
         6          0          0          0          0          0   _printf_lli.o
         6          0          0          0          0          0   _printf_llo.o
         6          0          0          0          0          0   _printf_llu.o
         6          0          0          0          0          0   _printf_llx.o
       124         16          0          0          0         92   _printf_longlong_dec.o
         6          0          0          0          0          0   _printf_ls.o
         6          0          0          0          0          0   _printf_n.o
         6          0          0          0          0          0   _printf_o.o
       112          8          0          0          0        124   _printf_oct_int_ll.o
         6          0          0          0          0          0   _printf_p.o
        78          0          0          0          0        108   _printf_pad.o
         0          0          0          0          0          0   _printf_percent.o
         4          0          0          0          0          0   _printf_percent_end.o
         6          0          0          0          0          0   _printf_s.o
        82          0          0          0          0         80   _printf_str.o
        36          0          0          0          0         84   _printf_truncate.o
         6          0          0          0          0          0   _printf_u.o
        44          0          0          0          0        108   _printf_wchar.o
       188          6          8          0          0         92   _printf_wctomb.o
         6          0          0          0          0          0   _printf_x.o
        22          0          0          0          0        100   _rserrno.o
        22          0          0          0          0         80   abort.o
        46          0          0          0          0         84   aeabi_atexit.o
       228          4        148          0          0         96   bigflt0.o
      1936        128          0          0          0        668   btod.o
        10          0          0          0          0         68   cxa_atexit.o
        66          0          0          0          0         84   cxa_finalize.o
        48         34          0          0          0         76   defsig_abrt_inner.o
        14          0          0          0          0         80   defsig_abrt_outer.o
        10          0          0          0          0         68   defsig_exit.o
        50          0          0          0          0         88   defsig_general.o
        80         58          0          0          0         76   defsig_rtmem_inner.o
        14          0          0          0          0         80   defsig_rtmem_outer.o
        52         38          0          0          0         76   defsig_rtred_inner.o
        14          0          0          0          0         80   defsig_rtred_outer.o
        18          0          0          0          0         80   exit.o
        76          0          0          0          0         88   fclose.o
         8          0          0          0          0         68   ferror.o
       482          0          0          0          0         92   flsbuf.o
       240          6          0          0          0        128   fopen.o
        28          0          0          0          0         68   fputc.o
       248          6          0          0          0         84   fseek.o
        66          0          0          0          0         76   ftell.o
        94          0          0          0          0         80   h1_alloc.o
        52          0          0          0          0         68   h1_extend.o
        78          0          0          0          0         80   h1_free.o
        12          0          0          0          0         84   h1_init.o
       174          0          0          0          0         88   h1_memalign.o
         6          0          0          0          0        152   heapauxi.o
         4          0          0          0          0        136   hguard.o
         0          0          0          0          0          0   indicate_semi.o
        44          8          0          0          0         80   init_aeabi.o
       138          0          0          0          0        168   init_alloc.o
       312         46          0          0          0        112   initio.o
        44         10        272          0          0         76   lc_ctype_c.o
        44         10         28          0          0         76   lc_numeric_c.o
         2          0          0          0          0          0   libinit.o
        50          0          0          0          0          0   libinit2.o
         2          0          0          0          0          0   libshutdown.o
        12          0          0          0          0          0   libshutdown2.o
         8          4          0          0         96         68   libspace.o
       138          0          0          0          0         80   lludiv10.o
       240          0          0          0          0        100   lludivv7m.o
         0          0          0          0          0          0   maybetermalloc1.o
        16          4          0          0          0         76   rt_ctype_table.o
         8          4          0          0          0         68   rt_ddtor_pointer_addr_intlibspace.o
         8          4          0          0          0         68   rt_errno_addr_intlibspace.o
         8          4          0          0          0         68   rt_heap_descriptor_intlibspace.o
         8          4          0          0          0         68   rt_locale_intlibspace.o
        78          0          0          0          0         80   rt_memclr_w.o
         2          0          0          0          0          0   rtexit.o
        10          0          0          0          0          0   rtexit2.o
        70          0          0          0          0         80   setvbuf.o
       264          6          0          0          0        160   stdio.o
         0          0          0         12        252          0   stdio_streams.o
       124          0          0          0          0         88   strcmpv7em.o
        62          0          0          0          0         76   strlen.o
        12          4          0          0          0         68   sys_exit.o
       102          0          0          0          0        240   sys_io.o
         0          0         12          0          0          0   sys_io_names.o
        74          0          0          0          0         80   sys_stackheap_outer.o
        14          0          0          0          0         76   sys_wrch.o
         2          0          0          0          0         68   use_no_semi.o
        10          0          0          0          0         68   vfprintf.o
        98          4          0          0          0        140   d2f.o
       812         16          0          0          0        392   daddsub_clz.o
       696        140          0          0          0        264   ddiv.o
        46          0          0          0          0        116   dflt_clz.o
       340         12          0          0          0        152   dmul.o
       156          4          0          0          0        140   dnaninf.o
        12          0          0          0          0        116   dretinf.o
        86          4          0          0          0        132   f2d.o
       140          4          0          0          0        132   fnaninf.o
        26          0          0          0          0        116   fpinit.o
        10          0          0          0          0        116   fretinf.o
         4          0          0          0          0        116   printf1.o
         4          0          0          0          0        116   printf2.o
         0          0          0          0          0          0   usenofp.o
       156          0          0          0          0        412   new.cpp.o
        56         48          0          0          0         36   new_helpers.cpp.o
        30          0          0          0          0         40   verbose_abort.cpp.o
         4          0          0          0          0         36   abort_message.cpp.o
         0          0          0          0          4          0   cxa_default_handlers.cpp.o
        52          0        147          0          0         76   cxa_guard.cpp.o
        12          0          0          0          0        132   cxa_handlers.cpp.o
        40         32          0          0          0         52   cxa_virtual.cpp.o
       336         56          0          0          0        136   cosf.o
        48          0          0          0          0        124   fpclassify.o
        38          0          0          0          0        116   fpclassifyf.o
        38         12          0          0          0        348   funder.o
       340         24         32          0          0        160   rredf.o
       400         56          0          0          0        212   sinf.o

    ----------------------------------------------------------------------
     14142        890        746         12        352      11332   Library Totals
        40          0          4          0          0          0   (incl. Padding)

    ----------------------------------------------------------------------

      Code (inc. data)   RO Data    RW Data    ZI Data      Debug   Library Name

     10122        478        563         12        348       7404   c_w.l
      2430        184          0          0          0       2048   fz_wm.l
       242         48          0          0          0        488   libcpp_w.l
       108         32        147          0          4        296   libcppabi_w.l
      1200        148         32          0          0       1096   m_wm.l

    ----------------------------------------------------------------------
     14142        890        746         12        352      11332   Library Totals

    ----------------------------------------------------------------------

==============================================================================


      Code (inc. data)   RO Data    RW Data    ZI Data      Debug   

     53628       1248       1592         72      21232     613011   Grand Totals
     53628       1248       1592         72      21232     613011   ELF Image Totals
     53628       1248       1592         72          0          0   ROM Totals

==============================================================================

    Total RO  Size (Code + RO Data)                55220 (  53.93kB)
    Total RW  Size (RW Data + ZI Data)             21304 (  20.80kB)
    Total ROM Size (Code + RO Data + RW Data)      55292 (  54.00kB)

==============================================================================

