<html>
<body>
<pre>
<h1>µVision Build Log</h1>
<h2>Tool Versions:</h2>
IDE-Version: ¦ÌVision V5.40.0.0
Copyright (C) 2024 ARM Ltd and ARM Germany GmbH. All rights reserved.
License Information: a WHC, a, LIC=Y2B1Q-NT8G7-06FQU-SI2XF-BGK9R-R47X3
 
Tool Versions:
Toolchain:       MDK-ARM Professional  Version: 5.40.0.3
Toolchain Path:  F:\keil5\ARM\ARMCLANG\Bin
C Compiler:      ArmClang.exe V6.22
Assembler:       Armasm.exe V6.22
Linker/Locator:  ArmLink.exe V6.22
Library Manager: ArmAr.exe V6.22
Hex Converter:   FromElf.exe V6.22
CPU DLL:         SARMCM3.DLL V5.40.0.3
Dialog DLL:      DCM.DLL V1.17.5.0
Target DLL:      CMSIS_AGDI.dll V1.33.18.0
Dialog DLL:      TCM.DLL V1.56.4.0
 
<h2>Project:</h2>
F:\RCIA\2026-RM-MechaCore\OmnidirectionalChassis_C_board_2026\MDK-ARM\OmnidirectionalChassis_C_board_2026.uvprojx
Project File Date:  10/03/2025

<h2>Output:</h2>
*** Using Compiler 'V6.22', folder: 'F:\keil5\ARM\ARMCLANG\Bin'
Build target 'OmnidirectionalChassis_C_board_2026'
Note: source file '.\User\HighLayer\Capacitor.hpp' - object file renamed from 'OmnidirectionalChassis_C_board_2026\Capacitor.o' to 'OmnidirectionalChassis_C_board_2026\capacitor_1.o'.
Note: source file '.\User\HighLayer\chassis.hpp' - object file renamed from 'OmnidirectionalChassis_C_board_2026\chassis.o' to 'OmnidirectionalChassis_C_board_2026\chassis_1.o'.
Note: source file '.\User\HighLayer\Communication.hpp' - object file renamed from 'OmnidirectionalChassis_C_board_2026\Communication.o' to 'OmnidirectionalChassis_C_board_2026\communication_1.o'.
Note: source file '.\User\HighLayer\Control.hpp' - object file renamed from 'OmnidirectionalChassis_C_board_2026\Control.o' to 'OmnidirectionalChassis_C_board_2026\control_1.o'.
Note: source file '.\User\HighLayer\Monitor.hpp' - object file renamed from 'OmnidirectionalChassis_C_board_2026\Monitor.o' to 'OmnidirectionalChassis_C_board_2026\monitor_1.o'.
Note: source file '.\User\MidLayer\Algorithms\algorithm\adrc.hpp' - object file renamed from 'OmnidirectionalChassis_C_board_2026\adrc.o' to 'OmnidirectionalChassis_C_board_2026\adrc_1.o'.
Note: source file '.\User\MidLayer\Algorithms\algorithm\pid.hpp' - object file renamed from 'OmnidirectionalChassis_C_board_2026\pid.o' to 'OmnidirectionalChassis_C_board_2026\pid_1.o'.
Note: source file '.\User\MidLayer\Algorithms\filter\Low-pass filter.hpp' - object file renamed from 'OmnidirectionalChassis_C_board_2026\Low-pass filter.o' to 'OmnidirectionalChassis_C_board_2026\low-pass filter_1.o'.
Note: source file '.\User\MidLayer\Algorithms\kinematics\chassis_kinematics.hpp' - object file renamed from 'OmnidirectionalChassis_C_board_2026\chassis_kinematics.o' to 'OmnidirectionalChassis_C_board_2026\chassis_kinematics_1.o'.
Note: source file '.\User\MidLayer\Algorithms\odometry\odometry.hpp' - object file renamed from 'OmnidirectionalChassis_C_board_2026\odometry.o' to 'OmnidirectionalChassis_C_board_2026\odometry_1.o'.
Note: source file '.\User\MidLayer\Controllers\chassis_control\chassis_control.hpp' - object file renamed from 'OmnidirectionalChassis_C_board_2026\chassis_control.o' to 'OmnidirectionalChassis_C_board_2026\chassis_control_1.o'.
Note: source file '.\User\MidLayer\Controllers\signal_processing\target.hpp' - object file renamed from 'OmnidirectionalChassis_C_board_2026\target.o' to 'OmnidirectionalChassis_C_board_2026\target_1.o'.
Note: source file '.\User\MidLayer\Managers\comm_manager\Callback.hpp' - object file renamed from 'OmnidirectionalChassis_C_board_2026\Callback.o' to 'OmnidirectionalChassis_C_board_2026\callback_1.o'.
Note: source file '.\User\MidLayer\Managers\comm_manager\CtoA.hpp' - object file renamed from 'OmnidirectionalChassis_C_board_2026\CtoA.o' to 'OmnidirectionalChassis_C_board_2026\ctoa_1.o'.
Note: source file '.\User\MidLayer\Managers\power_manager\power.hpp' - object file renamed from 'OmnidirectionalChassis_C_board_2026\power.o' to 'OmnidirectionalChassis_C_board_2026\power_1.o'.
Note: source file '.\User\MidLayer\Managers\state_manager\state.hpp' - object file renamed from 'OmnidirectionalChassis_C_board_2026\state.o' to 'OmnidirectionalChassis_C_board_2026\state_1.o'.
Note: source file '.\User\LowLayer\Equipment\capacitor\Anhe.hpp' - object file renamed from 'OmnidirectionalChassis_C_board_2026\Anhe.o' to 'OmnidirectionalChassis_C_board_2026\anhe_1.o'.
Note: source file '.\User\LowLayer\Equipment\capacitor\Developed.hpp' - object file renamed from 'OmnidirectionalChassis_C_board_2026\Developed.o' to 'OmnidirectionalChassis_C_board_2026\developed_1.o'.
Note: source file '.\User\LowLayer\Equipment\imu\CH104.hpp' - object file renamed from 'OmnidirectionalChassis_C_board_2026\CH104.o' to 'OmnidirectionalChassis_C_board_2026\ch104_1.o'.
Note: source file '.\User\LowLayer\Equipment\imu\HI12.hpp' - object file renamed from 'OmnidirectionalChassis_C_board_2026\HI12.o' to 'OmnidirectionalChassis_C_board_2026\hi12_1.o'.
Note: source file '.\User\LowLayer\Equipment\motor\djimotor.hpp' - object file renamed from 'OmnidirectionalChassis_C_board_2026\djimotor.o' to 'OmnidirectionalChassis_C_board_2026\djimotor_1.o'.
Note: source file '.\User\LowLayer\Equipment\remote\Dr16.hpp' - object file renamed from 'OmnidirectionalChassis_C_board_2026\Dr16.o' to 'OmnidirectionalChassis_C_board_2026\dr16_1.o'.
Note: source file '.\User\LowLayer\HAL_\can\can_driver.hpp' - object file renamed from 'OmnidirectionalChassis_C_board_2026\can_driver.o' to 'OmnidirectionalChassis_C_board_2026\can_driver_1.o'.
Note: source file '.\User\LowLayer\HAL_\gpio\gpio_driver.cpp' - object file renamed from 'OmnidirectionalChassis_C_board_2026\gpio_driver.o' to 'OmnidirectionalChassis_C_board_2026\gpio_driver_2.o'.
Note: source file '.\User\LowLayer\HAL_\gpio\gpio_driver.hpp' - object file renamed from 'OmnidirectionalChassis_C_board_2026\gpio_driver.o' to 'OmnidirectionalChassis_C_board_2026\gpio_driver_1.o'.
Note: source file '.\User\LowLayer\HAL_\pwm\pwm_driver.hpp' - object file renamed from 'OmnidirectionalChassis_C_board_2026\pwm_driver.o' to 'OmnidirectionalChassis_C_board_2026\pwm_driver_1.o'.
Note: source file '.\User\LowLayer\HAL_\uart\uart_driver.hpp' - object file renamed from 'OmnidirectionalChassis_C_board_2026\uart_driver.o' to 'OmnidirectionalChassis_C_board_2026\uart_driver_1.o'.
compiling stm32f4xx_hal_timebase_tim.c...
compiling dma.c...
compiling gpio.c...
compiling usart.c...
compiling freertos.c...
compiling tim.c...
compiling stm32f4xx_hal_msp.c...
compiling can.c...
compiling stm32f4xx_it.c...
assembling startup_stm32f407xx.s...
compiling main.c...
compiling stm32f4xx_hal_tim.c...
compiling stm32f4xx_hal_can.c...
compiling stm32f4xx_hal_tim_ex.c...
compiling stm32f4xx_hal_rcc.c...
compiling stm32f4xx_hal_flash.c...
compiling stm32f4xx_hal_rcc_ex.c...
compiling stm32f4xx_hal_flash_ex.c...
compiling stm32f4xx_hal_flash_ramfunc.c...
compiling stm32f4xx_hal_gpio.c...
compiling stm32f4xx_hal_dma.c...
compiling stm32f4xx_hal_pwr_ex.c...
compiling stm32f4xx_hal_pwr.c...
compiling stm32f4xx_hal_dma_ex.c...
compiling stm32f4xx_hal_cortex.c...
compiling stm32f4xx_hal_exti.c...
compiling event_groups.c...
compiling stm32f4xx_hal.c...
compiling croutine.c...
compiling system_stm32f4xx.c...
compiling list.c...
compiling stm32f4xx_hal_uart.c...
compiling timers.c...
compiling stream_buffer.c...
compiling cmsis_os.c...
compiling queue.c...
compiling tasks.c...
compiling heap_4.c...
compiling Capacitor.cpp...
compiling port.c...
compiling Capacitor.hpp...
compiling Communication.cpp...
compiling Communication.hpp...
compiling chassis.cpp...
compiling chassis.hpp...
compiling Control.cpp...
compiling Control.hpp...
compiling adrc.cpp...
compiling Monitor.cpp...
compiling adrc.hpp...
compiling Monitor.hpp...
compiling pid.cpp...
compiling Low-pass filter.cpp...
compiling chassis_kinematics.hpp...
compiling chassis_kinematics.cpp...
compiling Low-pass filter.hpp...
compiling pid.hpp...
compiling chassis_control.cpp...
compiling chassis_control.hpp...
compiling CtoA.cpp...
compiling CtoA.hpp...
compiling power.cpp...
compiling power.hpp...
compiling state.hpp...
compiling state_base.hpp...
compiling Anhe.cpp...
compiling Developed.cpp...
compiling Anhe.hpp...
compiling odometry.cpp...
compiling CH104.hpp...
compiling Developed.hpp...
compiling CH104.cpp...
compiling HI12.cpp...
compiling odometry.hpp...
compiling HI12.hpp...
compiling target.cpp...
compiling target.hpp...
compiling Callback.cpp...
compiling Callback.hpp...
compiling NweRemote.hpp...
compiling NewRemote.cpp...
compiling state.cpp...
compiling gpio_driver.cpp...
compiling pwm_driver.cpp...
compiling gpio_driver.hpp...
compiling pwm_driver.hpp...
compiling motor_base.hpp...
compiling djimotor.hpp...
compiling djimotor.cpp...
compiling Dr16.cpp...
compiling can_driver.hpp...
compiling can_driver.cpp...
compiling Dr16.hpp...
compiling uart_driver.cpp...
compiling uart_driver.hpp...
linking...
Program Size: Code=46272 RO-data=1536 RW-data=32 ZI-data=19664  
FromELF: creating hex file...
"OmnidirectionalChassis_C_board_2026\OmnidirectionalChassis_C_board_2026.axf" - 0 Error(s), 0 Warning(s).

<h2>Software Packages used:</h2>

Package Vendor: ARM
                https://www.keil.com/pack/ARM.CMSIS.6.1.0.pack
                ARM::CMSIS@6.1.0
                CMSIS (Common Microcontroller Software Interface Standard)
   * Component: CORE Version: 6.1.0

Package Vendor: Keil
                https://www.keil.com/pack/Keil.STM32F4xx_DFP.3.0.0.pack
                Keil::STM32F4xx_DFP@3.0.0
                STMicroelectronics STM32F4 Series Device Support

<h2>Collection of Component include folders:</h2>
  ./RTE/_OmnidirectionalChassis_C_board_2026
  F:/keil5/ARM/PACK/ARM/CMSIS/6.1.0/CMSIS/Core/Include

<h2>Collection of Component Files used:</h2>

   * Component: ARM::CMSIS:CORE@6.1.0
      Include file:  CMSIS/Core/Include/tz_context.h
Build Time Elapsed:  00:00:07
</pre>
</body>
</html>
