<html>
<body>
<pre>
<h1>µVision Build Log</h1>
<h2>Tool Versions:</h2>
IDE-Version: ¦ÌVision V5.40.0.0
Copyright (C) 2024 ARM Ltd and ARM Germany GmbH. All rights reserved.
License Information: a WHC, a, LIC=Y2B1Q-NT8G7-06FQU-SI2XF-BGK9R-R47X3
 
Tool Versions:
Toolchain:       MDK-ARM Professional  Version: 5.40.0.3
Toolchain Path:  F:\keil5\ARM\ARMCLANG\Bin
C Compiler:      ArmClang.exe V6.22
Assembler:       Armasm.exe V6.22
Linker/Locator:  ArmLink.exe V6.22
Library Manager: ArmAr.exe V6.22
Hex Converter:   FromElf.exe V6.22
CPU DLL:         SARMCM3.DLL V5.40.0.3
Dialog DLL:      DCM.DLL V1.17.5.0
Target DLL:      Segger\JL2CM3.dll V2.99.44.0
Dialog DLL:      TCM.DLL V1.56.4.0
 
<h2>Project:</h2>
F:\RCIA\2026-RM-MechaCore\Robot\InfantryOmni-No2\2026StringWheelChassis_C_board\MDK-ARM\2026StringWheelChassis_C_board.uvprojx
Project File Date:  01/18/2026

<h2>Output:</h2>
*** Using Compiler 'V6.22', folder: 'F:\keil5\ARM\ARMCLANG\Bin'
Build target '2026StringWheelChassis_C_board'
Note: source file '..\User\core\HAL\UART\interface\uart_bus.hpp' - object file renamed from '2026StringWheelChassis_C_board\uart_bus.o' to '2026StringWheelChassis_C_board\uart_bus_1.o'.
Note: source file '..\User\core\HAL\UART\impl\uart_bus_impl.hpp' - object file renamed from '2026StringWheelChassis_C_board\uart_bus_impl.o' to '2026StringWheelChassis_C_board\uart_bus_impl_1.o'.
Note: source file '..\User\core\HAL\UART\impl\uart_device_impl.hpp' - object file renamed from '2026StringWheelChassis_C_board\uart_device_impl.o' to '2026StringWheelChassis_C_board\uart_device_impl_1.o'.
Note: source file '..\User\core\HAL\LOGGER\logger.hpp' - object file renamed from '2026StringWheelChassis_C_board\logger.o' to '2026StringWheelChassis_C_board\logger_1.o'.
Note: source file '..\User\core\HAL\DWT\DWT.hpp' - object file renamed from '2026StringWheelChassis_C_board\DWT.o' to '2026StringWheelChassis_C_board\dwt_1.o'.
Note: source file '..\User\core\HAL\CAN\interface\can_bus.hpp' - object file renamed from '2026StringWheelChassis_C_board\can_bus.o' to '2026StringWheelChassis_C_board\can_bus_1.o'.
Note: source file '..\User\core\HAL\CAN\interface\can_device.hpp' - object file renamed from '2026StringWheelChassis_C_board\can_device.o' to '2026StringWheelChassis_C_board\can_device_1.o'.
Note: source file '..\User\core\HAL\CAN\impl\can_bus_impl.hpp' - object file renamed from '2026StringWheelChassis_C_board\can_bus_impl.o' to '2026StringWheelChassis_C_board\can_bus_impl_1.o'.
Note: source file '..\User\core\HAL\CAN\impl\can_device_impl.hpp' - object file renamed from '2026StringWheelChassis_C_board\can_device_impl.o' to '2026StringWheelChassis_C_board\can_device_impl_1.o'.
Note: source file '..\User\core\Alg\Feedforward\Feedforward.hpp' - object file renamed from '2026StringWheelChassis_C_board\Feedforward.o' to '2026StringWheelChassis_C_board\feedforward_1.o'.
Note: source file '..\User\core\Alg\Filter\Filter.hpp' - object file renamed from '2026StringWheelChassis_C_board\Filter.o' to '2026StringWheelChassis_C_board\filter_1.o'.
Note: source file '..\User\core\Alg\PID\pid.hpp' - object file renamed from '2026StringWheelChassis_C_board\pid.o' to '2026StringWheelChassis_C_board\pid_1.o'.
Note: source file '..\User\core\BSP\RemoteControl\DT7.hpp' - object file renamed from '2026StringWheelChassis_C_board\DT7.o' to '2026StringWheelChassis_C_board\dt7_1.o'.
Note: source file '..\User\core\BSP\Common\StateWatch\buzzer_manager.hpp' - object file renamed from '2026StringWheelChassis_C_board\buzzer_manager.o' to '2026StringWheelChassis_C_board\buzzer_manager_1.o'.
Note: source file '..\User\core\BSP\Common\StateWatch\state_watch.hpp' - object file renamed from '2026StringWheelChassis_C_board\state_watch.o' to '2026StringWheelChassis_C_board\state_watch_1.o'.
Note: source file '..\User\core\BSP\Common\FiniteStateMachine\FiniteStateMachine_chassis.hpp' - object file renamed from '2026StringWheelChassis_C_board\FiniteStateMachine_chassis.o' to '2026StringWheelChassis_C_board\finitestatemachine_chassis_1.o'.
Note: source file '..\User\Task\CommunicationTask.hpp' - object file renamed from '2026StringWheelChassis_C_board\CommunicationTask.o' to '2026StringWheelChassis_C_board\communicationtask_1.o'.
Note: source file '..\User\Task\ControlTask.hpp' - object file renamed from '2026StringWheelChassis_C_board\ControlTask.o' to '2026StringWheelChassis_C_board\controltask_1.o'.
Note: source file '..\User\Task\MotorTask.hpp' - object file renamed from '2026StringWheelChassis_C_board\MotorTask.o' to '2026StringWheelChassis_C_board\motortask_1.o'.
Note: source file '..\User\Task\SerialTask.hpp' - object file renamed from '2026StringWheelChassis_C_board\SerialTask.o' to '2026StringWheelChassis_C_board\serialtask_1.o'.
compiling PowerControl.hpp...
compiling CommunicationTask.cpp...
compiling Callback.cpp...
compiling ControlTask.hpp...
compiling MotorTask.hpp...
compiling ControlTask.cpp...
compiling MotorTask.cpp...
linking...
Program Size: Code=71920 RO-data=2320 RW-data=112 ZI-data=23016  
FromELF: creating hex file...
"2026StringWheelChassis_C_board\2026StringWheelChassis_C_board.axf" - 0 Error(s), 0 Warning(s).

<h2>Software Packages used:</h2>

Package Vendor: ARM
                https://www.keil.com/pack/ARM.CMSIS.6.1.0.pack
                ARM::CMSIS@6.1.0
                CMSIS (Common Microcontroller Software Interface Standard)
   * Component: CORE Version: 6.1.0

Package Vendor: Keil
                https://www.keil.com/pack/Keil.STM32F4xx_DFP.3.0.0.pack
                Keil::STM32F4xx_DFP@3.0.0
                STMicroelectronics STM32F4 Series Device Support

<h2>Collection of Component include folders:</h2>
  ./RTE/_2026StringWheelChassis_C_board
  F:/keil5/ARM/PACK/ARM/CMSIS/6.1.0/CMSIS/Core/Include

<h2>Collection of Component Files used:</h2>

   * Component: ARM::CMSIS:CORE@6.1.0
Build Time Elapsed:  00:00:03
</pre>
</body>
</html>
