<!doctype html public "-//w3c//dtd html 4.0 transitional//en">
<html><head>
<title>Static Call Graph - [2026OmniChassis_C_board\2026OmniChassis_C_board.axf]</title></head>
<body><HR>
<H1>Static Call Graph for image 2026OmniChassis_C_board\2026OmniChassis_C_board.axf</H1><HR>
<BR><P>#&#060CALLGRAPH&#062# ARM Linker, 6220000: Last Updated: Sat Dec  6 18:55:36 2025
<BR><P>
<H3>Maximum Stack Usage =        436 bytes + Unknown(Functions without stacksize, Cycles, Untraceable Function Pointers)</H3><H3>
Call chain for Maximum Stack Depth:</H3>
__rt_entry_main &rArr; main &rArr; MX_FREERTOS_Init &rArr; osThreadCreate &rArr; xTaskCreate &rArr; pvPortMalloc &rArr; xTaskResumeAll &rArr; xTaskIncrementTick &rArr; vListInsertEnd
<P>
<H3>
Functions with no stack information
</H3><UL>
 <LI><a href="#[119]">__user_initial_stackheap</a>
</UL>
</UL>
<P>
<H3>
Mutually Recursive functions
</H3> <LI><a href="#[1c]">ADC_IRQHandler</a>&nbsp;&nbsp;&nbsp;&rArr;&nbsp;&nbsp;&nbsp;<a href="#[1c]">ADC_IRQHandler</a><BR>
</UL>
<P>
<H3>
Function Pointers
</H3><UL>
 <LI><a href="#[1c]">ADC_IRQHandler</a> from startup_stm32f407xx.o(.text) referenced from startup_stm32f407xx.o(RESET)
 <LI><a href="#[4]">BusFault_Handler</a> from stm32f4xx_it.o(.text.BusFault_Handler) referenced from startup_stm32f407xx.o(RESET)
 <LI><a href="#[1e]">CAN1_RX0_IRQHandler</a> from stm32f4xx_it.o(.text.CAN1_RX0_IRQHandler) referenced from startup_stm32f407xx.o(RESET)
 <LI><a href="#[1f]">CAN1_RX1_IRQHandler</a> from startup_stm32f407xx.o(.text) referenced from startup_stm32f407xx.o(RESET)
 <LI><a href="#[20]">CAN1_SCE_IRQHandler</a> from startup_stm32f407xx.o(.text) referenced from startup_stm32f407xx.o(RESET)
 <LI><a href="#[1d]">CAN1_TX_IRQHandler</a> from stm32f4xx_it.o(.text.CAN1_TX_IRQHandler) referenced from startup_stm32f407xx.o(RESET)
 <LI><a href="#[4a]">CAN2_RX0_IRQHandler</a> from stm32f4xx_it.o(.text.CAN2_RX0_IRQHandler) referenced from startup_stm32f407xx.o(RESET)
 <LI><a href="#[4b]">CAN2_RX1_IRQHandler</a> from startup_stm32f407xx.o(.text) referenced from startup_stm32f407xx.o(RESET)
 <LI><a href="#[4c]">CAN2_SCE_IRQHandler</a> from startup_stm32f407xx.o(.text) referenced from startup_stm32f407xx.o(RESET)
 <LI><a href="#[49]">CAN2_TX_IRQHandler</a> from stm32f4xx_it.o(.text.CAN2_TX_IRQHandler) referenced from startup_stm32f407xx.o(RESET)
 <LI><a href="#[71]">Communication</a> from communicationtask.o(.text.Communication) referenced from freertos.o(.rodata..L__const.MX_FREERTOS_Init.os_thread_def_COMM)
 <LI><a href="#[6f]">Control</a> from controltask.o(.text.Control) referenced from freertos.o(.rodata..L__const.MX_FREERTOS_Init.os_thread_def_Alg)
 <LI><a href="#[58]">DCMI_IRQHandler</a> from startup_stm32f407xx.o(.text) referenced from startup_stm32f407xx.o(RESET)
 <LI><a href="#[15]">DMA1_Stream0_IRQHandler</a> from startup_stm32f407xx.o(.text) referenced from startup_stm32f407xx.o(RESET)
 <LI><a href="#[16]">DMA1_Stream1_IRQHandler</a> from stm32f4xx_it.o(.text.DMA1_Stream1_IRQHandler) referenced from startup_stm32f407xx.o(RESET)
 <LI><a href="#[17]">DMA1_Stream2_IRQHandler</a> from startup_stm32f407xx.o(.text) referenced from startup_stm32f407xx.o(RESET)
 <LI><a href="#[18]">DMA1_Stream3_IRQHandler</a> from startup_stm32f407xx.o(.text) referenced from startup_stm32f407xx.o(RESET)
 <LI><a href="#[19]">DMA1_Stream4_IRQHandler</a> from startup_stm32f407xx.o(.text) referenced from startup_stm32f407xx.o(RESET)
 <LI><a href="#[1a]">DMA1_Stream5_IRQHandler</a> from startup_stm32f407xx.o(.text) referenced from startup_stm32f407xx.o(RESET)
 <LI><a href="#[1b]">DMA1_Stream6_IRQHandler</a> from startup_stm32f407xx.o(.text) referenced from startup_stm32f407xx.o(RESET)
 <LI><a href="#[39]">DMA1_Stream7_IRQHandler</a> from startup_stm32f407xx.o(.text) referenced from startup_stm32f407xx.o(RESET)
 <LI><a href="#[42]">DMA2_Stream0_IRQHandler</a> from startup_stm32f407xx.o(.text) referenced from startup_stm32f407xx.o(RESET)
 <LI><a href="#[43]">DMA2_Stream1_IRQHandler</a> from startup_stm32f407xx.o(.text) referenced from startup_stm32f407xx.o(RESET)
 <LI><a href="#[44]">DMA2_Stream2_IRQHandler</a> from stm32f4xx_it.o(.text.DMA2_Stream2_IRQHandler) referenced from startup_stm32f407xx.o(RESET)
 <LI><a href="#[45]">DMA2_Stream3_IRQHandler</a> from startup_stm32f407xx.o(.text) referenced from startup_stm32f407xx.o(RESET)
 <LI><a href="#[46]">DMA2_Stream4_IRQHandler</a> from startup_stm32f407xx.o(.text) referenced from startup_stm32f407xx.o(RESET)
 <LI><a href="#[4e]">DMA2_Stream5_IRQHandler</a> from startup_stm32f407xx.o(.text) referenced from startup_stm32f407xx.o(RESET)
 <LI><a href="#[4f]">DMA2_Stream6_IRQHandler</a> from stm32f4xx_it.o(.text.DMA2_Stream6_IRQHandler) referenced from startup_stm32f407xx.o(RESET)
 <LI><a href="#[50]">DMA2_Stream7_IRQHandler</a> from stm32f4xx_it.o(.text.DMA2_Stream7_IRQHandler) referenced from startup_stm32f407xx.o(RESET)
 <LI><a href="#[7]">DebugMon_Handler</a> from stm32f4xx_it.o(.text.DebugMon_Handler) referenced from startup_stm32f407xx.o(RESET)
 <LI><a href="#[47]">ETH_IRQHandler</a> from startup_stm32f407xx.o(.text) referenced from startup_stm32f407xx.o(RESET)
 <LI><a href="#[48]">ETH_WKUP_IRQHandler</a> from startup_stm32f407xx.o(.text) referenced from startup_stm32f407xx.o(RESET)
 <LI><a href="#[10]">EXTI0_IRQHandler</a> from startup_stm32f407xx.o(.text) referenced from startup_stm32f407xx.o(RESET)
 <LI><a href="#[32]">EXTI15_10_IRQHandler</a> from startup_stm32f407xx.o(.text) referenced from startup_stm32f407xx.o(RESET)
 <LI><a href="#[11]">EXTI1_IRQHandler</a> from startup_stm32f407xx.o(.text) referenced from startup_stm32f407xx.o(RESET)
 <LI><a href="#[12]">EXTI2_IRQHandler</a> from startup_stm32f407xx.o(.text) referenced from startup_stm32f407xx.o(RESET)
 <LI><a href="#[13]">EXTI3_IRQHandler</a> from startup_stm32f407xx.o(.text) referenced from startup_stm32f407xx.o(RESET)
 <LI><a href="#[14]">EXTI4_IRQHandler</a> from startup_stm32f407xx.o(.text) referenced from startup_stm32f407xx.o(RESET)
 <LI><a href="#[21]">EXTI9_5_IRQHandler</a> from startup_stm32f407xx.o(.text) referenced from startup_stm32f407xx.o(RESET)
 <LI><a href="#[e]">FLASH_IRQHandler</a> from startup_stm32f407xx.o(.text) referenced from startup_stm32f407xx.o(RESET)
 <LI><a href="#[3a]">FMC_IRQHandler</a> from startup_stm32f407xx.o(.text) referenced from startup_stm32f407xx.o(RESET)
 <LI><a href="#[5a]">FPU_IRQHandler</a> from startup_stm32f407xx.o(.text) referenced from startup_stm32f407xx.o(RESET)
 <LI><a href="#[59]">HASH_RNG_IRQHandler</a> from startup_stm32f407xx.o(.text) referenced from startup_stm32f407xx.o(RESET)
 <LI><a href="#[2]">HardFault_Handler</a> from stm32f4xx_it.o(.text.HardFault_Handler) referenced from startup_stm32f407xx.o(RESET)
 <LI><a href="#[2a]">I2C1_ER_IRQHandler</a> from startup_stm32f407xx.o(.text) referenced from startup_stm32f407xx.o(RESET)
 <LI><a href="#[29]">I2C1_EV_IRQHandler</a> from startup_stm32f407xx.o(.text) referenced from startup_stm32f407xx.o(RESET)
 <LI><a href="#[2c]">I2C2_ER_IRQHandler</a> from startup_stm32f407xx.o(.text) referenced from startup_stm32f407xx.o(RESET)
 <LI><a href="#[2b]">I2C2_EV_IRQHandler</a> from startup_stm32f407xx.o(.text) referenced from startup_stm32f407xx.o(RESET)
 <LI><a href="#[53]">I2C3_ER_IRQHandler</a> from startup_stm32f407xx.o(.text) referenced from startup_stm32f407xx.o(RESET)
 <LI><a href="#[52]">I2C3_EV_IRQHandler</a> from startup_stm32f407xx.o(.text) referenced from startup_stm32f407xx.o(RESET)
 <LI><a href="#[3]">MemManage_Handler</a> from stm32f4xx_it.o(.text.MemManage_Handler) referenced from startup_stm32f407xx.o(RESET)
 <LI><a href="#[70]">Motor</a> from motortask.o(.text.Motor) referenced from freertos.o(.rodata..L__const.MX_FREERTOS_Init.os_thread_def_CAN)
 <LI><a href="#[1]">NMI_Handler</a> from stm32f4xx_it.o(.text.NMI_Handler) referenced from startup_stm32f407xx.o(RESET)
 <LI><a href="#[4d]">OTG_FS_IRQHandler</a> from startup_stm32f407xx.o(.text) referenced from startup_stm32f407xx.o(RESET)
 <LI><a href="#[34]">OTG_FS_WKUP_IRQHandler</a> from startup_stm32f407xx.o(.text) referenced from startup_stm32f407xx.o(RESET)
 <LI><a href="#[55]">OTG_HS_EP1_IN_IRQHandler</a> from startup_stm32f407xx.o(.text) referenced from startup_stm32f407xx.o(RESET)
 <LI><a href="#[54]">OTG_HS_EP1_OUT_IRQHandler</a> from startup_stm32f407xx.o(.text) referenced from startup_stm32f407xx.o(RESET)
 <LI><a href="#[57]">OTG_HS_IRQHandler</a> from startup_stm32f407xx.o(.text) referenced from startup_stm32f407xx.o(RESET)
 <LI><a href="#[56]">OTG_HS_WKUP_IRQHandler</a> from startup_stm32f407xx.o(.text) referenced from startup_stm32f407xx.o(RESET)
 <LI><a href="#[b]">PVD_IRQHandler</a> from startup_stm32f407xx.o(.text) referenced from startup_stm32f407xx.o(RESET)
 <LI><a href="#[8]">PendSV_Handler</a> from port.o(.text.PendSV_Handler) referenced from startup_stm32f407xx.o(RESET)
 <LI><a href="#[f]">RCC_IRQHandler</a> from startup_stm32f407xx.o(.text) referenced from startup_stm32f407xx.o(RESET)
 <LI><a href="#[33]">RTC_Alarm_IRQHandler</a> from startup_stm32f407xx.o(.text) referenced from startup_stm32f407xx.o(RESET)
 <LI><a href="#[d]">RTC_WKUP_IRQHandler</a> from startup_stm32f407xx.o(.text) referenced from startup_stm32f407xx.o(RESET)
 <LI><a href="#[72]">Remote</a> from remotetask.o(.text.Remote) referenced from freertos.o(.rodata..L__const.MX_FREERTOS_Init.os_thread_def_REMO)
 <LI><a href="#[0]">Reset_Handler</a> from startup_stm32f407xx.o(.text) referenced from startup_stm32f407xx.o(RESET)
 <LI><a href="#[3b]">SDIO_IRQHandler</a> from startup_stm32f407xx.o(.text) referenced from startup_stm32f407xx.o(RESET)
 <LI><a href="#[2d]">SPI1_IRQHandler</a> from startup_stm32f407xx.o(.text) referenced from startup_stm32f407xx.o(RESET)
 <LI><a href="#[2e]">SPI2_IRQHandler</a> from startup_stm32f407xx.o(.text) referenced from startup_stm32f407xx.o(RESET)
 <LI><a href="#[3d]">SPI3_IRQHandler</a> from startup_stm32f407xx.o(.text) referenced from startup_stm32f407xx.o(RESET)
 <LI><a href="#[6]">SVC_Handler</a> from port.o(.text.SVC_Handler) referenced from startup_stm32f407xx.o(RESET)
 <LI><a href="#[73]">StartDefaultTask</a> from freertos.o(.text.StartDefaultTask) referenced from freertos.o(.rodata..L__const.MX_FREERTOS_Init.os_thread_def_defaultTask)
 <LI><a href="#[9]">SysTick_Handler</a> from port.o(.text.SysTick_Handler) referenced from startup_stm32f407xx.o(RESET)
 <LI><a href="#[5b]">SystemInit</a> from system_stm32f4xx.o(.text.SystemInit) referenced from startup_stm32f407xx.o(.text)
 <LI><a href="#[c]">TAMP_STAMP_IRQHandler</a> from startup_stm32f407xx.o(.text) referenced from startup_stm32f407xx.o(RESET)
 <LI><a href="#[22]">TIM1_BRK_TIM9_IRQHandler</a> from startup_stm32f407xx.o(.text) referenced from startup_stm32f407xx.o(RESET)
 <LI><a href="#[25]">TIM1_CC_IRQHandler</a> from startup_stm32f407xx.o(.text) referenced from startup_stm32f407xx.o(RESET)
 <LI><a href="#[24]">TIM1_TRG_COM_TIM11_IRQHandler</a> from startup_stm32f407xx.o(.text) referenced from startup_stm32f407xx.o(RESET)
 <LI><a href="#[23]">TIM1_UP_TIM10_IRQHandler</a> from stm32f4xx_it.o(.text.TIM1_UP_TIM10_IRQHandler) referenced from startup_stm32f407xx.o(RESET)
 <LI><a href="#[26]">TIM2_IRQHandler</a> from startup_stm32f407xx.o(.text) referenced from startup_stm32f407xx.o(RESET)
 <LI><a href="#[27]">TIM3_IRQHandler</a> from startup_stm32f407xx.o(.text) referenced from startup_stm32f407xx.o(RESET)
 <LI><a href="#[28]">TIM4_IRQHandler</a> from stm32f4xx_it.o(.text.TIM4_IRQHandler) referenced from startup_stm32f407xx.o(RESET)
 <LI><a href="#[3c]">TIM5_IRQHandler</a> from startup_stm32f407xx.o(.text) referenced from startup_stm32f407xx.o(RESET)
 <LI><a href="#[40]">TIM6_DAC_IRQHandler</a> from startup_stm32f407xx.o(.text) referenced from startup_stm32f407xx.o(RESET)
 <LI><a href="#[41]">TIM7_IRQHandler</a> from startup_stm32f407xx.o(.text) referenced from startup_stm32f407xx.o(RESET)
 <LI><a href="#[35]">TIM8_BRK_TIM12_IRQHandler</a> from startup_stm32f407xx.o(.text) referenced from startup_stm32f407xx.o(RESET)
 <LI><a href="#[38]">TIM8_CC_IRQHandler</a> from startup_stm32f407xx.o(.text) referenced from startup_stm32f407xx.o(RESET)
 <LI><a href="#[37]">TIM8_TRG_COM_TIM14_IRQHandler</a> from startup_stm32f407xx.o(.text) referenced from startup_stm32f407xx.o(RESET)
 <LI><a href="#[36]">TIM8_UP_TIM13_IRQHandler</a> from startup_stm32f407xx.o(.text) referenced from startup_stm32f407xx.o(RESET)
 <LI><a href="#[3e]">UART4_IRQHandler</a> from startup_stm32f407xx.o(.text) referenced from startup_stm32f407xx.o(RESET)
 <LI><a href="#[3f]">UART5_IRQHandler</a> from startup_stm32f407xx.o(.text) referenced from startup_stm32f407xx.o(RESET)
 <LI><a href="#[60]">UART_DMAAbortOnError</a> from stm32f4xx_hal_uart.o(.text.UART_DMAAbortOnError) referenced 2 times from stm32f4xx_hal_uart.o(.text.HAL_UART_IRQHandler)
 <LI><a href="#[63]">UART_DMAError</a> from stm32f4xx_hal_uart.o(.text.UART_DMAError) referenced 2 times from stm32f4xx_hal_uart.o(.text.HAL_UART_Transmit_DMA)
 <LI><a href="#[63]">UART_DMAError</a> from stm32f4xx_hal_uart.o(.text.UART_DMAError) referenced 2 times from stm32f4xx_hal_uart.o(.text.UART_Start_Receive_DMA)
 <LI><a href="#[64]">UART_DMAReceiveCplt</a> from stm32f4xx_hal_uart.o(.text.UART_DMAReceiveCplt) referenced 2 times from stm32f4xx_hal_uart.o(.text.UART_Start_Receive_DMA)
 <LI><a href="#[65]">UART_DMARxHalfCplt</a> from stm32f4xx_hal_uart.o(.text.UART_DMARxHalfCplt) referenced 2 times from stm32f4xx_hal_uart.o(.text.UART_Start_Receive_DMA)
 <LI><a href="#[61]">UART_DMATransmitCplt</a> from stm32f4xx_hal_uart.o(.text.UART_DMATransmitCplt) referenced 2 times from stm32f4xx_hal_uart.o(.text.HAL_UART_Transmit_DMA)
 <LI><a href="#[62]">UART_DMATxHalfCplt</a> from stm32f4xx_hal_uart.o(.text.UART_DMATxHalfCplt) referenced 2 times from stm32f4xx_hal_uart.o(.text.HAL_UART_Transmit_DMA)
 <LI><a href="#[2f]">USART1_IRQHandler</a> from stm32f4xx_it.o(.text.USART1_IRQHandler) referenced from startup_stm32f407xx.o(RESET)
 <LI><a href="#[30]">USART2_IRQHandler</a> from startup_stm32f407xx.o(.text) referenced from startup_stm32f407xx.o(RESET)
 <LI><a href="#[31]">USART3_IRQHandler</a> from stm32f4xx_it.o(.text.USART3_IRQHandler) referenced from startup_stm32f407xx.o(RESET)
 <LI><a href="#[51]">USART6_IRQHandler</a> from stm32f4xx_it.o(.text.USART6_IRQHandler) referenced from startup_stm32f407xx.o(RESET)
 <LI><a href="#[5]">UsageFault_Handler</a> from stm32f4xx_it.o(.text.UsageFault_Handler) referenced from startup_stm32f407xx.o(RESET)
 <LI><a href="#[a]">WWDG_IRQHandler</a> from startup_stm32f407xx.o(.text) referenced from startup_stm32f407xx.o(RESET)
 <LI><a href="#[aa]">_GLOBAL__sub_I_ControlTask.cpp</a> from controltask.o(.text._GLOBAL__sub_I_ControlTask.cpp) referenced from controltask.o(.init_array)
 <LI><a href="#[ab]">_GLOBAL__sub_I_MotorTask.cpp</a> from motortask.o(.text._GLOBAL__sub_I_MotorTask.cpp) referenced from motortask.o(.init_array)
 <LI><a href="#[ac]">_GLOBAL__sub_I_RemoteTask.cpp</a> from remotetask.o(.text._GLOBAL__sub_I_RemoteTask.cpp) referenced from remotetask.o(.init_array)
 <LI><a href="#[78]">Alg::CalculationBase::InverseKinematicsBase::SetSpeedGain(float)</a> from controltask.o(.text._ZN3Alg15CalculationBase21InverseKinematicsBase12SetSpeedGainEf) referenced from controltask.o(.rodata._ZTVN3Alg15CalculationBase21InverseKinematicsBaseE)
 <LI><a href="#[78]">Alg::CalculationBase::InverseKinematicsBase::SetSpeedGain(float)</a> from controltask.o(.text._ZN3Alg15CalculationBase21InverseKinematicsBase12SetSpeedGainEf) referenced from controltask.o(.rodata._ZTVN3Alg15CalculationBase7Omni_IKE)
 <LI><a href="#[76]">Alg::CalculationBase::InverseKinematicsBase::SetSignal_xyw(float, float, float)</a> from controltask.o(.text._ZN3Alg15CalculationBase21InverseKinematicsBase13SetSignal_xywEfff) referenced from controltask.o(.rodata._ZTVN3Alg15CalculationBase21InverseKinematicsBaseE)
 <LI><a href="#[76]">Alg::CalculationBase::InverseKinematicsBase::SetSignal_xyw(float, float, float)</a> from controltask.o(.text._ZN3Alg15CalculationBase21InverseKinematicsBase13SetSignal_xywEfff) referenced from controltask.o(.rodata._ZTVN3Alg15CalculationBase7Omni_IKE)
 <LI><a href="#[79]">Alg::CalculationBase::InverseKinematicsBase::SetRotationalGain(float)</a> from controltask.o(.text._ZN3Alg15CalculationBase21InverseKinematicsBase17SetRotationalGainEf) referenced from controltask.o(.rodata._ZTVN3Alg15CalculationBase21InverseKinematicsBaseE)
 <LI><a href="#[79]">Alg::CalculationBase::InverseKinematicsBase::SetRotationalGain(float)</a> from controltask.o(.text._ZN3Alg15CalculationBase21InverseKinematicsBase17SetRotationalGainEf) referenced from controltask.o(.rodata._ZTVN3Alg15CalculationBase7Omni_IKE)
 <LI><a href="#[77]">Alg::CalculationBase::InverseKinematicsBase::SetPhase(float)</a> from controltask.o(.text._ZN3Alg15CalculationBase21InverseKinematicsBase8SetPhaseEf) referenced from controltask.o(.rodata._ZTVN3Alg15CalculationBase21InverseKinematicsBaseE)
 <LI><a href="#[77]">Alg::CalculationBase::InverseKinematicsBase::SetPhase(float)</a> from controltask.o(.text._ZN3Alg15CalculationBase21InverseKinematicsBase8SetPhaseEf) referenced from controltask.o(.rodata._ZTVN3Alg15CalculationBase7Omni_IKE)
 <LI><a href="#[75]">Alg::CalculationBase::InverseKinematicsBase::~InverseKinematicsBase__deallocating()</a> from controltask.o(.text._ZN3Alg15CalculationBase21InverseKinematicsBaseD0Ev) referenced from controltask.o(.rodata._ZTVN3Alg15CalculationBase21InverseKinematicsBaseE)
 <LI><a href="#[74]">Alg::CalculationBase::InverseKinematicsBase::~InverseKinematicsBase__sub_object()</a> from controltask.o(.text._ZN3Alg15CalculationBase21InverseKinematicsBaseD2Ev) referenced from controltask.o(.rodata._ZTVN3Alg15CalculationBase21InverseKinematicsBaseE)
 <LI><a href="#[80]">Alg::CalculationBase::Omni_IK::~Omni_IK__deallocating()</a> from controltask.o(.text._ZN3Alg15CalculationBase7Omni_IKD0Ev) referenced from controltask.o(.rodata._ZTVN3Alg15CalculationBase7Omni_IKE)
 <LI><a href="#[6c]">Alg::CalculationBase::Omni_IK::~Omni_IK__sub_object()</a> from controltask.o(.text._ZN3Alg15CalculationBase7Omni_IKD2Ev) referenced from controltask.o(.rodata._ZTVN3Alg15CalculationBase7Omni_IKE)
 <LI><a href="#[6c]">Alg::CalculationBase::Omni_IK::~Omni_IK__sub_object()</a> from controltask.o(.text._ZN3Alg15CalculationBase7Omni_IKD2Ev) referenced 2 times from controltask.o(.text.__cxx_global_var_init.1)
 <LI><a href="#[81]">BSP::Motor::Dji::DjiMotorBase&lang;(unsigned char)1&rang;::Parse(HAL::CAN::Frame const&)</a> from motortask.o(.text._ZN3BSP5Motor3Dji12DjiMotorBaseILh1EE5ParseERKN3HAL3CAN5FrameE) referenced from motortask.o(.rodata._ZTVN3BSP5Motor3Dji12DjiMotorBaseILh1EEE)
 <LI><a href="#[81]">BSP::Motor::Dji::DjiMotorBase&lang;(unsigned char)1&rang;::Parse(HAL::CAN::Frame const&)</a> from motortask.o(.text._ZN3BSP5Motor3Dji12DjiMotorBaseILh1EE5ParseERKN3HAL3CAN5FrameE) referenced from motortask.o(.rodata._ZTVN3BSP5Motor3Dji6GM6020ILh1EEE)
 <LI><a href="#[82]">BSP::Motor::Dji::DjiMotorBase&lang;(unsigned char)4&rang;::Parse(HAL::CAN::Frame const&)</a> from motortask.o(.text._ZN3BSP5Motor3Dji12DjiMotorBaseILh4EE5ParseERKN3HAL3CAN5FrameE) referenced from motortask.o(.rodata._ZTVN3BSP5Motor3Dji12DjiMotorBaseILh4EEE)
 <LI><a href="#[82]">BSP::Motor::Dji::DjiMotorBase&lang;(unsigned char)4&rang;::Parse(HAL::CAN::Frame const&)</a> from motortask.o(.text._ZN3BSP5Motor3Dji12DjiMotorBaseILh4EE5ParseERKN3HAL3CAN5FrameE) referenced from motortask.o(.rodata._ZTVN3BSP5Motor3Dji6GM3508ILh4EEE)
 <LI><a href="#[85]">HAL::CAN::ICanDevice::~ICanDevice__deallocating()</a> from can_device_impl.o(.text._ZN3HAL3CAN10ICanDeviceD0Ev) referenced from can_device_impl.o(.rodata._ZTVN3HAL3CAN10ICanDeviceE)
 <LI><a href="#[84]">HAL::CAN::ICanDevice::~ICanDevice__sub_object()</a> from can_bus_impl.o(.text._ZN3HAL3CAN10ICanDeviceD2Ev) referenced from can_device_impl.o(.rodata._ZTVN3HAL3CAN10ICanDeviceE)
 <LI><a href="#[87]">HAL::CAN::CanBus::get_device(HAL::CAN::CanDeviceId)</a> from can_bus_impl.o(.text._ZN3HAL3CAN6CanBus10get_deviceENS0_11CanDeviceIdE) referenced from can_bus_impl.o(.rodata._ZTVN3HAL3CAN6CanBusE)
 <LI><a href="#[86]">HAL::CAN::CanBus::~CanBus__deallocating()</a> from can_bus_impl.o(.text._ZN3HAL3CAN6CanBusD0Ev) referenced from can_bus_impl.o(.rodata._ZTVN3HAL3CAN6CanBusE)
 <LI><a href="#[66]">HAL::CAN::CanBus::~CanBus__sub_object()</a> from can_bus_impl.o(.text._ZN3HAL3CAN6CanBusD2Ev) referenced from can_bus_impl.o(.rodata._ZTVN3HAL3CAN6CanBusE)
 <LI><a href="#[66]">HAL::CAN::CanBus::~CanBus__sub_object()</a> from can_bus_impl.o(.text._ZN3HAL3CAN6CanBusD2Ev) referenced 2 times from can_bus_impl.o(.text._ZN3HAL3CAN6CanBus8instanceEv)
 <LI><a href="#[8a]">HAL::CAN::ICanBus::~ICanBus__deallocating()</a> from can_bus_impl.o(.text._ZN3HAL3CAN7ICanBusD0Ev) referenced from can_bus_impl.o(.rodata._ZTVN3HAL3CAN7ICanBusE)
 <LI><a href="#[89]">HAL::CAN::ICanBus::~ICanBus__sub_object()</a> from can_bus_impl.o(.text._ZN3HAL3CAN7ICanBusD2Ev) referenced from can_bus_impl.o(.rodata._ZTVN3HAL3CAN7ICanBusE)
 <LI><a href="#[92]">HAL::CAN::CanDevice::register_rx_callback(std::__2::function&lang;void (HAL::CAN::Frame const&)&rang;)</a> from can_device_impl.o(.text._ZN3HAL3CAN9CanDevice20register_rx_callbackENSt3__28functionIFvRKNS0_5FrameEEEE) referenced from can_device_impl.o(.rodata._ZTVN3HAL3CAN9CanDeviceE)
 <LI><a href="#[93]">HAL::CAN::CanDevice::trigger_rx_callbacks(HAL::CAN::Frame const&)</a> from can_device_impl.o(.text._ZN3HAL3CAN9CanDevice20trigger_rx_callbacksERKNS0_5FrameE) referenced from can_device_impl.o(.rodata._ZTVN3HAL3CAN9CanDeviceE)
 <LI><a href="#[8d]">HAL::CAN::CanDevice::init()</a> from can_device_impl.o(.text._ZN3HAL3CAN9CanDevice4initEv) referenced from can_device_impl.o(.rodata._ZTVN3HAL3CAN9CanDeviceE)
 <LI><a href="#[8f]">HAL::CAN::CanDevice::send(HAL::CAN::Frame const&)</a> from can_device_impl.o(.text._ZN3HAL3CAN9CanDevice4sendERKNS0_5FrameE) referenced from can_device_impl.o(.rodata._ZTVN3HAL3CAN9CanDeviceE)
 <LI><a href="#[8e]">HAL::CAN::CanDevice::start()</a> from can_device_impl.o(.text._ZN3HAL3CAN9CanDevice5startEv) referenced from can_device_impl.o(.rodata._ZTVN3HAL3CAN9CanDeviceE)
 <LI><a href="#[90]">HAL::CAN::CanDevice::receive(HAL::CAN::Frame&)</a> from can_device_impl.o(.text._ZN3HAL3CAN9CanDevice7receiveERNS0_5FrameE) referenced from can_device_impl.o(.rodata._ZTVN3HAL3CAN9CanDeviceE)
 <LI><a href="#[8c]">HAL::CAN::CanDevice::~CanDevice__deallocating()</a> from can_device_impl.o(.text._ZN3HAL3CAN9CanDeviceD0Ev) referenced from can_device_impl.o(.rodata._ZTVN3HAL3CAN9CanDeviceE)
 <LI><a href="#[8b]">HAL::CAN::CanDevice::~CanDevice__sub_object()</a> from can_bus_impl.o(.text._ZN3HAL3CAN9CanDeviceD2Ev) referenced from can_device_impl.o(.rodata._ZTVN3HAL3CAN9CanDeviceE)
 <LI><a href="#[9d]">HAL::UART::UartDevice::receive_dma(HAL::UART::Data&)</a> from uart_device_impl.o(.text._ZN3HAL4UART10UartDevice11receive_dmaERNS0_4DataE) referenced from uart_device_impl.o(.rodata._ZTVN3HAL4UART10UartDeviceE)
 <LI><a href="#[9b]">HAL::UART::UartDevice::receive_byte(unsigned char&)</a> from uart_device_impl.o(.text._ZN3HAL4UART10UartDevice12receive_byteERh) referenced from uart_device_impl.o(.rodata._ZTVN3HAL4UART10UartDeviceE)
 <LI><a href="#[9c]">HAL::UART::UartDevice::transmit_dma(HAL::UART::Data const&)</a> from uart_device_impl.o(.text._ZN3HAL4UART10UartDevice12transmit_dmaERKNS0_4DataE) referenced from uart_device_impl.o(.rodata._ZTVN3HAL4UART10UartDeviceE)
 <LI><a href="#[9a]">HAL::UART::UartDevice::transmit_byte(unsigned char)</a> from uart_device_impl.o(.text._ZN3HAL4UART10UartDevice13transmit_byteEh) referenced from uart_device_impl.o(.rodata._ZTVN3HAL4UART10UartDeviceE)
 <LI><a href="#[a1]">HAL::UART::UartDevice::clear_ore_error(HAL::UART::Data&)</a> from uart_device_impl.o(.text._ZN3HAL4UART10UartDevice15clear_ore_errorERNS0_4DataE) referenced from uart_device_impl.o(.rodata._ZTVN3HAL4UART10UartDeviceE)
 <LI><a href="#[9e]">HAL::UART::UartDevice::receive_dma_idle(HAL::UART::Data&)</a> from uart_device_impl.o(.text._ZN3HAL4UART10UartDevice16receive_dma_idleERNS0_4DataE) referenced from uart_device_impl.o(.rodata._ZTVN3HAL4UART10UartDeviceE)
 <LI><a href="#[9f]">HAL::UART::UartDevice::register_rx_callback(std::__2::function&lang;void (HAL::UART::Data const&)&rang;)</a> from uart_device_impl.o(.text._ZN3HAL4UART10UartDevice20register_rx_callbackENSt3__28functionIFvRKNS0_4DataEEEE) referenced from uart_device_impl.o(.rodata._ZTVN3HAL4UART10UartDeviceE)
 <LI><a href="#[a0]">HAL::UART::UartDevice::trigger_rx_callbacks(HAL::UART::Data const&)</a> from uart_device_impl.o(.text._ZN3HAL4UART10UartDevice20trigger_rx_callbacksERKNS0_4DataE) referenced from uart_device_impl.o(.rodata._ZTVN3HAL4UART10UartDeviceE)
 <LI><a href="#[96]">HAL::UART::UartDevice::init()</a> from uart_device_impl.o(.text._ZN3HAL4UART10UartDevice4initEv) referenced from uart_device_impl.o(.rodata._ZTVN3HAL4UART10UartDeviceE)
 <LI><a href="#[97]">HAL::UART::UartDevice::start()</a> from uart_device_impl.o(.text._ZN3HAL4UART10UartDevice5startEv) referenced from uart_device_impl.o(.rodata._ZTVN3HAL4UART10UartDeviceE)
 <LI><a href="#[99]">HAL::UART::UartDevice::receive(HAL::UART::Data&)</a> from uart_device_impl.o(.text._ZN3HAL4UART10UartDevice7receiveERNS0_4DataE) referenced from uart_device_impl.o(.rodata._ZTVN3HAL4UART10UartDeviceE)
 <LI><a href="#[98]">HAL::UART::UartDevice::transmit(HAL::UART::Data const&)</a> from uart_device_impl.o(.text._ZN3HAL4UART10UartDevice8transmitERKNS0_4DataE) referenced from uart_device_impl.o(.rodata._ZTVN3HAL4UART10UartDeviceE)
 <LI><a href="#[95]">HAL::UART::UartDevice::~UartDevice__deallocating()</a> from uart_device_impl.o(.text._ZN3HAL4UART10UartDeviceD0Ev) referenced from uart_device_impl.o(.rodata._ZTVN3HAL4UART10UartDeviceE)
 <LI><a href="#[94]">HAL::UART::UartDevice::~UartDevice__sub_object()</a> from uart_bus_impl.o(.text._ZN3HAL4UART10UartDeviceD2Ev) referenced from uart_device_impl.o(.rodata._ZTVN3HAL4UART10UartDeviceE)
 <LI><a href="#[a4]">HAL::UART::IUartDevice::~IUartDevice__deallocating()</a> from uart_device_impl.o(.text._ZN3HAL4UART11IUartDeviceD0Ev) referenced from uart_device_impl.o(.rodata._ZTVN3HAL4UART11IUartDeviceE)
 <LI><a href="#[a3]">HAL::UART::IUartDevice::~IUartDevice__sub_object()</a> from uart_bus_impl.o(.text._ZN3HAL4UART11IUartDeviceD2Ev) referenced from uart_device_impl.o(.rodata._ZTVN3HAL4UART11IUartDeviceE)
 <LI><a href="#[a6]">HAL::UART::UartBus::get_device(HAL::UART::UartDeviceId)</a> from uart_bus_impl.o(.text._ZN3HAL4UART7UartBus10get_deviceENS0_12UartDeviceIdE) referenced from uart_bus_impl.o(.rodata._ZTVN3HAL4UART7UartBusE)
 <LI><a href="#[a5]">HAL::UART::UartBus::~UartBus__deallocating()</a> from uart_bus_impl.o(.text._ZN3HAL4UART7UartBusD0Ev) referenced from uart_bus_impl.o(.rodata._ZTVN3HAL4UART7UartBusE)
 <LI><a href="#[67]">HAL::UART::UartBus::~UartBus__sub_object()</a> from uart_bus_impl.o(.text._ZN3HAL4UART7UartBusD2Ev) referenced from uart_bus_impl.o(.rodata._ZTVN3HAL4UART7UartBusE)
 <LI><a href="#[67]">HAL::UART::UartBus::~UartBus__sub_object()</a> from uart_bus_impl.o(.text._ZN3HAL4UART7UartBusD2Ev) referenced 2 times from uart_bus_impl.o(.text._ZN3HAL4UART7UartBus8instanceEv)
 <LI><a href="#[a9]">HAL::UART::IUartBus::~IUartBus__deallocating()</a> from uart_bus_impl.o(.text._ZN3HAL4UART8IUartBusD0Ev) referenced from uart_bus_impl.o(.rodata._ZTVN3HAL4UART8IUartBusE)
 <LI><a href="#[a8]">HAL::UART::IUartBus::~IUartBus__sub_object()</a> from uart_bus_impl.o(.text._ZN3HAL4UART8IUartBusD2Ev) referenced from uart_bus_impl.o(.rodata._ZTVN3HAL4UART8IUartBusE)
 <LI><a href="#[7c]">Alg::CalculationBase::InverseKinematicsBase::GetSignal_w() const</a> from controltask.o(.text._ZNK3Alg15CalculationBase21InverseKinematicsBase11GetSignal_wEv) referenced from controltask.o(.rodata._ZTVN3Alg15CalculationBase21InverseKinematicsBaseE)
 <LI><a href="#[7c]">Alg::CalculationBase::InverseKinematicsBase::GetSignal_w() const</a> from controltask.o(.text._ZNK3Alg15CalculationBase21InverseKinematicsBase11GetSignal_wEv) referenced from controltask.o(.rodata._ZTVN3Alg15CalculationBase7Omni_IKE)
 <LI><a href="#[7a]">Alg::CalculationBase::InverseKinematicsBase::GetSignal_x() const</a> from controltask.o(.text._ZNK3Alg15CalculationBase21InverseKinematicsBase11GetSignal_xEv) referenced from controltask.o(.rodata._ZTVN3Alg15CalculationBase21InverseKinematicsBaseE)
 <LI><a href="#[7a]">Alg::CalculationBase::InverseKinematicsBase::GetSignal_x() const</a> from controltask.o(.text._ZNK3Alg15CalculationBase21InverseKinematicsBase11GetSignal_xEv) referenced from controltask.o(.rodata._ZTVN3Alg15CalculationBase7Omni_IKE)
 <LI><a href="#[7b]">Alg::CalculationBase::InverseKinematicsBase::GetSignal_y() const</a> from controltask.o(.text._ZNK3Alg15CalculationBase21InverseKinematicsBase11GetSignal_yEv) referenced from controltask.o(.rodata._ZTVN3Alg15CalculationBase21InverseKinematicsBaseE)
 <LI><a href="#[7b]">Alg::CalculationBase::InverseKinematicsBase::GetSignal_y() const</a> from controltask.o(.text._ZNK3Alg15CalculationBase21InverseKinematicsBase11GetSignal_yEv) referenced from controltask.o(.rodata._ZTVN3Alg15CalculationBase7Omni_IKE)
 <LI><a href="#[7e]">Alg::CalculationBase::InverseKinematicsBase::GetSpeedGain() const</a> from controltask.o(.text._ZNK3Alg15CalculationBase21InverseKinematicsBase12GetSpeedGainEv) referenced from controltask.o(.rodata._ZTVN3Alg15CalculationBase21InverseKinematicsBaseE)
 <LI><a href="#[7e]">Alg::CalculationBase::InverseKinematicsBase::GetSpeedGain() const</a> from controltask.o(.text._ZNK3Alg15CalculationBase21InverseKinematicsBase12GetSpeedGainEv) referenced from controltask.o(.rodata._ZTVN3Alg15CalculationBase7Omni_IKE)
 <LI><a href="#[7f]">Alg::CalculationBase::InverseKinematicsBase::GetRotationalGain() const</a> from controltask.o(.text._ZNK3Alg15CalculationBase21InverseKinematicsBase17GetRotationalGainEv) referenced from controltask.o(.rodata._ZTVN3Alg15CalculationBase21InverseKinematicsBaseE)
 <LI><a href="#[7f]">Alg::CalculationBase::InverseKinematicsBase::GetRotationalGain() const</a> from controltask.o(.text._ZNK3Alg15CalculationBase21InverseKinematicsBase17GetRotationalGainEv) referenced from controltask.o(.rodata._ZTVN3Alg15CalculationBase7Omni_IKE)
 <LI><a href="#[7d]">Alg::CalculationBase::InverseKinematicsBase::GetPhase() const</a> from controltask.o(.text._ZNK3Alg15CalculationBase21InverseKinematicsBase8GetPhaseEv) referenced from controltask.o(.rodata._ZTVN3Alg15CalculationBase21InverseKinematicsBaseE)
 <LI><a href="#[7d]">Alg::CalculationBase::InverseKinematicsBase::GetPhase() const</a> from controltask.o(.text._ZNK3Alg15CalculationBase21InverseKinematicsBase8GetPhaseEv) referenced from controltask.o(.rodata._ZTVN3Alg15CalculationBase7Omni_IKE)
 <LI><a href="#[88]">HAL::CAN::CanBus::has_device(HAL::CAN::CanDeviceId) const</a> from can_bus_impl.o(.text._ZNK3HAL3CAN6CanBus10has_deviceENS0_11CanDeviceIdE) referenced from can_bus_impl.o(.rodata._ZTVN3HAL3CAN6CanBusE)
 <LI><a href="#[91]">HAL::CAN::CanDevice::get_handle() const</a> from can_device_impl.o(.text._ZNK3HAL3CAN9CanDevice10get_handleEv) referenced from can_device_impl.o(.rodata._ZTVN3HAL3CAN9CanDeviceE)
 <LI><a href="#[a2]">HAL::UART::UartDevice::get_handle() const</a> from uart_device_impl.o(.text._ZNK3HAL4UART10UartDevice10get_handleEv) referenced from uart_device_impl.o(.rodata._ZTVN3HAL4UART10UartDeviceE)
 <LI><a href="#[a7]">HAL::UART::UartBus::has_device(HAL::UART::UartDeviceId) const</a> from uart_bus_impl.o(.text._ZNK3HAL4UART7UartBus10has_deviceENS0_12UartDeviceIdE) referenced from uart_bus_impl.o(.rodata._ZTVN3HAL4UART7UartBusE)
 <LI><a href="#[68]">void std::__2::__function::__policy_invoker&lang;void (HAL::CAN::Frame const&)&rang;::__call_impl[abi:nn190000]&lang;std::__2::__function::__default_alloc_func&lang;MotorInit()::$_0, void (HAL::CAN::Frame const&)&rang;&rang;(std::__2::__function::__policy_storage const*, HAL::CAN::Frame const&)</a> from motortask.o(.text._ZNSt3__210__function16__policy_invokerIFvRKN3HAL3CAN5FrameEEE11__call_implB8nn190000INS0_20__default_alloc_funcIZ9MotorInitvE3$_0S7_EEEEvPKNS0_16__policy_storageES6_) referenced 2 times from motortask.o(.text._ZNSt3__210__function16__policy_invokerIFvRKN3HAL3CAN5FrameEEE8__createB8nn190000INS0_20__default_alloc_funcIZ9MotorInitvE3$_0S7_EEEES8_v)
 <LI><a href="#[69]">std::__2::__function::__policy_invoker&lang;void (HAL::CAN::Frame const&)&rang;::__call_empty[abi:nn190000](std::__2::__function::__policy_storage const*, HAL::CAN::Frame const&)</a> from can_device_impl.o(.text._ZNSt3__210__function16__policy_invokerIFvRKN3HAL3CAN5FrameEEE12__call_emptyB8nn190000EPKNS0_16__policy_storageES6_) referenced 2 times from can_device_impl.o(.text._ZNSt3__210__function16__policy_invokerIFvRKN3HAL3CAN5FrameEEEC2B8nn190000Ev)
 <LI><a href="#[6a]">void std::__2::__function::__policy_invoker&lang;void (HAL::UART::Data const&)&rang;::__call_impl[abi:nn190000]&lang;std::__2::__function::__default_alloc_func&lang;RemoteInit()::$_0, void (HAL::UART::Data const&)&rang;&rang;(std::__2::__function::__policy_storage const*, HAL::UART::Data const&)</a> from remotetask.o(.text._ZNSt3__210__function16__policy_invokerIFvRKN3HAL4UART4DataEEE11__call_implB8nn190000INS0_20__default_alloc_funcIZ10RemoteInitvE3$_0S7_EEEEvPKNS0_16__policy_storageES6_) referenced 2 times from remotetask.o(.text._ZNSt3__210__function16__policy_invokerIFvRKN3HAL4UART4DataEEE8__createB8nn190000INS0_20__default_alloc_funcIZ10RemoteInitvE3$_0S7_EEEES8_v)
 <LI><a href="#[6b]">std::__2::__function::__policy_invoker&lang;void (HAL::UART::Data const&)&rang;::__call_empty[abi:nn190000](std::__2::__function::__policy_storage const*, HAL::UART::Data const&)</a> from uart_device_impl.o(.text._ZNSt3__210__function16__policy_invokerIFvRKN3HAL4UART4DataEEE12__call_emptyB8nn190000EPKNS0_16__policy_storageES6_) referenced 2 times from uart_device_impl.o(.text._ZNSt3__210__function16__policy_invokerIFvRKN3HAL4UART4DataEEEC2B8nn190000Ev)
 <LI><a href="#[83]">__cxa_pure_virtual</a> from cxa_virtual.cpp.o(.text.__cxa_pure_virtual) referenced from motortask.o(.rodata._ZTVN3BSP5Motor9MotorBaseILh1EEE)
 <LI><a href="#[83]">__cxa_pure_virtual</a> from cxa_virtual.cpp.o(.text.__cxa_pure_virtual) referenced from motortask.o(.rodata._ZTVN3BSP5Motor9MotorBaseILh4EEE)
 <LI><a href="#[83]">__cxa_pure_virtual</a> from cxa_virtual.cpp.o(.text.__cxa_pure_virtual) referenced 7 times from can_device_impl.o(.rodata._ZTVN3HAL3CAN10ICanDeviceE)
 <LI><a href="#[83]">__cxa_pure_virtual</a> from cxa_virtual.cpp.o(.text.__cxa_pure_virtual) referenced 2 times from can_bus_impl.o(.rodata._ZTVN3HAL3CAN7ICanBusE)
 <LI><a href="#[83]">__cxa_pure_virtual</a> from cxa_virtual.cpp.o(.text.__cxa_pure_virtual) referenced 13 times from uart_device_impl.o(.rodata._ZTVN3HAL4UART11IUartDeviceE)
 <LI><a href="#[83]">__cxa_pure_virtual</a> from cxa_virtual.cpp.o(.text.__cxa_pure_virtual) referenced 2 times from uart_bus_impl.o(.rodata._ZTVN3HAL4UART8IUartBusE)
 <LI><a href="#[5c]">__main</a> from __main.o(!!!main) referenced from startup_stm32f407xx.o(.text)
 <LI><a href="#[5f]">_get_lc_ctype</a> from lc_ctype_c.o(locale$$code) referenced from rt_ctype_table.o(.text)
 <LI><a href="#[5e]">_printf_input_char</a> from _printf_char_common.o(.text) referenced from _printf_char_common.o(.text)
 <LI><a href="#[5d]">fputc</a> from fputc.o(i.fputc) referenced from _printf_char_file.o(.text)
 <LI><a href="#[6e]">prvIdleTask</a> from tasks.o(.text.prvIdleTask) referenced 2 times from tasks.o(.text.vTaskStartScheduler)
 <LI><a href="#[6d]">prvTaskExitError</a> from port.o(.text.prvTaskExitError) referenced 2 times from port.o(.text.pxPortInitialiseStack)
</UL>
<P>
<H3>
Global Symbols
</H3>
<P><STRONG><a name="[5c]"></a>__main</STRONG> (Thumb, 8 bytes, Stack size 0 bytes, __main.o(!!!main))
<BR><BR>[Calls]<UL><LI><a href="#[af]">&gt;&gt;</a>&nbsp;&nbsp;&nbsp;__rt_entry
<LI><a href="#[ae]">&gt;&gt;</a>&nbsp;&nbsp;&nbsp;__scatterload
</UL>
<BR>[Address Reference Count : 1]<UL><LI> startup_stm32f407xx.o(.text)
</UL>
<P><STRONG><a name="[ae]"></a>__scatterload</STRONG> (Thumb, 0 bytes, Stack size unknown bytes, __scatter.o(!!!scatter))
<BR><BR>[Called By]<UL><LI><a href="#[5c]">&gt;&gt;</a>&nbsp;&nbsp;&nbsp;__main
</UL>

<P><STRONG><a name="[b0]"></a>__scatterload_rt2</STRONG> (Thumb, 84 bytes, Stack size unknown bytes, __scatter.o(!!!scatter), UNUSED)
<BR><BR>[Calls]<UL><LI><a href="#[af]">&gt;&gt;</a>&nbsp;&nbsp;&nbsp;__rt_entry
</UL>

<P><STRONG><a name="[33b]"></a>__scatterload_rt2_thumb_only</STRONG> (Thumb, 0 bytes, Stack size unknown bytes, __scatter.o(!!!scatter), UNUSED)

<P><STRONG><a name="[33c]"></a>__scatterload_loop</STRONG> (Thumb, 0 bytes, Stack size unknown bytes, __scatter.o(!!!scatter), UNUSED)

<P><STRONG><a name="[b1]"></a>__scatterload_copy</STRONG> (Thumb, 26 bytes, Stack size unknown bytes, __scatter_copy.o(!!handler_copy), UNUSED)
<BR><BR>[Calls]<UL><LI><a href="#[b1]">&gt;&gt;</a>&nbsp;&nbsp;&nbsp;__scatterload_copy
</UL>
<BR>[Called By]<UL><LI><a href="#[b1]">&gt;&gt;</a>&nbsp;&nbsp;&nbsp;__scatterload_copy
</UL>

<P><STRONG><a name="[33d]"></a>__scatterload_null</STRONG> (Thumb, 2 bytes, Stack size unknown bytes, __scatter.o(!!handler_null), UNUSED)

<P><STRONG><a name="[33e]"></a>__scatterload_zeroinit</STRONG> (Thumb, 28 bytes, Stack size unknown bytes, __scatter_zi.o(!!handler_zi), UNUSED)

<P><STRONG><a name="[b2]"></a>_printf_n</STRONG> (Thumb, 0 bytes, Stack size unknown bytes, _printf_n.o(.ARM.Collect$$_printf_percent$$00000001))
<BR><BR>[Calls]<UL><LI><a href="#[b3]">&gt;&gt;</a>&nbsp;&nbsp;&nbsp;_printf_charcount
</UL>

<P><STRONG><a name="[110]"></a>_printf_percent</STRONG> (Thumb, 0 bytes, Stack size unknown bytes, _printf_percent.o(.ARM.Collect$$_printf_percent$$00000000))
<BR><BR>[Called By]<UL><LI><a href="#[10e]">&gt;&gt;</a>&nbsp;&nbsp;&nbsp;__printf
</UL>

<P><STRONG><a name="[b4]"></a>_printf_p</STRONG> (Thumb, 0 bytes, Stack size unknown bytes, _printf_p.o(.ARM.Collect$$_printf_percent$$00000002))
<BR><BR>[Stack]<UL><LI>Max Depth = 64 + Unknown Stack Size
<LI>Call Chain = _printf_p &rArr; _printf_hex_ptr &rArr; _printf_longlong_hex &rArr; _printf_int_common &rArr; _printf_post_padding
</UL>
<BR>[Calls]<UL><LI><a href="#[b5]">&gt;&gt;</a>&nbsp;&nbsp;&nbsp;_printf_hex_ptr
</UL>

<P><STRONG><a name="[b6]"></a>_printf_f</STRONG> (Thumb, 0 bytes, Stack size unknown bytes, _printf_f.o(.ARM.Collect$$_printf_percent$$00000003))
<BR><BR>[Stack]<UL><LI>Max Depth = 324 + Unknown Stack Size
<LI>Call Chain = _printf_f &rArr; _printf_fp_dec &rArr; _printf_fp_dec_real &rArr; _fp_digits &rArr; _btod_etento &rArr; _btod_emul &rArr; _e2e
</UL>
<BR>[Calls]<UL><LI><a href="#[b7]">&gt;&gt;</a>&nbsp;&nbsp;&nbsp;_printf_fp_dec
</UL>

<P><STRONG><a name="[b8]"></a>_printf_e</STRONG> (Thumb, 0 bytes, Stack size unknown bytes, _printf_e.o(.ARM.Collect$$_printf_percent$$00000004))
<BR><BR>[Stack]<UL><LI>Max Depth = 324 + Unknown Stack Size
<LI>Call Chain = _printf_e &rArr; _printf_fp_dec &rArr; _printf_fp_dec_real &rArr; _fp_digits &rArr; _btod_etento &rArr; _btod_emul &rArr; _e2e
</UL>
<BR>[Calls]<UL><LI><a href="#[b7]">&gt;&gt;</a>&nbsp;&nbsp;&nbsp;_printf_fp_dec
</UL>

<P><STRONG><a name="[b9]"></a>_printf_g</STRONG> (Thumb, 0 bytes, Stack size unknown bytes, _printf_g.o(.ARM.Collect$$_printf_percent$$00000005))
<BR><BR>[Stack]<UL><LI>Max Depth = 324 + Unknown Stack Size
<LI>Call Chain = _printf_g &rArr; _printf_fp_dec &rArr; _printf_fp_dec_real &rArr; _fp_digits &rArr; _btod_etento &rArr; _btod_emul &rArr; _e2e
</UL>
<BR>[Calls]<UL><LI><a href="#[b7]">&gt;&gt;</a>&nbsp;&nbsp;&nbsp;_printf_fp_dec
</UL>

<P><STRONG><a name="[ba]"></a>_printf_a</STRONG> (Thumb, 0 bytes, Stack size unknown bytes, _printf_a.o(.ARM.Collect$$_printf_percent$$00000006))
<BR><BR>[Stack]<UL><LI>Max Depth = 112 + Unknown Stack Size
<LI>Call Chain = _printf_a &rArr; _printf_fp_hex &rArr; _printf_fp_hex_real &rArr; _printf_fp_infnan &rArr; _printf_post_padding
</UL>
<BR>[Calls]<UL><LI><a href="#[bb]">&gt;&gt;</a>&nbsp;&nbsp;&nbsp;_printf_fp_hex
</UL>

<P><STRONG><a name="[33f]"></a>_printf_ll</STRONG> (Thumb, 0 bytes, Stack size unknown bytes, _printf_ll.o(.ARM.Collect$$_printf_percent$$00000007))

<P><STRONG><a name="[bc]"></a>_printf_i</STRONG> (Thumb, 0 bytes, Stack size unknown bytes, _printf_i.o(.ARM.Collect$$_printf_percent$$00000008))
<BR><BR>[Stack]<UL><LI>Max Depth = 72 + Unknown Stack Size
<LI>Call Chain = _printf_i &rArr; _printf_int_dec &rArr; _printf_int_common &rArr; _printf_post_padding
</UL>
<BR>[Calls]<UL><LI><a href="#[bd]">&gt;&gt;</a>&nbsp;&nbsp;&nbsp;_printf_int_dec
</UL>

<P><STRONG><a name="[be]"></a>_printf_d</STRONG> (Thumb, 0 bytes, Stack size unknown bytes, _printf_d.o(.ARM.Collect$$_printf_percent$$00000009))
<BR><BR>[Stack]<UL><LI>Max Depth = 72 + Unknown Stack Size
<LI>Call Chain = _printf_d &rArr; _printf_int_dec &rArr; _printf_int_common &rArr; _printf_post_padding
</UL>
<BR>[Calls]<UL><LI><a href="#[bd]">&gt;&gt;</a>&nbsp;&nbsp;&nbsp;_printf_int_dec
</UL>

<P><STRONG><a name="[bf]"></a>_printf_u</STRONG> (Thumb, 0 bytes, Stack size unknown bytes, _printf_u.o(.ARM.Collect$$_printf_percent$$0000000A))
<BR><BR>[Stack]<UL><LI>Max Depth = 72 + Unknown Stack Size
<LI>Call Chain = _printf_u &rArr; _printf_int_dec &rArr; _printf_int_common &rArr; _printf_post_padding
</UL>
<BR>[Calls]<UL><LI><a href="#[bd]">&gt;&gt;</a>&nbsp;&nbsp;&nbsp;_printf_int_dec
</UL>

<P><STRONG><a name="[c0]"></a>_printf_o</STRONG> (Thumb, 0 bytes, Stack size unknown bytes, _printf_o.o(.ARM.Collect$$_printf_percent$$0000000B))
<BR><BR>[Stack]<UL><LI>Max Depth = 64 + Unknown Stack Size
<LI>Call Chain = _printf_o &rArr; _printf_int_oct &rArr; _printf_longlong_oct &rArr; _printf_int_common &rArr; _printf_post_padding
</UL>
<BR>[Calls]<UL><LI><a href="#[c1]">&gt;&gt;</a>&nbsp;&nbsp;&nbsp;_printf_int_oct
</UL>

<P><STRONG><a name="[c2]"></a>_printf_x</STRONG> (Thumb, 0 bytes, Stack size unknown bytes, _printf_x.o(.ARM.Collect$$_printf_percent$$0000000C))
<BR><BR>[Stack]<UL><LI>Max Depth = 80 + Unknown Stack Size
<LI>Call Chain = _printf_x &rArr; _printf_int_hex &rArr; _printf_longlong_hex &rArr; _printf_int_common &rArr; _printf_post_padding
</UL>
<BR>[Calls]<UL><LI><a href="#[c3]">&gt;&gt;</a>&nbsp;&nbsp;&nbsp;_printf_int_hex
</UL>

<P><STRONG><a name="[c4]"></a>_printf_lli</STRONG> (Thumb, 0 bytes, Stack size unknown bytes, _printf_lli.o(.ARM.Collect$$_printf_percent$$0000000D))
<BR><BR>[Stack]<UL><LI>Max Depth = 72 + Unknown Stack Size
<LI>Call Chain = _printf_lli &rArr; _printf_longlong_dec &rArr; _printf_int_common &rArr; _printf_post_padding
</UL>
<BR>[Calls]<UL><LI><a href="#[c5]">&gt;&gt;</a>&nbsp;&nbsp;&nbsp;_printf_longlong_dec
</UL>

<P><STRONG><a name="[c6]"></a>_printf_lld</STRONG> (Thumb, 0 bytes, Stack size unknown bytes, _printf_lld.o(.ARM.Collect$$_printf_percent$$0000000E))
<BR><BR>[Stack]<UL><LI>Max Depth = 72 + Unknown Stack Size
<LI>Call Chain = _printf_lld &rArr; _printf_longlong_dec &rArr; _printf_int_common &rArr; _printf_post_padding
</UL>
<BR>[Calls]<UL><LI><a href="#[c5]">&gt;&gt;</a>&nbsp;&nbsp;&nbsp;_printf_longlong_dec
</UL>

<P><STRONG><a name="[c7]"></a>_printf_llu</STRONG> (Thumb, 0 bytes, Stack size unknown bytes, _printf_llu.o(.ARM.Collect$$_printf_percent$$0000000F))
<BR><BR>[Stack]<UL><LI>Max Depth = 72 + Unknown Stack Size
<LI>Call Chain = _printf_llu &rArr; _printf_longlong_dec &rArr; _printf_int_common &rArr; _printf_post_padding
</UL>
<BR>[Calls]<UL><LI><a href="#[c5]">&gt;&gt;</a>&nbsp;&nbsp;&nbsp;_printf_longlong_dec
</UL>

<P><STRONG><a name="[c8]"></a>_printf_llo</STRONG> (Thumb, 0 bytes, Stack size unknown bytes, _printf_llo.o(.ARM.Collect$$_printf_percent$$00000010))
<BR><BR>[Stack]<UL><LI>Max Depth = 56 + Unknown Stack Size
<LI>Call Chain = _printf_llo &rArr; _printf_ll_oct &rArr; _printf_longlong_oct &rArr; _printf_int_common &rArr; _printf_post_padding
</UL>
<BR>[Calls]<UL><LI><a href="#[c9]">&gt;&gt;</a>&nbsp;&nbsp;&nbsp;_printf_ll_oct
</UL>

<P><STRONG><a name="[ca]"></a>_printf_llx</STRONG> (Thumb, 0 bytes, Stack size unknown bytes, _printf_llx.o(.ARM.Collect$$_printf_percent$$00000011))
<BR><BR>[Stack]<UL><LI>Max Depth = 64 + Unknown Stack Size
<LI>Call Chain = _printf_llx &rArr; _printf_ll_hex &rArr; _printf_longlong_hex &rArr; _printf_int_common &rArr; _printf_post_padding
</UL>
<BR>[Calls]<UL><LI><a href="#[cb]">&gt;&gt;</a>&nbsp;&nbsp;&nbsp;_printf_ll_hex
</UL>

<P><STRONG><a name="[340]"></a>_printf_l</STRONG> (Thumb, 0 bytes, Stack size unknown bytes, _printf_l.o(.ARM.Collect$$_printf_percent$$00000012))

<P><STRONG><a name="[cc]"></a>_printf_c</STRONG> (Thumb, 0 bytes, Stack size unknown bytes, _printf_c.o(.ARM.Collect$$_printf_percent$$00000013))
<BR><BR>[Stack]<UL><LI>Max Depth = 40 + Unknown Stack Size
<LI>Call Chain = _printf_c &rArr; _printf_char &rArr; _printf_cs_common &rArr; _printf_str &rArr; _printf_post_padding
</UL>
<BR>[Calls]<UL><LI><a href="#[cd]">&gt;&gt;</a>&nbsp;&nbsp;&nbsp;_printf_char
</UL>

<P><STRONG><a name="[ce]"></a>_printf_s</STRONG> (Thumb, 0 bytes, Stack size unknown bytes, _printf_s.o(.ARM.Collect$$_printf_percent$$00000014))
<BR><BR>[Stack]<UL><LI>Max Depth = 40 + Unknown Stack Size
<LI>Call Chain = _printf_s &rArr; _printf_string &rArr; _printf_cs_common &rArr; _printf_str &rArr; _printf_post_padding
</UL>
<BR>[Calls]<UL><LI><a href="#[cf]">&gt;&gt;</a>&nbsp;&nbsp;&nbsp;_printf_string
</UL>

<P><STRONG><a name="[d0]"></a>_printf_lc</STRONG> (Thumb, 0 bytes, Stack size unknown bytes, _printf_lc.o(.ARM.Collect$$_printf_percent$$00000015))
<BR><BR>[Stack]<UL><LI>Max Depth = 88 + Unknown Stack Size
<LI>Call Chain = _printf_lc &rArr; _printf_wchar &rArr; _printf_lcs_common &rArr; _printf_wctomb &rArr; _wcrtomb
</UL>
<BR>[Calls]<UL><LI><a href="#[d1]">&gt;&gt;</a>&nbsp;&nbsp;&nbsp;_printf_wchar
</UL>

<P><STRONG><a name="[d2]"></a>_printf_ls</STRONG> (Thumb, 0 bytes, Stack size unknown bytes, _printf_ls.o(.ARM.Collect$$_printf_percent$$00000016))
<BR><BR>[Stack]<UL><LI>Max Depth = 88 + Unknown Stack Size
<LI>Call Chain = _printf_ls &rArr; _printf_wstring &rArr; _printf_lcs_common &rArr; _printf_wctomb &rArr; _wcrtomb
</UL>
<BR>[Calls]<UL><LI><a href="#[d3]">&gt;&gt;</a>&nbsp;&nbsp;&nbsp;_printf_wstring
</UL>

<P><STRONG><a name="[341]"></a>_printf_percent_end</STRONG> (Thumb, 0 bytes, Stack size unknown bytes, _printf_percent_end.o(.ARM.Collect$$_printf_percent$$00000017))

<P><STRONG><a name="[e7]"></a>__rt_lib_init</STRONG> (Thumb, 0 bytes, Stack size unknown bytes, libinit.o(.ARM.Collect$$libinit$$00000000))
<BR><BR>[Called By]<UL><LI><a href="#[e6]">&gt;&gt;</a>&nbsp;&nbsp;&nbsp;__rt_entry_li
</UL>

<P><STRONG><a name="[d4]"></a>__rt_lib_init_fp_1</STRONG> (Thumb, 0 bytes, Stack size unknown bytes, libinit2.o(.ARM.Collect$$libinit$$00000001))
<BR><BR>[Calls]<UL><LI><a href="#[d5]">&gt;&gt;</a>&nbsp;&nbsp;&nbsp;_fp_init
</UL>

<P><STRONG><a name="[d6]"></a>__rt_lib_init_heap_2</STRONG> (Thumb, 0 bytes, Stack size unknown bytes, libinit2.o(.ARM.Collect$$libinit$$00000007))
<BR><BR>[Stack]<UL><LI>Max Depth = 64 + Unknown Stack Size
<LI>Call Chain = __rt_lib_init_heap_2 &rArr; _init_alloc &rArr; __rt_SIGRTMEM &rArr; __rt_SIGRTMEM_inner &rArr; __default_signal_display &rArr; _ttywrch
</UL>
<BR>[Calls]<UL><LI><a href="#[d7]">&gt;&gt;</a>&nbsp;&nbsp;&nbsp;_init_alloc
</UL>

<P><STRONG><a name="[342]"></a>__rt_lib_init_preinit_1</STRONG> (Thumb, 0 bytes, Stack size unknown bytes, libinit2.o(.ARM.Collect$$libinit$$00000006))

<P><STRONG><a name="[343]"></a>__rt_lib_init_relocate_pie_1</STRONG> (Thumb, 0 bytes, Stack size unknown bytes, libinit2.o(.ARM.Collect$$libinit$$00000004))

<P><STRONG><a name="[344]"></a>__rt_lib_init_heap_1</STRONG> (Thumb, 0 bytes, Stack size unknown bytes, libinit2.o(.ARM.Collect$$libinit$$0000000C))

<P><STRONG><a name="[d8]"></a>__rt_lib_init_lc_common</STRONG> (Thumb, 0 bytes, Stack size unknown bytes, libinit2.o(.ARM.Collect$$libinit$$00000011))
<BR><BR>[Calls]<UL><LI><a href="#[d9]">&gt;&gt;</a>&nbsp;&nbsp;&nbsp;__rt_locale
</UL>

<P><STRONG><a name="[345]"></a>__rt_lib_init_rand_1</STRONG> (Thumb, 0 bytes, Stack size unknown bytes, libinit2.o(.ARM.Collect$$libinit$$00000010))

<P><STRONG><a name="[346]"></a>__rt_lib_init_user_alloc_1</STRONG> (Thumb, 0 bytes, Stack size unknown bytes, libinit2.o(.ARM.Collect$$libinit$$0000000E))

<P><STRONG><a name="[347]"></a>__rt_lib_init_lc_collate_1</STRONG> (Thumb, 0 bytes, Stack size unknown bytes, libinit2.o(.ARM.Collect$$libinit$$00000013))

<P><STRONG><a name="[da]"></a>__rt_lib_init_lc_ctype_2</STRONG> (Thumb, 0 bytes, Stack size unknown bytes, libinit2.o(.ARM.Collect$$libinit$$00000014))
<BR><BR>[Stack]<UL><LI>Max Depth = 16 + Unknown Stack Size
<LI>Call Chain = __rt_lib_init_lc_ctype_2 &rArr; _get_lc_ctype &rArr; strcmp
</UL>
<BR>[Calls]<UL><LI><a href="#[5f]">&gt;&gt;</a>&nbsp;&nbsp;&nbsp;_get_lc_ctype
</UL>

<P><STRONG><a name="[348]"></a>__rt_lib_init_lc_ctype_1</STRONG> (Thumb, 0 bytes, Stack size unknown bytes, libinit2.o(.ARM.Collect$$libinit$$00000015))

<P><STRONG><a name="[349]"></a>__rt_lib_init_lc_monetary_1</STRONG> (Thumb, 0 bytes, Stack size unknown bytes, libinit2.o(.ARM.Collect$$libinit$$00000017))

<P><STRONG><a name="[db]"></a>__rt_lib_init_lc_numeric_2</STRONG> (Thumb, 0 bytes, Stack size unknown bytes, libinit2.o(.ARM.Collect$$libinit$$00000018))
<BR><BR>[Stack]<UL><LI>Max Depth = 16 + Unknown Stack Size
<LI>Call Chain = __rt_lib_init_lc_numeric_2 &rArr; _get_lc_numeric &rArr; strcmp
</UL>
<BR>[Calls]<UL><LI><a href="#[dc]">&gt;&gt;</a>&nbsp;&nbsp;&nbsp;_get_lc_numeric
</UL>

<P><STRONG><a name="[34a]"></a>__rt_lib_init_atexit_1</STRONG> (Thumb, 0 bytes, Stack size unknown bytes, libinit2.o(.ARM.Collect$$libinit$$0000001D))

<P><STRONG><a name="[34b]"></a>__rt_lib_init_clock_1</STRONG> (Thumb, 0 bytes, Stack size unknown bytes, libinit2.o(.ARM.Collect$$libinit$$00000023))

<P><STRONG><a name="[34c]"></a>__rt_lib_init_fp_trap_1</STRONG> (Thumb, 0 bytes, Stack size unknown bytes, libinit2.o(.ARM.Collect$$libinit$$00000021))

<P><STRONG><a name="[34d]"></a>__rt_lib_init_getenv_1</STRONG> (Thumb, 0 bytes, Stack size unknown bytes, libinit2.o(.ARM.Collect$$libinit$$00000025))

<P><STRONG><a name="[34e]"></a>__rt_lib_init_lc_numeric_1</STRONG> (Thumb, 0 bytes, Stack size unknown bytes, libinit2.o(.ARM.Collect$$libinit$$00000019))

<P><STRONG><a name="[34f]"></a>__rt_lib_init_lc_time_1</STRONG> (Thumb, 0 bytes, Stack size unknown bytes, libinit2.o(.ARM.Collect$$libinit$$0000001B))

<P><STRONG><a name="[350]"></a>__rt_lib_init_signal_1</STRONG> (Thumb, 0 bytes, Stack size unknown bytes, libinit2.o(.ARM.Collect$$libinit$$0000001F))

<P><STRONG><a name="[dd]"></a>__rt_lib_init_stdio_2</STRONG> (Thumb, 0 bytes, Stack size unknown bytes, libinit2.o(.ARM.Collect$$libinit$$00000026))
<BR><BR>[Stack]<UL><LI>Max Depth = 152 + Unknown Stack Size
<LI>Call Chain = __rt_lib_init_stdio_2 &rArr; _initio &rArr; freopen &rArr; _fclose_internal &rArr; _fflush &rArr; _writebuf &rArr; _sys_write
</UL>
<BR>[Calls]<UL><LI><a href="#[de]">&gt;&gt;</a>&nbsp;&nbsp;&nbsp;_initio
</UL>

<P><STRONG><a name="[351]"></a>__rt_lib_init_alloca_1</STRONG> (Thumb, 0 bytes, Stack size unknown bytes, libinit2.o(.ARM.Collect$$libinit$$00000030))

<P><STRONG><a name="[352]"></a>__rt_lib_init_argv_1</STRONG> (Thumb, 0 bytes, Stack size unknown bytes, libinit2.o(.ARM.Collect$$libinit$$0000002E))

<P><STRONG><a name="[df]"></a>__rt_lib_init_cpp_2</STRONG> (Thumb, 0 bytes, Stack size unknown bytes, libinit2.o(.ARM.Collect$$libinit$$00000033))
<BR><BR>[Stack]<UL><LI>Max Depth = 24 + Unknown Stack Size
<LI>Call Chain = __rt_lib_init_cpp_2 &rArr; __cpp_initialize__aeabi_
</UL>
<BR>[Calls]<UL><LI><a href="#[ad]">&gt;&gt;</a>&nbsp;&nbsp;&nbsp;__cpp_initialize__aeabi_
</UL>

<P><STRONG><a name="[353]"></a>__rt_lib_init_exceptions_1</STRONG> (Thumb, 0 bytes, Stack size unknown bytes, libinit2.o(.ARM.Collect$$libinit$$00000032))

<P><STRONG><a name="[354]"></a>__rt_lib_init_stdio_1</STRONG> (Thumb, 0 bytes, Stack size unknown bytes, libinit2.o(.ARM.Collect$$libinit$$00000027))

<P><STRONG><a name="[355]"></a>__rt_lib_init_cpp_1</STRONG> (Thumb, 0 bytes, Stack size unknown bytes, libinit2.o(.ARM.Collect$$libinit$$00000034))

<P><STRONG><a name="[356]"></a>__rt_lib_init_return</STRONG> (Thumb, 0 bytes, Stack size unknown bytes, libinit2.o(.ARM.Collect$$libinit$$00000035))

<P><STRONG><a name="[ec]"></a>__rt_lib_shutdown</STRONG> (Thumb, 0 bytes, Stack size unknown bytes, libshutdown.o(.ARM.Collect$$libshutdown$$00000000))
<BR><BR>[Called By]<UL><LI><a href="#[fa]">&gt;&gt;</a>&nbsp;&nbsp;&nbsp;abort
<LI><a href="#[eb]">&gt;&gt;</a>&nbsp;&nbsp;&nbsp;__rt_exit_ls
</UL>

<P><STRONG><a name="[e0]"></a>__rt_lib_shutdown_cpp_2</STRONG> (Thumb, 0 bytes, Stack size unknown bytes, libshutdown2.o(.ARM.Collect$$libshutdown$$00000001))
<BR><BR>[Stack]<UL><LI>Max Depth = 40 + Unknown Stack Size
<LI>Call Chain = __rt_lib_shutdown_cpp_2 &rArr; __cxa_finalize &rArr; free
</UL>
<BR>[Calls]<UL><LI><a href="#[e1]">&gt;&gt;</a>&nbsp;&nbsp;&nbsp;__cxa_finalize
</UL>

<P><STRONG><a name="[357]"></a>__rt_lib_shutdown_cpp_1</STRONG> (Thumb, 0 bytes, Stack size unknown bytes, libshutdown2.o(.ARM.Collect$$libshutdown$$00000002))

<P><STRONG><a name="[e2]"></a>__rt_lib_shutdown_stdio_2</STRONG> (Thumb, 0 bytes, Stack size unknown bytes, libshutdown2.o(.ARM.Collect$$libshutdown$$00000003))
<BR><BR>[Stack]<UL><LI>Max Depth = 136 + Unknown Stack Size
<LI>Call Chain = __rt_lib_shutdown_stdio_2 &rArr; _terminateio &rArr; _fclose_internal &rArr; _fflush &rArr; _writebuf &rArr; _sys_write
</UL>
<BR>[Calls]<UL><LI><a href="#[e3]">&gt;&gt;</a>&nbsp;&nbsp;&nbsp;_terminateio
</UL>

<P><STRONG><a name="[358]"></a>__rt_lib_shutdown_fp_trap_1</STRONG> (Thumb, 0 bytes, Stack size unknown bytes, libshutdown2.o(.ARM.Collect$$libshutdown$$00000007))

<P><STRONG><a name="[359]"></a>__rt_lib_shutdown_heap_1</STRONG> (Thumb, 0 bytes, Stack size unknown bytes, libshutdown2.o(.ARM.Collect$$libshutdown$$0000000F))

<P><STRONG><a name="[35a]"></a>__rt_lib_shutdown_return</STRONG> (Thumb, 0 bytes, Stack size unknown bytes, libshutdown2.o(.ARM.Collect$$libshutdown$$00000010))

<P><STRONG><a name="[35b]"></a>__rt_lib_shutdown_signal_1</STRONG> (Thumb, 0 bytes, Stack size unknown bytes, libshutdown2.o(.ARM.Collect$$libshutdown$$0000000A))

<P><STRONG><a name="[35c]"></a>__rt_lib_shutdown_stdio_1</STRONG> (Thumb, 0 bytes, Stack size unknown bytes, libshutdown2.o(.ARM.Collect$$libshutdown$$00000004))

<P><STRONG><a name="[35d]"></a>__rt_lib_shutdown_user_alloc_1</STRONG> (Thumb, 0 bytes, Stack size unknown bytes, libshutdown2.o(.ARM.Collect$$libshutdown$$0000000C))

<P><STRONG><a name="[af]"></a>__rt_entry</STRONG> (Thumb, 0 bytes, Stack size unknown bytes, __rtentry.o(.ARM.Collect$$rtentry$$00000000))
<BR><BR>[Called By]<UL><LI><a href="#[5c]">&gt;&gt;</a>&nbsp;&nbsp;&nbsp;__main
<LI><a href="#[b0]">&gt;&gt;</a>&nbsp;&nbsp;&nbsp;__scatterload_rt2
</UL>

<P><STRONG><a name="[35e]"></a>__rt_entry_presh_1</STRONG> (Thumb, 0 bytes, Stack size unknown bytes, __rtentry2.o(.ARM.Collect$$rtentry$$00000002))

<P><STRONG><a name="[e4]"></a>__rt_entry_sh</STRONG> (Thumb, 0 bytes, Stack size unknown bytes, __rtentry4.o(.ARM.Collect$$rtentry$$00000004))
<BR><BR>[Stack]<UL><LI>Max Depth = 8 + Unknown Stack Size
<LI>Call Chain = __rt_entry_sh &rArr; __user_setup_stackheap
</UL>
<BR>[Calls]<UL><LI><a href="#[e5]">&gt;&gt;</a>&nbsp;&nbsp;&nbsp;__user_setup_stackheap
</UL>

<P><STRONG><a name="[e6]"></a>__rt_entry_li</STRONG> (Thumb, 0 bytes, Stack size unknown bytes, __rtentry2.o(.ARM.Collect$$rtentry$$0000000A))
<BR><BR>[Calls]<UL><LI><a href="#[e7]">&gt;&gt;</a>&nbsp;&nbsp;&nbsp;__rt_lib_init
</UL>

<P><STRONG><a name="[35f]"></a>__rt_entry_postsh_1</STRONG> (Thumb, 0 bytes, Stack size unknown bytes, __rtentry2.o(.ARM.Collect$$rtentry$$00000009))

<P><STRONG><a name="[e8]"></a>__rt_entry_main</STRONG> (Thumb, 0 bytes, Stack size unknown bytes, __rtentry2.o(.ARM.Collect$$rtentry$$0000000D))
<BR><BR>[Stack]<UL><LI>Max Depth = 436 + Unknown Stack Size
<LI>Call Chain = __rt_entry_main &rArr; main &rArr; MX_FREERTOS_Init &rArr; osThreadCreate &rArr; xTaskCreate &rArr; pvPortMalloc &rArr; xTaskResumeAll &rArr; xTaskIncrementTick &rArr; vListInsertEnd
</UL>
<BR>[Calls]<UL><LI><a href="#[e9]">&gt;&gt;</a>&nbsp;&nbsp;&nbsp;main
<LI><a href="#[ea]">&gt;&gt;</a>&nbsp;&nbsp;&nbsp;exit
</UL>

<P><STRONG><a name="[360]"></a>__rt_entry_postli_1</STRONG> (Thumb, 0 bytes, Stack size unknown bytes, __rtentry2.o(.ARM.Collect$$rtentry$$0000000C))

<P><STRONG><a name="[12c]"></a>__rt_exit</STRONG> (Thumb, 0 bytes, Stack size unknown bytes, rtexit.o(.ARM.Collect$$rtexit$$00000000))
<BR><BR>[Called By]<UL><LI><a href="#[ea]">&gt;&gt;</a>&nbsp;&nbsp;&nbsp;exit
</UL>

<P><STRONG><a name="[eb]"></a>__rt_exit_ls</STRONG> (Thumb, 0 bytes, Stack size unknown bytes, rtexit2.o(.ARM.Collect$$rtexit$$00000003))
<BR><BR>[Calls]<UL><LI><a href="#[ec]">&gt;&gt;</a>&nbsp;&nbsp;&nbsp;__rt_lib_shutdown
</UL>

<P><STRONG><a name="[361]"></a>__rt_exit_prels_1</STRONG> (Thumb, 0 bytes, Stack size unknown bytes, rtexit2.o(.ARM.Collect$$rtexit$$00000002))

<P><STRONG><a name="[ed]"></a>__rt_exit_exit</STRONG> (Thumb, 0 bytes, Stack size unknown bytes, rtexit2.o(.ARM.Collect$$rtexit$$00000004))
<BR><BR>[Calls]<UL><LI><a href="#[ee]">&gt;&gt;</a>&nbsp;&nbsp;&nbsp;_sys_exit
</UL>

<P><STRONG><a name="[0]"></a>Reset_Handler</STRONG> (Thumb, 8 bytes, Stack size 0 bytes, startup_stm32f407xx.o(.text))
<BR>[Address Reference Count : 1]<UL><LI> startup_stm32f407xx.o(RESET)
</UL>
<P><STRONG><a name="[1c]"></a>ADC_IRQHandler</STRONG> (Thumb, 0 bytes, Stack size 0 bytes, startup_stm32f407xx.o(.text))
<BR><BR>[Calls]<UL><LI><a href="#[1c]">&gt;&gt;</a>&nbsp;&nbsp;&nbsp;ADC_IRQHandler
</UL>
<BR>[Called By]<UL><LI><a href="#[1c]">&gt;&gt;</a>&nbsp;&nbsp;&nbsp;ADC_IRQHandler
</UL>
<BR>[Address Reference Count : 1]<UL><LI> startup_stm32f407xx.o(RESET)
</UL>
<P><STRONG><a name="[1f]"></a>CAN1_RX1_IRQHandler</STRONG> (Thumb, 0 bytes, Stack size 0 bytes, startup_stm32f407xx.o(.text))
<BR>[Address Reference Count : 1]<UL><LI> startup_stm32f407xx.o(RESET)
</UL>
<P><STRONG><a name="[20]"></a>CAN1_SCE_IRQHandler</STRONG> (Thumb, 0 bytes, Stack size 0 bytes, startup_stm32f407xx.o(.text))
<BR>[Address Reference Count : 1]<UL><LI> startup_stm32f407xx.o(RESET)
</UL>
<P><STRONG><a name="[4b]"></a>CAN2_RX1_IRQHandler</STRONG> (Thumb, 0 bytes, Stack size 0 bytes, startup_stm32f407xx.o(.text))
<BR>[Address Reference Count : 1]<UL><LI> startup_stm32f407xx.o(RESET)
</UL>
<P><STRONG><a name="[4c]"></a>CAN2_SCE_IRQHandler</STRONG> (Thumb, 0 bytes, Stack size 0 bytes, startup_stm32f407xx.o(.text))
<BR>[Address Reference Count : 1]<UL><LI> startup_stm32f407xx.o(RESET)
</UL>
<P><STRONG><a name="[58]"></a>DCMI_IRQHandler</STRONG> (Thumb, 0 bytes, Stack size 0 bytes, startup_stm32f407xx.o(.text))
<BR>[Address Reference Count : 1]<UL><LI> startup_stm32f407xx.o(RESET)
</UL>
<P><STRONG><a name="[15]"></a>DMA1_Stream0_IRQHandler</STRONG> (Thumb, 0 bytes, Stack size 0 bytes, startup_stm32f407xx.o(.text))
<BR>[Address Reference Count : 1]<UL><LI> startup_stm32f407xx.o(RESET)
</UL>
<P><STRONG><a name="[17]"></a>DMA1_Stream2_IRQHandler</STRONG> (Thumb, 0 bytes, Stack size 0 bytes, startup_stm32f407xx.o(.text))
<BR>[Address Reference Count : 1]<UL><LI> startup_stm32f407xx.o(RESET)
</UL>
<P><STRONG><a name="[18]"></a>DMA1_Stream3_IRQHandler</STRONG> (Thumb, 0 bytes, Stack size 0 bytes, startup_stm32f407xx.o(.text))
<BR>[Address Reference Count : 1]<UL><LI> startup_stm32f407xx.o(RESET)
</UL>
<P><STRONG><a name="[19]"></a>DMA1_Stream4_IRQHandler</STRONG> (Thumb, 0 bytes, Stack size 0 bytes, startup_stm32f407xx.o(.text))
<BR>[Address Reference Count : 1]<UL><LI> startup_stm32f407xx.o(RESET)
</UL>
<P><STRONG><a name="[1a]"></a>DMA1_Stream5_IRQHandler</STRONG> (Thumb, 0 bytes, Stack size 0 bytes, startup_stm32f407xx.o(.text))
<BR>[Address Reference Count : 1]<UL><LI> startup_stm32f407xx.o(RESET)
</UL>
<P><STRONG><a name="[1b]"></a>DMA1_Stream6_IRQHandler</STRONG> (Thumb, 0 bytes, Stack size 0 bytes, startup_stm32f407xx.o(.text))
<BR>[Address Reference Count : 1]<UL><LI> startup_stm32f407xx.o(RESET)
</UL>
<P><STRONG><a name="[39]"></a>DMA1_Stream7_IRQHandler</STRONG> (Thumb, 0 bytes, Stack size 0 bytes, startup_stm32f407xx.o(.text))
<BR>[Address Reference Count : 1]<UL><LI> startup_stm32f407xx.o(RESET)
</UL>
<P><STRONG><a name="[42]"></a>DMA2_Stream0_IRQHandler</STRONG> (Thumb, 0 bytes, Stack size 0 bytes, startup_stm32f407xx.o(.text))
<BR>[Address Reference Count : 1]<UL><LI> startup_stm32f407xx.o(RESET)
</UL>
<P><STRONG><a name="[43]"></a>DMA2_Stream1_IRQHandler</STRONG> (Thumb, 0 bytes, Stack size 0 bytes, startup_stm32f407xx.o(.text))
<BR>[Address Reference Count : 1]<UL><LI> startup_stm32f407xx.o(RESET)
</UL>
<P><STRONG><a name="[45]"></a>DMA2_Stream3_IRQHandler</STRONG> (Thumb, 0 bytes, Stack size 0 bytes, startup_stm32f407xx.o(.text))
<BR>[Address Reference Count : 1]<UL><LI> startup_stm32f407xx.o(RESET)
</UL>
<P><STRONG><a name="[46]"></a>DMA2_Stream4_IRQHandler</STRONG> (Thumb, 0 bytes, Stack size 0 bytes, startup_stm32f407xx.o(.text))
<BR>[Address Reference Count : 1]<UL><LI> startup_stm32f407xx.o(RESET)
</UL>
<P><STRONG><a name="[4e]"></a>DMA2_Stream5_IRQHandler</STRONG> (Thumb, 0 bytes, Stack size 0 bytes, startup_stm32f407xx.o(.text))
<BR>[Address Reference Count : 1]<UL><LI> startup_stm32f407xx.o(RESET)
</UL>
<P><STRONG><a name="[47]"></a>ETH_IRQHandler</STRONG> (Thumb, 0 bytes, Stack size 0 bytes, startup_stm32f407xx.o(.text))
<BR>[Address Reference Count : 1]<UL><LI> startup_stm32f407xx.o(RESET)
</UL>
<P><STRONG><a name="[48]"></a>ETH_WKUP_IRQHandler</STRONG> (Thumb, 0 bytes, Stack size 0 bytes, startup_stm32f407xx.o(.text))
<BR>[Address Reference Count : 1]<UL><LI> startup_stm32f407xx.o(RESET)
</UL>
<P><STRONG><a name="[10]"></a>EXTI0_IRQHandler</STRONG> (Thumb, 0 bytes, Stack size 0 bytes, startup_stm32f407xx.o(.text))
<BR>[Address Reference Count : 1]<UL><LI> startup_stm32f407xx.o(RESET)
</UL>
<P><STRONG><a name="[32]"></a>EXTI15_10_IRQHandler</STRONG> (Thumb, 0 bytes, Stack size 0 bytes, startup_stm32f407xx.o(.text))
<BR>[Address Reference Count : 1]<UL><LI> startup_stm32f407xx.o(RESET)
</UL>
<P><STRONG><a name="[11]"></a>EXTI1_IRQHandler</STRONG> (Thumb, 0 bytes, Stack size 0 bytes, startup_stm32f407xx.o(.text))
<BR>[Address Reference Count : 1]<UL><LI> startup_stm32f407xx.o(RESET)
</UL>
<P><STRONG><a name="[12]"></a>EXTI2_IRQHandler</STRONG> (Thumb, 0 bytes, Stack size 0 bytes, startup_stm32f407xx.o(.text))
<BR>[Address Reference Count : 1]<UL><LI> startup_stm32f407xx.o(RESET)
</UL>
<P><STRONG><a name="[13]"></a>EXTI3_IRQHandler</STRONG> (Thumb, 0 bytes, Stack size 0 bytes, startup_stm32f407xx.o(.text))
<BR>[Address Reference Count : 1]<UL><LI> startup_stm32f407xx.o(RESET)
</UL>
<P><STRONG><a name="[14]"></a>EXTI4_IRQHandler</STRONG> (Thumb, 0 bytes, Stack size 0 bytes, startup_stm32f407xx.o(.text))
<BR>[Address Reference Count : 1]<UL><LI> startup_stm32f407xx.o(RESET)
</UL>
<P><STRONG><a name="[21]"></a>EXTI9_5_IRQHandler</STRONG> (Thumb, 0 bytes, Stack size 0 bytes, startup_stm32f407xx.o(.text))
<BR>[Address Reference Count : 1]<UL><LI> startup_stm32f407xx.o(RESET)
</UL>
<P><STRONG><a name="[e]"></a>FLASH_IRQHandler</STRONG> (Thumb, 0 bytes, Stack size 0 bytes, startup_stm32f407xx.o(.text))
<BR>[Address Reference Count : 1]<UL><LI> startup_stm32f407xx.o(RESET)
</UL>
<P><STRONG><a name="[3a]"></a>FMC_IRQHandler</STRONG> (Thumb, 0 bytes, Stack size 0 bytes, startup_stm32f407xx.o(.text))
<BR>[Address Reference Count : 1]<UL><LI> startup_stm32f407xx.o(RESET)
</UL>
<P><STRONG><a name="[5a]"></a>FPU_IRQHandler</STRONG> (Thumb, 0 bytes, Stack size 0 bytes, startup_stm32f407xx.o(.text))
<BR>[Address Reference Count : 1]<UL><LI> startup_stm32f407xx.o(RESET)
</UL>
<P><STRONG><a name="[59]"></a>HASH_RNG_IRQHandler</STRONG> (Thumb, 0 bytes, Stack size 0 bytes, startup_stm32f407xx.o(.text))
<BR>[Address Reference Count : 1]<UL><LI> startup_stm32f407xx.o(RESET)
</UL>
<P><STRONG><a name="[2a]"></a>I2C1_ER_IRQHandler</STRONG> (Thumb, 0 bytes, Stack size 0 bytes, startup_stm32f407xx.o(.text))
<BR>[Address Reference Count : 1]<UL><LI> startup_stm32f407xx.o(RESET)
</UL>
<P><STRONG><a name="[29]"></a>I2C1_EV_IRQHandler</STRONG> (Thumb, 0 bytes, Stack size 0 bytes, startup_stm32f407xx.o(.text))
<BR>[Address Reference Count : 1]<UL><LI> startup_stm32f407xx.o(RESET)
</UL>
<P><STRONG><a name="[2c]"></a>I2C2_ER_IRQHandler</STRONG> (Thumb, 0 bytes, Stack size 0 bytes, startup_stm32f407xx.o(.text))
<BR>[Address Reference Count : 1]<UL><LI> startup_stm32f407xx.o(RESET)
</UL>
<P><STRONG><a name="[2b]"></a>I2C2_EV_IRQHandler</STRONG> (Thumb, 0 bytes, Stack size 0 bytes, startup_stm32f407xx.o(.text))
<BR>[Address Reference Count : 1]<UL><LI> startup_stm32f407xx.o(RESET)
</UL>
<P><STRONG><a name="[53]"></a>I2C3_ER_IRQHandler</STRONG> (Thumb, 0 bytes, Stack size 0 bytes, startup_stm32f407xx.o(.text))
<BR>[Address Reference Count : 1]<UL><LI> startup_stm32f407xx.o(RESET)
</UL>
<P><STRONG><a name="[52]"></a>I2C3_EV_IRQHandler</STRONG> (Thumb, 0 bytes, Stack size 0 bytes, startup_stm32f407xx.o(.text))
<BR>[Address Reference Count : 1]<UL><LI> startup_stm32f407xx.o(RESET)
</UL>
<P><STRONG><a name="[4d]"></a>OTG_FS_IRQHandler</STRONG> (Thumb, 0 bytes, Stack size 0 bytes, startup_stm32f407xx.o(.text))
<BR>[Address Reference Count : 1]<UL><LI> startup_stm32f407xx.o(RESET)
</UL>
<P><STRONG><a name="[34]"></a>OTG_FS_WKUP_IRQHandler</STRONG> (Thumb, 0 bytes, Stack size 0 bytes, startup_stm32f407xx.o(.text))
<BR>[Address Reference Count : 1]<UL><LI> startup_stm32f407xx.o(RESET)
</UL>
<P><STRONG><a name="[55]"></a>OTG_HS_EP1_IN_IRQHandler</STRONG> (Thumb, 0 bytes, Stack size 0 bytes, startup_stm32f407xx.o(.text))
<BR>[Address Reference Count : 1]<UL><LI> startup_stm32f407xx.o(RESET)
</UL>
<P><STRONG><a name="[54]"></a>OTG_HS_EP1_OUT_IRQHandler</STRONG> (Thumb, 0 bytes, Stack size 0 bytes, startup_stm32f407xx.o(.text))
<BR>[Address Reference Count : 1]<UL><LI> startup_stm32f407xx.o(RESET)
</UL>
<P><STRONG><a name="[57]"></a>OTG_HS_IRQHandler</STRONG> (Thumb, 0 bytes, Stack size 0 bytes, startup_stm32f407xx.o(.text))
<BR>[Address Reference Count : 1]<UL><LI> startup_stm32f407xx.o(RESET)
</UL>
<P><STRONG><a name="[56]"></a>OTG_HS_WKUP_IRQHandler</STRONG> (Thumb, 0 bytes, Stack size 0 bytes, startup_stm32f407xx.o(.text))
<BR>[Address Reference Count : 1]<UL><LI> startup_stm32f407xx.o(RESET)
</UL>
<P><STRONG><a name="[b]"></a>PVD_IRQHandler</STRONG> (Thumb, 0 bytes, Stack size 0 bytes, startup_stm32f407xx.o(.text))
<BR>[Address Reference Count : 1]<UL><LI> startup_stm32f407xx.o(RESET)
</UL>
<P><STRONG><a name="[f]"></a>RCC_IRQHandler</STRONG> (Thumb, 0 bytes, Stack size 0 bytes, startup_stm32f407xx.o(.text))
<BR>[Address Reference Count : 1]<UL><LI> startup_stm32f407xx.o(RESET)
</UL>
<P><STRONG><a name="[33]"></a>RTC_Alarm_IRQHandler</STRONG> (Thumb, 0 bytes, Stack size 0 bytes, startup_stm32f407xx.o(.text))
<BR>[Address Reference Count : 1]<UL><LI> startup_stm32f407xx.o(RESET)
</UL>
<P><STRONG><a name="[d]"></a>RTC_WKUP_IRQHandler</STRONG> (Thumb, 0 bytes, Stack size 0 bytes, startup_stm32f407xx.o(.text))
<BR>[Address Reference Count : 1]<UL><LI> startup_stm32f407xx.o(RESET)
</UL>
<P><STRONG><a name="[3b]"></a>SDIO_IRQHandler</STRONG> (Thumb, 0 bytes, Stack size 0 bytes, startup_stm32f407xx.o(.text))
<BR>[Address Reference Count : 1]<UL><LI> startup_stm32f407xx.o(RESET)
</UL>
<P><STRONG><a name="[2d]"></a>SPI1_IRQHandler</STRONG> (Thumb, 0 bytes, Stack size 0 bytes, startup_stm32f407xx.o(.text))
<BR>[Address Reference Count : 1]<UL><LI> startup_stm32f407xx.o(RESET)
</UL>
<P><STRONG><a name="[2e]"></a>SPI2_IRQHandler</STRONG> (Thumb, 0 bytes, Stack size 0 bytes, startup_stm32f407xx.o(.text))
<BR>[Address Reference Count : 1]<UL><LI> startup_stm32f407xx.o(RESET)
</UL>
<P><STRONG><a name="[3d]"></a>SPI3_IRQHandler</STRONG> (Thumb, 0 bytes, Stack size 0 bytes, startup_stm32f407xx.o(.text))
<BR>[Address Reference Count : 1]<UL><LI> startup_stm32f407xx.o(RESET)
</UL>
<P><STRONG><a name="[c]"></a>TAMP_STAMP_IRQHandler</STRONG> (Thumb, 0 bytes, Stack size 0 bytes, startup_stm32f407xx.o(.text))
<BR>[Address Reference Count : 1]<UL><LI> startup_stm32f407xx.o(RESET)
</UL>
<P><STRONG><a name="[22]"></a>TIM1_BRK_TIM9_IRQHandler</STRONG> (Thumb, 0 bytes, Stack size 0 bytes, startup_stm32f407xx.o(.text))
<BR>[Address Reference Count : 1]<UL><LI> startup_stm32f407xx.o(RESET)
</UL>
<P><STRONG><a name="[25]"></a>TIM1_CC_IRQHandler</STRONG> (Thumb, 0 bytes, Stack size 0 bytes, startup_stm32f407xx.o(.text))
<BR>[Address Reference Count : 1]<UL><LI> startup_stm32f407xx.o(RESET)
</UL>
<P><STRONG><a name="[24]"></a>TIM1_TRG_COM_TIM11_IRQHandler</STRONG> (Thumb, 0 bytes, Stack size 0 bytes, startup_stm32f407xx.o(.text))
<BR>[Address Reference Count : 1]<UL><LI> startup_stm32f407xx.o(RESET)
</UL>
<P><STRONG><a name="[26]"></a>TIM2_IRQHandler</STRONG> (Thumb, 0 bytes, Stack size 0 bytes, startup_stm32f407xx.o(.text))
<BR>[Address Reference Count : 1]<UL><LI> startup_stm32f407xx.o(RESET)
</UL>
<P><STRONG><a name="[27]"></a>TIM3_IRQHandler</STRONG> (Thumb, 0 bytes, Stack size 0 bytes, startup_stm32f407xx.o(.text))
<BR>[Address Reference Count : 1]<UL><LI> startup_stm32f407xx.o(RESET)
</UL>
<P><STRONG><a name="[3c]"></a>TIM5_IRQHandler</STRONG> (Thumb, 0 bytes, Stack size 0 bytes, startup_stm32f407xx.o(.text))
<BR>[Address Reference Count : 1]<UL><LI> startup_stm32f407xx.o(RESET)
</UL>
<P><STRONG><a name="[40]"></a>TIM6_DAC_IRQHandler</STRONG> (Thumb, 0 bytes, Stack size 0 bytes, startup_stm32f407xx.o(.text))
<BR>[Address Reference Count : 1]<UL><LI> startup_stm32f407xx.o(RESET)
</UL>
<P><STRONG><a name="[41]"></a>TIM7_IRQHandler</STRONG> (Thumb, 0 bytes, Stack size 0 bytes, startup_stm32f407xx.o(.text))
<BR>[Address Reference Count : 1]<UL><LI> startup_stm32f407xx.o(RESET)
</UL>
<P><STRONG><a name="[35]"></a>TIM8_BRK_TIM12_IRQHandler</STRONG> (Thumb, 0 bytes, Stack size 0 bytes, startup_stm32f407xx.o(.text))
<BR>[Address Reference Count : 1]<UL><LI> startup_stm32f407xx.o(RESET)
</UL>
<P><STRONG><a name="[38]"></a>TIM8_CC_IRQHandler</STRONG> (Thumb, 0 bytes, Stack size 0 bytes, startup_stm32f407xx.o(.text))
<BR>[Address Reference Count : 1]<UL><LI> startup_stm32f407xx.o(RESET)
</UL>
<P><STRONG><a name="[37]"></a>TIM8_TRG_COM_TIM14_IRQHandler</STRONG> (Thumb, 0 bytes, Stack size 0 bytes, startup_stm32f407xx.o(.text))
<BR>[Address Reference Count : 1]<UL><LI> startup_stm32f407xx.o(RESET)
</UL>
<P><STRONG><a name="[36]"></a>TIM8_UP_TIM13_IRQHandler</STRONG> (Thumb, 0 bytes, Stack size 0 bytes, startup_stm32f407xx.o(.text))
<BR>[Address Reference Count : 1]<UL><LI> startup_stm32f407xx.o(RESET)
</UL>
<P><STRONG><a name="[3e]"></a>UART4_IRQHandler</STRONG> (Thumb, 0 bytes, Stack size 0 bytes, startup_stm32f407xx.o(.text))
<BR>[Address Reference Count : 1]<UL><LI> startup_stm32f407xx.o(RESET)
</UL>
<P><STRONG><a name="[3f]"></a>UART5_IRQHandler</STRONG> (Thumb, 0 bytes, Stack size 0 bytes, startup_stm32f407xx.o(.text))
<BR>[Address Reference Count : 1]<UL><LI> startup_stm32f407xx.o(RESET)
</UL>
<P><STRONG><a name="[30]"></a>USART2_IRQHandler</STRONG> (Thumb, 0 bytes, Stack size 0 bytes, startup_stm32f407xx.o(.text))
<BR>[Address Reference Count : 1]<UL><LI> startup_stm32f407xx.o(RESET)
</UL>
<P><STRONG><a name="[a]"></a>WWDG_IRQHandler</STRONG> (Thumb, 0 bytes, Stack size 0 bytes, startup_stm32f407xx.o(.text))
<BR>[Address Reference Count : 1]<UL><LI> startup_stm32f407xx.o(RESET)
</UL>
<P><STRONG><a name="[119]"></a>__user_initial_stackheap</STRONG> (Thumb, 0 bytes, Stack size unknown bytes, startup_stm32f407xx.o(.text))
<BR><BR>[Called By]<UL><LI><a href="#[e5]">&gt;&gt;</a>&nbsp;&nbsp;&nbsp;__user_setup_stackheap
</UL>

<P><STRONG><a name="[174]"></a>__aeabi_uldivmod</STRONG> (Thumb, 0 bytes, Stack size 48 bytes, lludivv7m.o(.text))
<BR><BR>[Stack]<UL><LI>Max Depth = 48<LI>Call Chain = __aeabi_uldivmod
</UL>
<BR>[Called By]<UL><LI><a href="#[171]">&gt;&gt;</a>&nbsp;&nbsp;&nbsp;HAL_RCC_GetSysClockFreq
<LI><a href="#[198]">&gt;&gt;</a>&nbsp;&nbsp;&nbsp;UART_SetConfig
</UL>

<P><STRONG><a name="[362]"></a>_ll_udiv</STRONG> (Thumb, 240 bytes, Stack size 48 bytes, lludivv7m.o(.text), UNUSED)

<P><STRONG><a name="[ef]"></a>__cxa_atexit</STRONG> (Thumb, 10 bytes, Stack size 0 bytes, cxa_atexit.o(.text))
<BR><BR>[Stack]<UL><LI>Max Depth = 72<LI>Call Chain = __cxa_atexit &rArr; __aeabi_atexit &rArr; malloc &rArr; __Heap_Full &rArr; __Heap_ProvideMemory &rArr; free
</UL>
<BR>[Calls]<UL><LI><a href="#[f0]">&gt;&gt;</a>&nbsp;&nbsp;&nbsp;__aeabi_atexit
</UL>
<BR>[Called By]<UL><LI><a href="#[21b]">&gt;&gt;</a>&nbsp;&nbsp;&nbsp;HAL::UART::UartBus::instance()
<LI><a href="#[1b9]">&gt;&gt;</a>&nbsp;&nbsp;&nbsp;__cxx_global_var_init.1
<LI><a href="#[1f6]">&gt;&gt;</a>&nbsp;&nbsp;&nbsp;HAL::CAN::CanBus::instance()
</UL>

<P><STRONG><a name="[1c2]"></a>__aeabi_memcpy</STRONG> (Thumb, 0 bytes, Stack size 0 bytes, rt_memcpy_v6.o(.text))
<BR><BR>[Called By]<UL><LI><a href="#[13e]">&gt;&gt;</a>&nbsp;&nbsp;&nbsp;BoardCommunicationTX()
</UL>

<P><STRONG><a name="[f1]"></a>__rt_memcpy</STRONG> (Thumb, 138 bytes, Stack size 0 bytes, rt_memcpy_v6.o(.text), UNUSED)
<BR><BR>[Calls]<UL><LI><a href="#[f2]">&gt;&gt;</a>&nbsp;&nbsp;&nbsp;__aeabi_memcpy4
</UL>

<P><STRONG><a name="[363]"></a>_memcpy_lastbytes</STRONG> (Thumb, 0 bytes, Stack size unknown bytes, rt_memcpy_v6.o(.text), UNUSED)

<P><STRONG><a name="[f2]"></a>__aeabi_memcpy4</STRONG> (Thumb, 0 bytes, Stack size 8 bytes, rt_memcpy_w.o(.text), UNUSED)
<BR><BR>[Called By]<UL><LI><a href="#[f1]">&gt;&gt;</a>&nbsp;&nbsp;&nbsp;__rt_memcpy
</UL>

<P><STRONG><a name="[1ee]"></a>__aeabi_memcpy8</STRONG> (Thumb, 0 bytes, Stack size 8 bytes, rt_memcpy_w.o(.text))
<BR><BR>[Stack]<UL><LI>Max Depth = 8<LI>Call Chain = __aeabi_memcpy8
</UL>
<BR>[Called By]<UL><LI><a href="#[1ec]">&gt;&gt;</a>&nbsp;&nbsp;&nbsp;BSP::Motor::Dji::DjiMotorBase&lang;(unsigned char)1&rang;::DjiMotorBase__sub_object(unsigned short, unsigned char const (&) [1], unsigned int, BSP::Motor::Dji::Parameters)
<LI><a href="#[1f1]">&gt;&gt;</a>&nbsp;&nbsp;&nbsp;BSP::Motor::Dji::DjiMotorBase&lang;(unsigned char)4&rang;::DjiMotorBase__sub_object(unsigned short, unsigned char const (&) [4], unsigned int, BSP::Motor::Dji::Parameters)
</UL>

<P><STRONG><a name="[364]"></a>__rt_memcpy_w</STRONG> (Thumb, 100 bytes, Stack size 8 bytes, rt_memcpy_w.o(.text), UNUSED)

<P><STRONG><a name="[365]"></a>_memcpy_lastbytes_aligned</STRONG> (Thumb, 0 bytes, Stack size unknown bytes, rt_memcpy_w.o(.text), UNUSED)

<P><STRONG><a name="[111]"></a>__aeabi_memclr4</STRONG> (Thumb, 0 bytes, Stack size unknown bytes, rt_memclr_w.o(.text))
<BR><BR>[Called By]<UL><LI><a href="#[1b2]">&gt;&gt;</a>&nbsp;&nbsp;&nbsp;SystemClock_Config
<LI><a href="#[115]">&gt;&gt;</a>&nbsp;&nbsp;&nbsp;_fclose_internal
<LI><a href="#[127]">&gt;&gt;</a>&nbsp;&nbsp;&nbsp;fopen
<LI><a href="#[de]">&gt;&gt;</a>&nbsp;&nbsp;&nbsp;_initio
</UL>

<P><STRONG><a name="[366]"></a>__aeabi_memclr8</STRONG> (Thumb, 0 bytes, Stack size unknown bytes, rt_memclr_w.o(.text), UNUSED)

<P><STRONG><a name="[367]"></a>__rt_memclr_w</STRONG> (Thumb, 0 bytes, Stack size unknown bytes, rt_memclr_w.o(.text), UNUSED)

<P><STRONG><a name="[368]"></a>_memset_w</STRONG> (Thumb, 74 bytes, Stack size 4 bytes, rt_memclr_w.o(.text), UNUSED)

<P><STRONG><a name="[369]"></a>__use_two_region_memory</STRONG> (Thumb, 2 bytes, Stack size 0 bytes, heapauxi.o(.text), UNUSED)

<P><STRONG><a name="[36a]"></a>__rt_heap_escrow</STRONG> (Thumb, 2 bytes, Stack size 0 bytes, heapauxi.o(.text), UNUSED)

<P><STRONG><a name="[36b]"></a>__rt_heap_expand</STRONG> (Thumb, 2 bytes, Stack size 0 bytes, heapauxi.o(.text), UNUSED)

<P><STRONG><a name="[ad]"></a>__cpp_initialize__aeabi_</STRONG> (Thumb, 36 bytes, Stack size 24 bytes, init_aeabi.o(.text))
<BR><BR>[Stack]<UL><LI>Max Depth = 24<LI>Call Chain = __cpp_initialize__aeabi_
</UL>
<BR>[Called By]<UL><LI><a href="#[df]">&gt;&gt;</a>&nbsp;&nbsp;&nbsp;__rt_lib_init_cpp_2
</UL>

<P><STRONG><a name="[f3]"></a>malloc</STRONG> (Thumb, 94 bytes, Stack size 16 bytes, h1_alloc.o(.text))
<BR><BR>[Stack]<UL><LI>Max Depth = 48<LI>Call Chain = malloc &rArr; __Heap_Full &rArr; __Heap_ProvideMemory &rArr; free
</UL>
<BR>[Calls]<UL><LI><a href="#[f5]">&gt;&gt;</a>&nbsp;&nbsp;&nbsp;__Heap_Full
<LI><a href="#[f4]">&gt;&gt;</a>&nbsp;&nbsp;&nbsp;__rt_heap_descriptor
</UL>
<BR>[Called By]<UL><LI><a href="#[f0]">&gt;&gt;</a>&nbsp;&nbsp;&nbsp;__aeabi_atexit
<LI><a href="#[1c7]">&gt;&gt;</a>&nbsp;&nbsp;&nbsp;operator_new_impl(unsigned int)
<LI><a href="#[131]">&gt;&gt;</a>&nbsp;&nbsp;&nbsp;__flsbuf
<LI><a href="#[127]">&gt;&gt;</a>&nbsp;&nbsp;&nbsp;fopen
</UL>

<P><STRONG><a name="[f6]"></a>free</STRONG> (Thumb, 78 bytes, Stack size 16 bytes, h1_free.o(.text))
<BR><BR>[Stack]<UL><LI>Max Depth = 16<LI>Call Chain = free
</UL>
<BR>[Calls]<UL><LI><a href="#[f4]">&gt;&gt;</a>&nbsp;&nbsp;&nbsp;__rt_heap_descriptor
</UL>
<BR>[Called By]<UL><LI><a href="#[2f9]">&gt;&gt;</a>&nbsp;&nbsp;&nbsp;operator delete(void*, std::align_val_t)
<LI><a href="#[2f8]">&gt;&gt;</a>&nbsp;&nbsp;&nbsp;operator delete(void*)
<LI><a href="#[115]">&gt;&gt;</a>&nbsp;&nbsp;&nbsp;_fclose_internal
<LI><a href="#[fd]">&gt;&gt;</a>&nbsp;&nbsp;&nbsp;__Heap_ProvideMemory
<LI><a href="#[e1]">&gt;&gt;</a>&nbsp;&nbsp;&nbsp;__cxa_finalize
<LI><a href="#[e3]">&gt;&gt;</a>&nbsp;&nbsp;&nbsp;_terminateio
</UL>

<P><STRONG><a name="[f7]"></a>posix_memalign</STRONG> (Thumb, 174 bytes, Stack size 32 bytes, h1_memalign.o(.text))
<BR><BR>[Stack]<UL><LI>Max Depth = 64<LI>Call Chain = posix_memalign &rArr; __Heap_Full &rArr; __Heap_ProvideMemory &rArr; free
</UL>
<BR>[Calls]<UL><LI><a href="#[f5]">&gt;&gt;</a>&nbsp;&nbsp;&nbsp;__Heap_Full
<LI><a href="#[f4]">&gt;&gt;</a>&nbsp;&nbsp;&nbsp;__rt_heap_descriptor
</UL>
<BR>[Called By]<UL><LI><a href="#[1c9]">&gt;&gt;</a>&nbsp;&nbsp;&nbsp;operator_new_aligned_impl(unsigned int, std::align_val_t)
</UL>

<P><STRONG><a name="[f8]"></a>vfprintf</STRONG> (Thumb, 10 bytes, Stack size 0 bytes, vfprintf.o(.text))
<BR><BR>[Stack]<UL><LI>Max Depth = 120 + Unknown Stack Size
<LI>Call Chain = vfprintf &rArr; _printf_char_file &rArr; _printf_char_common &rArr; __printf
</UL>
<BR>[Calls]<UL><LI><a href="#[f9]">&gt;&gt;</a>&nbsp;&nbsp;&nbsp;_printf_char_file
</UL>
<BR>[Called By]<UL><LI><a href="#[2a6]">&gt;&gt;</a>&nbsp;&nbsp;&nbsp;std::__2::__libcpp_verbose_abort(char const*, ...)
</UL>

<P><STRONG><a name="[fa]"></a>abort</STRONG> (Thumb, 22 bytes, Stack size 8 bytes, abort.o(.text))
<BR><BR>[Stack]<UL><LI>Max Depth = 48 + Unknown Stack Size
<LI>Call Chain = abort &rArr; __rt_SIGABRT &rArr; __rt_SIGABRT_inner &rArr; __default_signal_display &rArr; _ttywrch
</UL>
<BR>[Calls]<UL><LI><a href="#[ee]">&gt;&gt;</a>&nbsp;&nbsp;&nbsp;_sys_exit
<LI><a href="#[ec]">&gt;&gt;</a>&nbsp;&nbsp;&nbsp;__rt_lib_shutdown
<LI><a href="#[fb]">&gt;&gt;</a>&nbsp;&nbsp;&nbsp;__rt_SIGABRT
</UL>
<BR>[Called By]<UL><LI><a href="#[2a6]">&gt;&gt;</a>&nbsp;&nbsp;&nbsp;std::__2::__libcpp_verbose_abort(char const*, ...)
<LI><a href="#[2fa]">&gt;&gt;</a>&nbsp;&nbsp;&nbsp;abort_message
</UL>

<P><STRONG><a name="[f0]"></a>__aeabi_atexit</STRONG> (Thumb, 46 bytes, Stack size 24 bytes, aeabi_atexit.o(.text))
<BR><BR>[Stack]<UL><LI>Max Depth = 72<LI>Call Chain = __aeabi_atexit &rArr; malloc &rArr; __Heap_Full &rArr; __Heap_ProvideMemory &rArr; free
</UL>
<BR>[Calls]<UL><LI><a href="#[fc]">&gt;&gt;</a>&nbsp;&nbsp;&nbsp;__rt_ddtor_pointer_addr
<LI><a href="#[f3]">&gt;&gt;</a>&nbsp;&nbsp;&nbsp;malloc
</UL>
<BR>[Called By]<UL><LI><a href="#[ef]">&gt;&gt;</a>&nbsp;&nbsp;&nbsp;__cxa_atexit
</UL>

<P><STRONG><a name="[ee]"></a>_sys_exit</STRONG> (Thumb, 8 bytes, Stack size 0 bytes, sys_exit.o(.text))
<BR><BR>[Called By]<UL><LI><a href="#[fa]">&gt;&gt;</a>&nbsp;&nbsp;&nbsp;abort
<LI><a href="#[ed]">&gt;&gt;</a>&nbsp;&nbsp;&nbsp;__rt_exit_exit
<LI><a href="#[117]">&gt;&gt;</a>&nbsp;&nbsp;&nbsp;__sig_exit
</UL>

[...]
<LI><a href="#[251]">&gt;&gt;</a>&nbsp;&nbsp;&nbsp;bool std::__2::__function::__not_null[abi:nn190000]&lang;RemoteInit()::$_0&rang;(RemoteInit()::$_0 const&)
<LI><a href="#[24f]">&gt;&gt;</a>&nbsp;&nbsp;&nbsp;std::__2::__function::__policy_invoker&lang;void (HAL::UART::Data const&)&rang;::__policy_invoker__sub_object[abi:nn190000]()
<LI><a href="#[247]">&gt;&gt;</a>&nbsp;&nbsp;&nbsp;std::__2::__function::__policy::__create_empty[abi:nn190000]()
</UL>
<BR>[Called By]<UL><LI><a href="#[1bf]">&gt;&gt;</a>&nbsp;&nbsp;&nbsp;std::__2::function&lang;void (HAL::UART::Data const&)&rang;::function__sub_object&lang;RemoteInit()::$_0, void&rang;(RemoteInit()::$_0)
</UL>

<P><STRONG><a name="[251]"></a>bool std::__2::__function::__not_null[abi:nn190000]&lang;RemoteInit()::$_0&rang;(RemoteInit()::$_0 const&)</STRONG> (Thumb, 10 bytes, Stack size 4 bytes, remotetask.o(.text._ZNSt3__210__function10__not_nullB8nn190000IZ10RemoteInitvE3$_0EEbRKT_))
<BR><BR>[Stack]<UL><LI>Max Depth = 4<LI>Call Chain = bool std::__2::__function::__not_null[abi:nn190000]&lang;RemoteInit()::$_0&rang;(RemoteInit()::$_0 const&)
</UL>
<BR>[Called By]<UL><LI><a href="#[250]">&gt;&gt;</a>&nbsp;&nbsp;&nbsp;std::__2::__function::__policy_func&lang;void (HAL::UART::Data const&)&rang;::__policy_func__sub_object[abi:nn190000]&lang;RemoteInit()::$_0, 0&rang;(RemoteInit()::$_0&&)
</UL>

<P><STRONG><a name="[252]"></a>std::__2::__function::__policy_invoker&lang;void (HAL::UART::Data const&)&rang; std::__2::__function::__policy_invoker&lang;void (HAL::UART::Data const&)&rang;::__create[abi:nn190000]&lang;std::__2::__function::__default_alloc_func&lang;RemoteInit()::$_0, void (HAL::UART::Data const&)&rang;&rang;()</STRONG> (Thumb, 24 bytes, Stack size 16 bytes, remotetask.o(.text._ZNSt3__210__function16__policy_invokerIFvRKN3HAL4UART4DataEEE8__createB8nn190000INS0_20__default_alloc_funcIZ10RemoteInitvE3$_0S7_EEEES8_v))
<BR><BR>[Stack]<UL><LI>Max Depth = 24<LI>Call Chain = std::__2::__function::__policy_invoker&lang;void (HAL::UART::Data const&)&rang; std::__2::__function::__policy_invoker&lang;void (HAL::UART::Data const&)&rang;::__create[abi:nn190000]&lang;std::__2::__function::__default_alloc_func&lang;RemoteInit()::$_0, void (HAL::UART::Data const&)&rang;&rang;() &rArr; std::__2::__function::__policy_invoker&lang;void (HAL::UART::Data const&)&rang;::__policy_invoker__sub_object[abi:nn190000](void (*)(std::__2::__function::__policy_storage const*, HAL::UART::Data const&))
</UL>
<BR>[Calls]<UL><LI><a href="#[259]">&gt;&gt;</a>&nbsp;&nbsp;&nbsp;std::__2::__function::__policy_invoker&lang;void (HAL::UART::Data const&)&rang;::__policy_invoker__sub_object[abi:nn190000](void (*)(std::__2::__function::__policy_storage const*, HAL::UART::Data const&))
</UL>
<BR>[Called By]<UL><LI><a href="#[250]">&gt;&gt;</a>&nbsp;&nbsp;&nbsp;std::__2::__function::__policy_func&lang;void (HAL::UART::Data const&)&rang;::__policy_func__sub_object[abi:nn190000]&lang;RemoteInit()::$_0, 0&rang;(RemoteInit()::$_0&&)
</UL>

<P><STRONG><a name="[253]"></a>std::__2::__function::__policy const* std::__2::__function::__policy::__create[abi:nn190000]&lang;std::__2::__function::__default_alloc_func&lang;RemoteInit()::$_0, void (HAL::UART::Data const&)&rang;&rang;()</STRONG> (Thumb, 12 bytes, Stack size 16 bytes, remotetask.o(.text._ZNSt3__210__function8__policy8__createB8nn190000INS0_20__default_alloc_funcIZ10RemoteInitvE3$_0FvRKN3HAL4UART4DataEEEEEEPKS1_v))
<BR><BR>[Stack]<UL><LI>Max Depth = 20<LI>Call Chain = std::__2::__function::__policy const* std::__2::__function::__policy::__create[abi:nn190000]&lang;std::__2::__function::__default_alloc_func&lang;RemoteInit()::$_0, void (HAL::UART::Data const&)&rang;&rang;() &rArr; std::__2::__function::__policy const* std::__2::__function::__policy::__choose_policy[abi:nn190000]&lang;std::__2::__function::__default_alloc_func&lang;RemoteInit()::$_0, void (HAL::UART::Data const&)&rang;&rang;(std::__2::integral_constant&lang;bool, true&rang;)
</UL>
<BR>[Calls]<UL><LI><a href="#[25c]">&gt;&gt;</a>&nbsp;&nbsp;&nbsp;std::__2::__function::__policy const* std::__2::__function::__policy::__choose_policy[abi:nn190000]&lang;std::__2::__function::__default_alloc_func&lang;RemoteInit()::$_0, void (HAL::UART::Data const&)&rang;&rang;(std::__2::integral_constant&lang;bool, true&rang;)
</UL>
<BR>[Called By]<UL><LI><a href="#[250]">&gt;&gt;</a>&nbsp;&nbsp;&nbsp;std::__2::__function::__policy_func&lang;void (HAL::UART::Data const&)&rang;::__policy_func__sub_object[abi:nn190000]&lang;RemoteInit()::$_0, 0&rang;(RemoteInit()::$_0&&)
</UL>

<P><STRONG><a name="[254]"></a>std::__2::__function::__default_alloc_func&lang;RemoteInit()::$_0, void (HAL::UART::Data const&)&rang;::__default_alloc_func__sub_object[abi:nn190000](RemoteInit()::$_0&&)</STRONG> (Thumb, 12 bytes, Stack size 8 bytes, remotetask.o(.text._ZNSt3__210__function20__default_alloc_funcIZ10RemoteInitvE3$_0FvRKN3HAL4UART4DataEEEC2B8nn190000EOS2_))
<BR><BR>[Stack]<UL><LI>Max Depth = 8<LI>Call Chain = std::__2::__function::__default_alloc_func&lang;RemoteInit()::$_0, void (HAL::UART::Data const&)&rang;::__default_alloc_func__sub_object[abi:nn190000](RemoteInit()::$_0&&)
</UL>
<BR>[Called By]<UL><LI><a href="#[250]">&gt;&gt;</a>&nbsp;&nbsp;&nbsp;std::__2::__function::__policy_func&lang;void (HAL::UART::Data const&)&rang;::__policy_func__sub_object[abi:nn190000]&lang;RemoteInit()::$_0, 0&rang;(RemoteInit()::$_0&&)
</UL>

<P><STRONG><a name="[6a]"></a>void std::__2::__function::__policy_invoker&lang;void (HAL::UART::Data const&)&rang;::__call_impl[abi:nn190000]&lang;std::__2::__function::__default_alloc_func&lang;RemoteInit()::$_0, void (HAL::UART::Data const&)&rang;&rang;(std::__2::__function::__policy_storage const*, HAL::UART::Data const&)</STRONG> (Thumb, 24 bytes, Stack size 24 bytes, remotetask.o(.text._ZNSt3__210__function16__policy_invokerIFvRKN3HAL4UART4DataEEE11__call_implB8nn190000INS0_20__default_alloc_funcIZ10RemoteInitvE3$_0S7_EEEEvPKNS0_16__policy_storageES6_))
<BR><BR>[Stack]<UL><LI>Max Depth = 204<LI>Call Chain = void std::__2::__function::__policy_invoker&lang;void (HAL::UART::Data const&)&rang;::__call_impl[abi:nn190000]&lang;std::__2::__function::__default_alloc_func&lang;RemoteInit()::$_0, void (HAL::UART::Data const&)&rang;&rang;(std::__2::__function::__policy_storage const*, HAL::UART::Data const&) &rArr; std::__2::__function::__default_alloc_func&lang;RemoteInit()::$_0, void (HAL::UART::Data const&)&rang;::operator()[abi:nn190000](HAL::UART::Data const&) &rArr; void std::__2::__invoke_void_return_wrapper&lang;void, true&rang;::__call[abi:nn190000]&lang;RemoteInit()::$_0&, HAL::UART::Data const&&rang;(RemoteInit()::$_0&, HAL::UART::Data const&) &rArr; decltype(std::declval&lang;RemoteInit()::$_0&&rang;()(std::declval&lang;HAL::UART::Data const&&rang;())) std::__2::__invoke[abi:nn190000]&lang;RemoteInit()::$_0&, HAL::UART::Data const&&rang;(RemoteInit()::$_0&, HAL::UART::Data const&) &rArr; RemoteInit()::$_0::operator()(HAL::UART::Data const&) const &rArr; BSP::REMOTE_CONTROL::RemoteController::parseData(unsigned char const*) &rArr; BSP::REMOTE_CONTROL::RemoteController::mapChannelValue(unsigned short) const &rArr; short const& std::__2::min[abi:nn190000]&lang;short&rang;(short const&, short const&) &rArr; short const& std::__2::min[abi:nn190000]&lang;short, std::__2::__less&lang;void, void&rang;&rang;(short const&, short const&, std::__2::__less&lang;void, void&rang;) &rArr; bool std::__2::__less&lang;void, void&rang;::operator()[abi:nn190000]&lang;short, short&rang;(short const&, short const&) const
</UL>
<BR>[Calls]<UL><LI><a href="#[258]">&gt;&gt;</a>&nbsp;&nbsp;&nbsp;std::__2::__function::__default_alloc_func&lang;RemoteInit()::$_0, void (HAL::UART::Data const&)&rang;::operator()[abi:nn190000](HAL::UART::Data const&)
</UL>
<BR>[Address Reference Count : 1]<UL><LI> remotetask.o(.text._ZNSt3__210__function16__policy_invokerIFvRKN3HAL4UART4DataEEE8__createB8nn190000INS0_20__default_alloc_funcIZ10RemoteInitvE3$_0S7_EEEES8_v)
</UL>
<P><STRONG><a name="[25c]"></a>std::__2::__function::__policy const* std::__2::__function::__policy::__choose_policy[abi:nn190000]&lang;std::__2::__function::__default_alloc_func&lang;RemoteInit()::$_0, void (HAL::UART::Data const&)&rang;&rang;(std::__2::integral_constant&lang;bool, true&rang;)</STRONG> (Thumb, 14 bytes, Stack size 4 bytes, remotetask.o(.text._ZNSt3__210__function8__policy15__choose_policyB8nn190000INS0_20__default_alloc_funcIZ10RemoteInitvE3$_0FvRKN3HAL4UART4DataEEEEEEPKS1_NS_17integral_constantIbLb1EEE))
<BR><BR>[Stack]<UL><LI>Max Depth = 4<LI>Call Chain = std::__2::__function::__policy const* std::__2::__function::__policy::__choose_policy[abi:nn190000]&lang;std::__2::__function::__default_alloc_func&lang;RemoteInit()::$_0, void (HAL::UART::Data const&)&rang;&rang;(std::__2::integral_constant&lang;bool, true&rang;)
</UL>
<BR>[Called By]<UL><LI><a href="#[253]">&gt;&gt;</a>&nbsp;&nbsp;&nbsp;std::__2::__function::__policy const* std::__2::__function::__policy::__create[abi:nn190000]&lang;std::__2::__function::__default_alloc_func&lang;RemoteInit()::$_0, void (HAL::UART::Data const&)&rang;&rang;()
</UL>

<P><STRONG><a name="[258]"></a>std::__2::__function::__default_alloc_func&lang;RemoteInit()::$_0, void (HAL::UART::Data const&)&rang;::operator()[abi:nn190000](HAL::UART::Data const&)</STRONG> (Thumb, 20 bytes, Stack size 16 bytes, remotetask.o(.text._ZNSt3__210__function20__default_alloc_funcIZ10RemoteInitvE3$_0FvRKN3HAL4UART4DataEEEclB8nn190000ES7_))
<BR><BR>[Stack]<UL><LI>Max Depth = 180<LI>Call Chain = std::__2::__function::__default_alloc_func&lang;RemoteInit()::$_0, void (HAL::UART::Data const&)&rang;::operator()[abi:nn190000](HAL::UART::Data const&) &rArr; void std::__2::__invoke_void_return_wrapper&lang;void, true&rang;::__call[abi:nn190000]&lang;RemoteInit()::$_0&, HAL::UART::Data const&&rang;(RemoteInit()::$_0&, HAL::UART::Data const&) &rArr; decltype(std::declval&lang;RemoteInit()::$_0&&rang;()(std::declval&lang;HAL::UART::Data const&&rang;())) std::__2::__invoke[abi:nn190000]&lang;RemoteInit()::$_0&, HAL::UART::Data const&&rang;(RemoteInit()::$_0&, HAL::UART::Data const&) &rArr; RemoteInit()::$_0::operator()(HAL::UART::Data const&) const &rArr; BSP::REMOTE_CONTROL::RemoteController::parseData(unsigned char const*) &rArr; BSP::REMOTE_CONTROL::RemoteController::mapChannelValue(unsigned short) const &rArr; short const& std::__2::min[abi:nn190000]&lang;short&rang;(short const&, short const&) &rArr; short const& std::__2::min[abi:nn190000]&lang;short, std::__2::__less&lang;void, void&rang;&rang;(short const&, short const&, std::__2::__less&lang;void, void&rang;) &rArr; bool std::__2::__less&lang;void, void&rang;::operator()[abi:nn190000]&lang;short, short&rang;(short const&, short const&) const
</UL>
<BR>[Calls]<UL><LI><a href="#[25a]">&gt;&gt;</a>&nbsp;&nbsp;&nbsp;void std::__2::__invoke_void_return_wrapper&lang;void, true&rang;::__call[abi:nn190000]&lang;RemoteInit()::$_0&, HAL::UART::Data const&&rang;(RemoteInit()::$_0&, HAL::UART::Data const&)
</UL>
<BR>[Called By]<UL><LI><a href="#[6a]">&gt;&gt;</a>&nbsp;&nbsp;&nbsp;void std::__2::__function::__policy_invoker&lang;void (HAL::UART::Data const&)&rang;::__call_impl[abi:nn190000]&lang;std::__2::__function::__default_alloc_func&lang;RemoteInit()::$_0, void (HAL::UART::Data const&)&rang;&rang;(std::__2::__function::__policy_storage const*, HAL::UART::Data const&)
</UL>

<P><STRONG><a name="[25a]"></a>void std::__2::__invoke_void_return_wrapper&lang;void, true&rang;::__call[abi:nn190000]&lang;RemoteInit()::$_0&, HAL::UART::Data const&&rang;(RemoteInit()::$_0&, HAL::UART::Data const&)</STRONG> (Thumb, 20 bytes, Stack size 16 bytes, remotetask.o(.text._ZNSt3__228__invoke_void_return_wrapperIvLb1EE6__callB8nn190000IJRZ10RemoteInitvE3$_0RKN3HAL4UART4DataEEEEvDpOT_))
<BR><BR>[Stack]<UL><LI>Max Depth = 164<LI>Call Chain = void std::__2::__invoke_void_return_wrapper&lang;void, true&rang;::__call[abi:nn190000]&lang;RemoteInit()::$_0&, HAL::UART::Data const&&rang;(RemoteInit()::$_0&, HAL::UART::Data const&) &rArr; decltype(std::declval&lang;RemoteInit()::$_0&&rang;()(std::declval&lang;HAL::UART::Data const&&rang;())) std::__2::__invoke[abi:nn190000]&lang;RemoteInit()::$_0&, HAL::UART::Data const&&rang;(RemoteInit()::$_0&, HAL::UART::Data const&) &rArr; RemoteInit()::$_0::operator()(HAL::UART::Data const&) const &rArr; BSP::REMOTE_CONTROL::RemoteController::parseData(unsigned char const*) &rArr; BSP::REMOTE_CONTROL::RemoteController::mapChannelValue(unsigned short) const &rArr; short const& std::__2::min[abi:nn190000]&lang;short&rang;(short const&, short const&) &rArr; short const& std::__2::min[abi:nn190000]&lang;short, std::__2::__less&lang;void, void&rang;&rang;(short const&, short const&, std::__2::__less&lang;void, void&rang;) &rArr; bool std::__2::__less&lang;void, void&rang;::operator()[abi:nn190000]&lang;short, short&rang;(short const&, short const&) const
</UL>
<BR>[Calls]<UL><LI><a href="#[2b2]">&gt;&gt;</a>&nbsp;&nbsp;&nbsp;decltype(std::declval&lang;RemoteInit()::$_0&&rang;()(std::declval&lang;HAL::UART::Data const&&rang;())) std::__2::__invoke[abi:nn190000]&lang;RemoteInit()::$_0&, HAL::UART::Data const&&rang;(RemoteInit()::$_0&, HAL::UART::Data const&)
</UL>
<BR>[Called By]<UL><LI><a href="#[258]">&gt;&gt;</a>&nbsp;&nbsp;&nbsp;std::__2::__function::__default_alloc_func&lang;RemoteInit()::$_0, void (HAL::UART::Data const&)&rang;::operator()[abi:nn190000](HAL::UART::Data const&)
</UL>

<P><STRONG><a name="[2b2]"></a>decltype(std::declval&lang;RemoteInit()::$_0&&rang;()(std::declval&lang;HAL::UART::Data const&&rang;())) std::__2::__invoke[abi:nn190000]&lang;RemoteInit()::$_0&, HAL::UART::Data const&&rang;(RemoteInit()::$_0&, HAL::UART::Data const&)</STRONG> (Thumb, 20 bytes, Stack size 16 bytes, remotetask.o(.text._ZNSt3__28__invokeB8nn190000IRZ10RemoteInitvE3$_0JRKN3HAL4UART4DataEEEEDTclclsr3stdE7declvalIT_EEspclsr3stdE7declvalIT0_EEEEOS8_DpOS9_))
<BR><BR>[Stack]<UL><LI>Max Depth = 148<LI>Call Chain = decltype(std::declval&lang;RemoteInit()::$_0&&rang;()(std::declval&lang;HAL::UART::Data const&&rang;())) std::__2::__invoke[abi:nn190000]&lang;RemoteInit()::$_0&, HAL::UART::Data const&&rang;(RemoteInit()::$_0&, HAL::UART::Data const&) &rArr; RemoteInit()::$_0::operator()(HAL::UART::Data const&) const &rArr; BSP::REMOTE_CONTROL::RemoteController::parseData(unsigned char const*) &rArr; BSP::REMOTE_CONTROL::RemoteController::mapChannelValue(unsigned short) const &rArr; short const& std::__2::min[abi:nn190000]&lang;short&rang;(short const&, short const&) &rArr; short const& std::__2::min[abi:nn190000]&lang;short, std::__2::__less&lang;void, void&rang;&rang;(short const&, short const&, std::__2::__less&lang;void, void&rang;) &rArr; bool std::__2::__less&lang;void, void&rang;::operator()[abi:nn190000]&lang;short, short&rang;(short const&, short const&) const
</UL>
<BR>[Calls]<UL><LI><a href="#[2e6]">&gt;&gt;</a>&nbsp;&nbsp;&nbsp;RemoteInit()::$_0::operator()(HAL::UART::Data const&) const
</UL>
<BR>[Called By]<UL><LI><a href="#[25a]">&gt;&gt;</a>&nbsp;&nbsp;&nbsp;void std::__2::__invoke_void_return_wrapper&lang;void, true&rang;::__call[abi:nn190000]&lang;RemoteInit()::$_0&, HAL::UART::Data const&&rang;(RemoteInit()::$_0&, HAL::UART::Data const&)
</UL>

<P><STRONG><a name="[2e6]"></a>RemoteInit()::$_0::operator()(HAL::UART::Data const&) const</STRONG> (Thumb, 48 bytes, Stack size 16 bytes, remotetask.o(.text._ZZ10RemoteInitvENK3$_0clERKN3HAL4UART4DataE))
<BR><BR>[Stack]<UL><LI>Max Depth = 132<LI>Call Chain = RemoteInit()::$_0::operator()(HAL::UART::Data const&) const &rArr; BSP::REMOTE_CONTROL::RemoteController::parseData(unsigned char const*) &rArr; BSP::REMOTE_CONTROL::RemoteController::mapChannelValue(unsigned short) const &rArr; short const& std::__2::min[abi:nn190000]&lang;short&rang;(short const&, short const&) &rArr; short const& std::__2::min[abi:nn190000]&lang;short, std::__2::__less&lang;void, void&rang;&rang;(short const&, short const&, std::__2::__less&lang;void, void&rang;) &rArr; bool std::__2::__less&lang;void, void&rang;::operator()[abi:nn190000]&lang;short, short&rang;(short const&, short const&) const
</UL>
<BR>[Calls]<UL><LI><a href="#[1d9]">&gt;&gt;</a>&nbsp;&nbsp;&nbsp;BSP::REMOTE_CONTROL::RemoteController::parseData(unsigned char const*)
</UL>
<BR>[Called By]<UL><LI><a href="#[2b2]">&gt;&gt;</a>&nbsp;&nbsp;&nbsp;decltype(std::declval&lang;RemoteInit()::$_0&&rang;()(std::declval&lang;HAL::UART::Data const&&rang;())) std::__2::__invoke[abi:nn190000]&lang;RemoteInit()::$_0&, HAL::UART::Data const&&rang;(RemoteInit()::$_0&, HAL::UART::Data const&)
</UL>

<P><STRONG><a name="[ac]"></a>_GLOBAL__sub_I_RemoteTask.cpp</STRONG> (Thumb, 8 bytes, Stack size 8 bytes, remotetask.o(.text._GLOBAL__sub_I_RemoteTask.cpp))
<BR><BR>[Stack]<UL><LI>Max Depth = 68<LI>Call Chain = _GLOBAL__sub_I_RemoteTask.cpp &rArr; __cxx_global_var_init &rArr; BSP::REMOTE_CONTROL::RemoteController::RemoteController__sub_object(int) &rArr; BSP::WATCH_STATE::StateWatch::StateWatch__sub_object(unsigned int) &rArr; BSP::WATCH_STATE::buzzer::buzzer__sub_object()
</UL>
<BR>[Calls]<UL><LI><a href="#[1be]">&gt;&gt;</a>&nbsp;&nbsp;&nbsp;__cxx_global_var_init
</UL>
<BR>[Address Reference Count : 1]<UL><LI> remotetask.o(.init_array)
</UL>
<P><STRONG><a name="[334]"></a>_dadd1</STRONG> (Thumb, 0 bytes, Stack size unknown bytes, daddsub_clz.o(x$fpl$dadd), UNUSED)
<BR><BR>[Called By]<UL><LI><a href="#[333]">&gt;&gt;</a>&nbsp;&nbsp;&nbsp;_dsub
</UL>

<P><STRONG><a name="[32b]"></a>_dsub1</STRONG> (Thumb, 0 bytes, Stack size unknown bytes, daddsub_clz.o(x$fpl$dsub), UNUSED)
<BR><BR>[Called By]<UL><LI><a href="#[32a]">&gt;&gt;</a>&nbsp;&nbsp;&nbsp;_dadd
</UL>

<P><STRONG><a name="[1c7]"></a>operator_new_impl(unsigned int)</STRONG> (Thumb, 38 bytes, Stack size 8 bytes, new.cpp.o(.text._ZL17operator_new_implj))
<BR><BR>[Stack]<UL><LI>Max Depth = 56<LI>Call Chain = operator_new_impl(unsigned int) &rArr; malloc &rArr; __Heap_Full &rArr; __Heap_ProvideMemory &rArr; free
</UL>
<BR>[Calls]<UL><LI><a href="#[f3]">&gt;&gt;</a>&nbsp;&nbsp;&nbsp;malloc
<LI><a href="#[1c8]">&gt;&gt;</a>&nbsp;&nbsp;&nbsp;std::get_new_handler()
</UL>
<BR>[Called By]<UL><LI><a href="#[2a7]">&gt;&gt;</a>&nbsp;&nbsp;&nbsp;operator new(unsigned int)
</UL>

<P><STRONG><a name="[1c9]"></a>operator_new_aligned_impl(unsigned int, std::align_val_t)</STRONG> (Thumb, 74 bytes, Stack size 24 bytes, new.cpp.o(.text._ZL25operator_new_aligned_impljSt11align_val_t))
<BR><BR>[Stack]<UL><LI>Max Depth = 88<LI>Call Chain = operator_new_aligned_impl(unsigned int, std::align_val_t) &rArr; posix_memalign &rArr; __Heap_Full &rArr; __Heap_ProvideMemory &rArr; free
</UL>
<BR>[Calls]<UL><LI><a href="#[f7]">&gt;&gt;</a>&nbsp;&nbsp;&nbsp;posix_memalign
<LI><a href="#[1c8]">&gt;&gt;</a>&nbsp;&nbsp;&nbsp;std::get_new_handler()
</UL>
<BR>[Called By]<UL><LI><a href="#[2a8]">&gt;&gt;</a>&nbsp;&nbsp;&nbsp;operator new(unsigned int, std::align_val_t)
</UL>

<P><STRONG><a name="[11a]"></a>_fp_digits</STRONG> (Thumb, 432 bytes, Stack size 96 bytes, _printf_fp_dec.o(.text))
<BR><BR>[Stack]<UL><LI>Max Depth = 220<LI>Call Chain = _fp_digits &rArr; _btod_etento &rArr; _btod_emul &rArr; _e2e
</UL>
<BR>[Calls]<UL><LI><a href="#[11e]">&gt;&gt;</a>&nbsp;&nbsp;&nbsp;_btod_emul
<LI><a href="#[11d]">&gt;&gt;</a>&nbsp;&nbsp;&nbsp;_btod_ediv
<LI><a href="#[11c]">&gt;&gt;</a>&nbsp;&nbsp;&nbsp;_btod_d2e
<LI><a href="#[11b]">&gt;&gt;</a>&nbsp;&nbsp;&nbsp;_btod_etento
<LI><a href="#[10b]">&gt;&gt;</a>&nbsp;&nbsp;&nbsp;_ll_udiv10
</UL>
<BR>[Called By]<UL><LI><a href="#[11f]">&gt;&gt;</a>&nbsp;&nbsp;&nbsp;_printf_fp_dec_real
</UL>

<P><STRONG><a name="[5e]"></a>_printf_input_char</STRONG> (Thumb, 10 bytes, Stack size 0 bytes, _printf_char_common.o(.text))
<BR>[Address Reference Count : 1]<UL><LI> _printf_char_common.o(.text)
</UL><P>
<H3>
Undefined Global Symbols
</H3><HR></body></html>
